Archive member included to satisfy reference by file (symbol)

c:/program files (x86)/atmel/studio/7.0/toolchain/avr8/avr8-gnu-toolchain/bin/../lib/gcc/avr/5.4.0/../../../../avr/lib/avr5\libm.a(fixunssfsi.o)
                              dds.o (__fixunssfsi)
c:/program files (x86)/atmel/studio/7.0/toolchain/avr8/avr8-gnu-toolchain/bin/../lib/gcc/avr/5.4.0/../../../../avr/lib/avr5\libm.a(floatsisf.o)
                              vfo.o (__floatunsisf)
c:/program files (x86)/atmel/studio/7.0/toolchain/avr8/avr8-gnu-toolchain/bin/../lib/gcc/avr/5.4.0/../../../../avr/lib/avr5\libm.a(fp_split3.o)
                              c:/program files (x86)/atmel/studio/7.0/toolchain/avr8/avr8-gnu-toolchain/bin/../lib/gcc/avr/5.4.0/../../../../avr/lib/avr5\libm.a(fixunssfsi.o) (__fp_splitA)
c:/program files (x86)/atmel/studio/7.0/toolchain/avr8/avr8-gnu-toolchain/bin/../lib/gcc/avr/5.4.0/../../../../avr/lib/avr5\libm.a(fp_zero.o)
                              c:/program files (x86)/atmel/studio/7.0/toolchain/avr8/avr8-gnu-toolchain/bin/../lib/gcc/avr/5.4.0/../../../../avr/lib/avr5\libm.a(fixunssfsi.o) (__fp_zero)
c:/program files (x86)/atmel/studio/7.0/toolchain/avr8/avr8-gnu-toolchain/bin/../lib/gcc/avr/5.4.0/../../../../avr/lib/avr5\libm.a(mulsf3.o)
                              dds.o (__mulsf3)
c:/program files (x86)/atmel/studio/7.0/toolchain/avr8/avr8-gnu-toolchain/bin/../lib/gcc/avr/5.4.0/../../../../avr/lib/avr5\libm.a(mulsf3x.o)
                              c:/program files (x86)/atmel/studio/7.0/toolchain/avr8/avr8-gnu-toolchain/bin/../lib/gcc/avr/5.4.0/../../../../avr/lib/avr5\libm.a(mulsf3.o) (__mulsf3x)
c:/program files (x86)/atmel/studio/7.0/toolchain/avr8/avr8-gnu-toolchain/bin/../lib/gcc/avr/5.4.0/../../../../avr/lib/avr5\libm.a(fp_inf.o)
                              c:/program files (x86)/atmel/studio/7.0/toolchain/avr8/avr8-gnu-toolchain/bin/../lib/gcc/avr/5.4.0/../../../../avr/lib/avr5\libm.a(mulsf3x.o) (__fp_inf)
c:/program files (x86)/atmel/studio/7.0/toolchain/avr8/avr8-gnu-toolchain/bin/../lib/gcc/avr/5.4.0/../../../../avr/lib/avr5\libm.a(fp_nan.o)
                              c:/program files (x86)/atmel/studio/7.0/toolchain/avr8/avr8-gnu-toolchain/bin/../lib/gcc/avr/5.4.0/../../../../avr/lib/avr5\libm.a(mulsf3x.o) (__fp_nan)
c:/program files (x86)/atmel/studio/7.0/toolchain/avr8/avr8-gnu-toolchain/bin/../lib/gcc/avr/5.4.0/../../../../avr/lib/avr5\libm.a(fp_pscA.o)
                              c:/program files (x86)/atmel/studio/7.0/toolchain/avr8/avr8-gnu-toolchain/bin/../lib/gcc/avr/5.4.0/../../../../avr/lib/avr5\libm.a(mulsf3x.o) (__fp_pscA)
c:/program files (x86)/atmel/studio/7.0/toolchain/avr8/avr8-gnu-toolchain/bin/../lib/gcc/avr/5.4.0/../../../../avr/lib/avr5\libm.a(fp_pscB.o)
                              c:/program files (x86)/atmel/studio/7.0/toolchain/avr8/avr8-gnu-toolchain/bin/../lib/gcc/avr/5.4.0/../../../../avr/lib/avr5\libm.a(mulsf3x.o) (__fp_pscB)
c:/program files (x86)/atmel/studio/7.0/toolchain/avr8/avr8-gnu-toolchain/bin/../lib/gcc/avr/5.4.0/../../../../avr/lib/avr5\libm.a(fp_round.o)
                              c:/program files (x86)/atmel/studio/7.0/toolchain/avr8/avr8-gnu-toolchain/bin/../lib/gcc/avr/5.4.0/../../../../avr/lib/avr5\libm.a(mulsf3.o) (__fp_round)
C:\Tims\MyArduinoProjects\dds6\dds6\dds6\ArduinoCore\Release\libArduinoCore.a(main.o)
                              C:/Program Files (x86)/Atmel/Studio/7.0/Packs/atmel/ATmega_DFP/1.2.150/gcc/dev/atmega328p/avr5/crtatmega328p.o (main)
C:\Tims\MyArduinoProjects\dds6\dds6\dds6\ArduinoCore\Release\libArduinoCore.a(new.o)
                              Encoder.o (_Znwj)
C:\Tims\MyArduinoProjects\dds6\dds6\dds6\ArduinoCore\Release\libArduinoCore.a(wiring.o)
                              C:\Tims\MyArduinoProjects\dds6\dds6\dds6\ArduinoCore\Release\libArduinoCore.a(main.o) (init)
C:\Tims\MyArduinoProjects\dds6\dds6\dds6\ArduinoCore\Release\libArduinoCore.a(hooks.o)
                              C:\Tims\MyArduinoProjects\dds6\dds6\dds6\ArduinoCore\Release\libArduinoCore.a(wiring.o) (yield)
c:/program files (x86)/atmel/studio/7.0/toolchain/avr8/avr8-gnu-toolchain/bin/../lib/gcc/avr/5.4.0/avr5\libgcc.a(_mulsi3.o)
                              vfo.o (__mulsi3)
c:/program files (x86)/atmel/studio/7.0/toolchain/avr8/avr8-gnu-toolchain/bin/../lib/gcc/avr/5.4.0/avr5\libgcc.a(_udivmodsi4.o)
                              vfo.o (__udivmodsi4)
c:/program files (x86)/atmel/studio/7.0/toolchain/avr8/avr8-gnu-toolchain/bin/../lib/gcc/avr/5.4.0/avr5\libgcc.a(_exit.o)
                              C:/Program Files (x86)/Atmel/Studio/7.0/Packs/atmel/ATmega_DFP/1.2.150/gcc/dev/atmega328p/avr5/crtatmega328p.o (exit)
c:/program files (x86)/atmel/studio/7.0/toolchain/avr8/avr8-gnu-toolchain/bin/../lib/gcc/avr/5.4.0/avr5\libgcc.a(_copy_data.o)
                              ElapsedTime.o (__do_copy_data)
c:/program files (x86)/atmel/studio/7.0/toolchain/avr8/avr8-gnu-toolchain/bin/../lib/gcc/avr/5.4.0/avr5\libgcc.a(_clear_bss.o)
                              clock.o (__do_clear_bss)
c:/program files (x86)/atmel/studio/7.0/toolchain/avr8/avr8-gnu-toolchain/bin/../lib/gcc/avr/5.4.0/avr5\libgcc.a(_muluhisi3.o)
                              vfo.o (__muluhisi3)
c:/program files (x86)/atmel/studio/7.0/toolchain/avr8/avr8-gnu-toolchain/bin/../lib/gcc/avr/5.4.0/avr5\libgcc.a(_mulshisi3.o)
                              vfo.o (__mulshisi3)
c:/program files (x86)/atmel/studio/7.0/toolchain/avr8/avr8-gnu-toolchain/bin/../lib/gcc/avr/5.4.0/avr5\libgcc.a(_umulhisi3.o)
                              c:/program files (x86)/atmel/studio/7.0/toolchain/avr8/avr8-gnu-toolchain/bin/../lib/gcc/avr/5.4.0/avr5\libgcc.a(_muluhisi3.o) (__umulhisi3)
c:/program files (x86)/atmel/studio/7.0/toolchain/avr8/avr8-gnu-toolchain/bin/../lib/gcc/avr/5.4.0/../../../../avr/lib/avr5\libc.a(malloc.o)
                              C:\Tims\MyArduinoProjects\dds6\dds6\dds6\ArduinoCore\Release\libArduinoCore.a(new.o) (malloc)
c:/program files (x86)/atmel/studio/7.0/toolchain/avr8/avr8-gnu-toolchain/bin/../lib/gcc/avr/5.4.0/../../../../avr/lib/avr5\libc.a(strcpy.o)
                              dds6.o (strcpy)
c:/program files (x86)/atmel/studio/7.0/toolchain/avr8/avr8-gnu-toolchain/bin/../lib/gcc/avr/5.4.0/../../../../avr/lib/avr5\libc.a(fprintf.o)
                              dds6.o (fprintf)
c:/program files (x86)/atmel/studio/7.0/toolchain/avr8/avr8-gnu-toolchain/bin/../lib/gcc/avr/5.4.0/../../../../avr/lib/avr5\libc.a(sprintf.o)
                              params.o (sprintf)
c:/program files (x86)/atmel/studio/7.0/toolchain/avr8/avr8-gnu-toolchain/bin/../lib/gcc/avr/5.4.0/../../../../avr/lib/avr5\libc.a(vfprintf_std.o)
                              c:/program files (x86)/atmel/studio/7.0/toolchain/avr8/avr8-gnu-toolchain/bin/../lib/gcc/avr/5.4.0/../../../../avr/lib/avr5\libc.a(fprintf.o) (vfprintf)
c:/program files (x86)/atmel/studio/7.0/toolchain/avr8/avr8-gnu-toolchain/bin/../lib/gcc/avr/5.4.0/../../../../avr/lib/avr5\libc.a(strnlen_P.o)
                              c:/program files (x86)/atmel/studio/7.0/toolchain/avr8/avr8-gnu-toolchain/bin/../lib/gcc/avr/5.4.0/../../../../avr/lib/avr5\libc.a(vfprintf_std.o) (strnlen_P)
c:/program files (x86)/atmel/studio/7.0/toolchain/avr8/avr8-gnu-toolchain/bin/../lib/gcc/avr/5.4.0/../../../../avr/lib/avr5\libc.a(strnlen.o)
                              c:/program files (x86)/atmel/studio/7.0/toolchain/avr8/avr8-gnu-toolchain/bin/../lib/gcc/avr/5.4.0/../../../../avr/lib/avr5\libc.a(vfprintf_std.o) (strnlen)
c:/program files (x86)/atmel/studio/7.0/toolchain/avr8/avr8-gnu-toolchain/bin/../lib/gcc/avr/5.4.0/../../../../avr/lib/avr5\libc.a(fputc.o)
                              c:/program files (x86)/atmel/studio/7.0/toolchain/avr8/avr8-gnu-toolchain/bin/../lib/gcc/avr/5.4.0/../../../../avr/lib/avr5\libc.a(vfprintf_std.o) (fputc)
c:/program files (x86)/atmel/studio/7.0/toolchain/avr8/avr8-gnu-toolchain/bin/../lib/gcc/avr/5.4.0/../../../../avr/lib/avr5\libc.a(ultoa_invert.o)
                              c:/program files (x86)/atmel/studio/7.0/toolchain/avr8/avr8-gnu-toolchain/bin/../lib/gcc/avr/5.4.0/../../../../avr/lib/avr5\libc.a(vfprintf_std.o) (__ultoa_invert)
c:/program files (x86)/atmel/studio/7.0/toolchain/avr8/avr8-gnu-toolchain/bin/../lib/gcc/avr/5.4.0/avr5\libgcc.a(_prologue.o)
                              c:/program files (x86)/atmel/studio/7.0/toolchain/avr8/avr8-gnu-toolchain/bin/../lib/gcc/avr/5.4.0/../../../../avr/lib/avr5\libc.a(fprintf.o) (__prologue_saves__)
c:/program files (x86)/atmel/studio/7.0/toolchain/avr8/avr8-gnu-toolchain/bin/../lib/gcc/avr/5.4.0/avr5\libgcc.a(_epilogue.o)
                              c:/program files (x86)/atmel/studio/7.0/toolchain/avr8/avr8-gnu-toolchain/bin/../lib/gcc/avr/5.4.0/../../../../avr/lib/avr5\libc.a(fprintf.o) (__epilogue_restores__)

Allocating common symbols
Common symbol       size              file

__brkval            0x2               c:/program files (x86)/atmel/studio/7.0/toolchain/avr8/avr8-gnu-toolchain/bin/../lib/gcc/avr/5.4.0/../../../../avr/lib/avr5\libc.a(malloc.o)
__flp               0x2               c:/program files (x86)/atmel/studio/7.0/toolchain/avr8/avr8-gnu-toolchain/bin/../lib/gcc/avr/5.4.0/../../../../avr/lib/avr5\libc.a(malloc.o)

Discarded input sections

 .data          0x00000000        0x0 C:/Program Files (x86)/Atmel/Studio/7.0/Packs/atmel/ATmega_DFP/1.2.150/gcc/dev/atmega328p/avr5/crtatmega328p.o
 .bss           0x00000000        0x0 C:/Program Files (x86)/Atmel/Studio/7.0/Packs/atmel/ATmega_DFP/1.2.150/gcc/dev/atmega328p/avr5/crtatmega328p.o
 .text          0x00000000        0x0 clock.o
 .data          0x00000000        0x0 clock.o
 .bss           0x00000000        0x0 clock.o
 .text._ZN5Clock15registerOneshotEP8Callback
                0x00000000       0x36 clock.o
 .text._ZN5Clock14cancelPeriodicEi
                0x00000000       0x16 clock.o
 .text._ZN5Clock13cancelOneshotEi
                0x00000000       0x16 clock.o
 .text._ZN5ClockD2Ev
                0x00000000        0x2 clock.o
 .text          0x00000000        0x0 dds.o
 .data          0x00000000        0x0 dds.o
 .bss           0x00000000        0x0 dds.o
 .group         0x00000000        0x8 ElapsedTime.o
 .text          0x00000000        0x0 ElapsedTime.o
 .data          0x00000000        0x0 ElapsedTime.o
 .bss           0x00000000        0x0 ElapsedTime.o
 .group         0x00000000        0x8 Encoder.o
 .text          0x00000000        0x0 Encoder.o
 .data          0x00000000        0x0 Encoder.o
 .bss           0x00000000        0x0 Encoder.o
 .data          0x00000000        0x0 font.o
 .bss           0x00000000        0x0 font.o
 .text          0x00000000        0x0 graphics.o
 .data          0x00000000        0x0 graphics.o
 .bss           0x00000000        0x0 graphics.o
 .text._ZN8Graphics10draw2xCharEchh
                0x00000000       0x36 graphics.o
 .text._ZN8Graphics6puts2xEPchh
                0x00000000       0x46 graphics.o
 .group         0x00000000        0x8 led.o
 .text          0x00000000        0x0 led.o
 .data          0x00000000        0x0 led.o
 .bss           0x00000000        0x0 led.o
 .text._ZN3LedC2Ev
                0x00000000       0x14 led.o
 .text._ZN3Led6toggleEv
                0x00000000       0x22 led.o
 .text._ZN3Led8callbackEv
                0x00000000       0x16 led.o
 .text._ZN3Led10is_led_setEv
                0x00000000        0x6 led.o
 .text._ZN3Led2onEv
                0x00000000       0x20 led.o
 .text._ZN3Led3offEv
                0x00000000       0x20 led.o
 .rodata._ZTV3Led
                0x00000000        0x6 led.o
 .debug_info    0x00000000      0x577 led.o
 .debug_abbrev  0x00000000      0x2a2 led.o
 .debug_loc     0x00000000      0x1bc led.o
 .debug_aranges
                0x00000000       0x48 led.o
 .debug_ranges  0x00000000       0x38 led.o
 .debug_line    0x00000000      0x19e led.o
 .debug_str     0x00000000      0x46e led.o
 .comment       0x00000000       0x31 led.o
 .debug_frame   0x00000000       0xa4 led.o
 .text          0x00000000        0x0 dds6.o
 .data          0x00000000        0x0 dds6.o
 .bss           0x00000000        0x0 dds6.o
 .data.uart_str
                0x00000000        0xe dds6.o
 .text          0x00000000        0x0 lcd.o
 .data          0x00000000        0x0 lcd.o
 .bss           0x00000000        0x0 lcd.o
 .text._ZN3Lcd10setFgColorEhhh
                0x00000000        0xc lcd.o
 .text._ZN3Lcd10setBgColorEhhh
                0x00000000        0xc lcd.o
 .text._ZN3Lcd3offEv
                0x00000000       0x10 lcd.o
 .text._ZN3Lcd6clrEolEv
                0x00000000       0x18 lcd.o
 .text._ZN3Lcd10drawCursorEh
                0x00000000       0x58 lcd.o
 .text          0x00000000        0x0 params.o
 .data          0x00000000        0x0 params.o
 .bss           0x00000000        0x0 params.o
 .text._ZN6params12getActiveVfoEv
                0x00000000        0x6 params.o
 .group         0x00000000        0x8 sw.o
 .text          0x00000000        0x0 sw.o
 .data          0x00000000        0x0 sw.o
 .bss           0x00000000        0x0 sw.o
 .text          0x00000000        0x0 uart.o
 .data          0x00000000        0x0 uart.o
 .bss           0x00000000        0x0 uart.o
 .text.uart_init
                0x00000000       0x18 uart.o
 .text.uart_getc
                0x00000000       0x10 uart.o
 .text.uart_putc
                0x00000000       0x22 uart.o
 .text.uart_puts
                0x00000000       0x1c uart.o
 .text.uart_gets
                0x00000000       0x36 uart.o
 .text.hasChar  0x00000000        0x8 uart.o
 .debug_info    0x00000000      0x287 uart.o
 .debug_abbrev  0x00000000      0x16f uart.o
 .debug_loc     0x00000000      0x1f8 uart.o
 .debug_aranges
                0x00000000       0x48 uart.o
 .debug_ranges  0x00000000       0x38 uart.o
 .debug_line    0x00000000      0x183 uart.o
 .debug_str     0x00000000      0x218 uart.o
 .comment       0x00000000       0x31 uart.o
 .debug_frame   0x00000000       0xa8 uart.o
 .text          0x00000000        0x0 vfo.o
 .data          0x00000000        0x0 vfo.o
 .bss           0x00000000        0x0 vfo.o
 .text._ZN3vfo7getStepEv
                0x00000000        0xa vfo.o
 .text._ZN3vfo16getRxDisplayFreqEPc5_band
                0x00000000       0x68 vfo.o
 .text          0x00000000        0x0 c:/program files (x86)/atmel/studio/7.0/toolchain/avr8/avr8-gnu-toolchain/bin/../lib/gcc/avr/5.4.0/../../../../avr/lib/avr5\libm.a(fixunssfsi.o)
 .data          0x00000000        0x0 c:/program files (x86)/atmel/studio/7.0/toolchain/avr8/avr8-gnu-toolchain/bin/../lib/gcc/avr/5.4.0/../../../../avr/lib/avr5\libm.a(fixunssfsi.o)
 .bss           0x00000000        0x0 c:/program files (x86)/atmel/studio/7.0/toolchain/avr8/avr8-gnu-toolchain/bin/../lib/gcc/avr/5.4.0/../../../../avr/lib/avr5\libm.a(fixunssfsi.o)
 .text          0x00000000        0x0 c:/program files (x86)/atmel/studio/7.0/toolchain/avr8/avr8-gnu-toolchain/bin/../lib/gcc/avr/5.4.0/../../../../avr/lib/avr5\libm.a(floatsisf.o)
 .data          0x00000000        0x0 c:/program files (x86)/atmel/studio/7.0/toolchain/avr8/avr8-gnu-toolchain/bin/../lib/gcc/avr/5.4.0/../../../../avr/lib/avr5\libm.a(floatsisf.o)
 .bss           0x00000000        0x0 c:/program files (x86)/atmel/studio/7.0/toolchain/avr8/avr8-gnu-toolchain/bin/../lib/gcc/avr/5.4.0/../../../../avr/lib/avr5\libm.a(floatsisf.o)
 .text          0x00000000        0x0 c:/program files (x86)/atmel/studio/7.0/toolchain/avr8/avr8-gnu-toolchain/bin/../lib/gcc/avr/5.4.0/../../../../avr/lib/avr5\libm.a(fp_split3.o)
 .data          0x00000000        0x0 c:/program files (x86)/atmel/studio/7.0/toolchain/avr8/avr8-gnu-toolchain/bin/../lib/gcc/avr/5.4.0/../../../../avr/lib/avr5\libm.a(fp_split3.o)
 .bss           0x00000000        0x0 c:/program files (x86)/atmel/studio/7.0/toolchain/avr8/avr8-gnu-toolchain/bin/../lib/gcc/avr/5.4.0/../../../../avr/lib/avr5\libm.a(fp_split3.o)
 .text          0x00000000        0x0 c:/program files (x86)/atmel/studio/7.0/toolchain/avr8/avr8-gnu-toolchain/bin/../lib/gcc/avr/5.4.0/../../../../avr/lib/avr5\libm.a(fp_zero.o)
 .data          0x00000000        0x0 c:/program files (x86)/atmel/studio/7.0/toolchain/avr8/avr8-gnu-toolchain/bin/../lib/gcc/avr/5.4.0/../../../../avr/lib/avr5\libm.a(fp_zero.o)
 .bss           0x00000000        0x0 c:/program files (x86)/atmel/studio/7.0/toolchain/avr8/avr8-gnu-toolchain/bin/../lib/gcc/avr/5.4.0/../../../../avr/lib/avr5\libm.a(fp_zero.o)
 .text          0x00000000        0x0 c:/program files (x86)/atmel/studio/7.0/toolchain/avr8/avr8-gnu-toolchain/bin/../lib/gcc/avr/5.4.0/../../../../avr/lib/avr5\libm.a(mulsf3.o)
 .data          0x00000000        0x0 c:/program files (x86)/atmel/studio/7.0/toolchain/avr8/avr8-gnu-toolchain/bin/../lib/gcc/avr/5.4.0/../../../../avr/lib/avr5\libm.a(mulsf3.o)
 .bss           0x00000000        0x0 c:/program files (x86)/atmel/studio/7.0/toolchain/avr8/avr8-gnu-toolchain/bin/../lib/gcc/avr/5.4.0/../../../../avr/lib/avr5\libm.a(mulsf3.o)
 .text          0x00000000        0x0 c:/program files (x86)/atmel/studio/7.0/toolchain/avr8/avr8-gnu-toolchain/bin/../lib/gcc/avr/5.4.0/../../../../avr/lib/avr5\libm.a(mulsf3x.o)
 .data          0x00000000        0x0 c:/program files (x86)/atmel/studio/7.0/toolchain/avr8/avr8-gnu-toolchain/bin/../lib/gcc/avr/5.4.0/../../../../avr/lib/avr5\libm.a(mulsf3x.o)
 .bss           0x00000000        0x0 c:/program files (x86)/atmel/studio/7.0/toolchain/avr8/avr8-gnu-toolchain/bin/../lib/gcc/avr/5.4.0/../../../../avr/lib/avr5\libm.a(mulsf3x.o)
 .text          0x00000000        0x0 c:/program files (x86)/atmel/studio/7.0/toolchain/avr8/avr8-gnu-toolchain/bin/../lib/gcc/avr/5.4.0/../../../../avr/lib/avr5\libm.a(fp_inf.o)
 .data          0x00000000        0x0 c:/program files (x86)/atmel/studio/7.0/toolchain/avr8/avr8-gnu-toolchain/bin/../lib/gcc/avr/5.4.0/../../../../avr/lib/avr5\libm.a(fp_inf.o)
 .bss           0x00000000        0x0 c:/program files (x86)/atmel/studio/7.0/toolchain/avr8/avr8-gnu-toolchain/bin/../lib/gcc/avr/5.4.0/../../../../avr/lib/avr5\libm.a(fp_inf.o)
 .text          0x00000000        0x0 c:/program files (x86)/atmel/studio/7.0/toolchain/avr8/avr8-gnu-toolchain/bin/../lib/gcc/avr/5.4.0/../../../../avr/lib/avr5\libm.a(fp_nan.o)
 .data          0x00000000        0x0 c:/program files (x86)/atmel/studio/7.0/toolchain/avr8/avr8-gnu-toolchain/bin/../lib/gcc/avr/5.4.0/../../../../avr/lib/avr5\libm.a(fp_nan.o)
 .bss           0x00000000        0x0 c:/program files (x86)/atmel/studio/7.0/toolchain/avr8/avr8-gnu-toolchain/bin/../lib/gcc/avr/5.4.0/../../../../avr/lib/avr5\libm.a(fp_nan.o)
 .text          0x00000000        0x0 c:/program files (x86)/atmel/studio/7.0/toolchain/avr8/avr8-gnu-toolchain/bin/../lib/gcc/avr/5.4.0/../../../../avr/lib/avr5\libm.a(fp_pscA.o)
 .data          0x00000000        0x0 c:/program files (x86)/atmel/studio/7.0/toolchain/avr8/avr8-gnu-toolchain/bin/../lib/gcc/avr/5.4.0/../../../../avr/lib/avr5\libm.a(fp_pscA.o)
 .bss           0x00000000        0x0 c:/program files (x86)/atmel/studio/7.0/toolchain/avr8/avr8-gnu-toolchain/bin/../lib/gcc/avr/5.4.0/../../../../avr/lib/avr5\libm.a(fp_pscA.o)
 .text          0x00000000        0x0 c:/program files (x86)/atmel/studio/7.0/toolchain/avr8/avr8-gnu-toolchain/bin/../lib/gcc/avr/5.4.0/../../../../avr/lib/avr5\libm.a(fp_pscB.o)
 .data          0x00000000        0x0 c:/program files (x86)/atmel/studio/7.0/toolchain/avr8/avr8-gnu-toolchain/bin/../lib/gcc/avr/5.4.0/../../../../avr/lib/avr5\libm.a(fp_pscB.o)
 .bss           0x00000000        0x0 c:/program files (x86)/atmel/studio/7.0/toolchain/avr8/avr8-gnu-toolchain/bin/../lib/gcc/avr/5.4.0/../../../../avr/lib/avr5\libm.a(fp_pscB.o)
 .text          0x00000000        0x0 c:/program files (x86)/atmel/studio/7.0/toolchain/avr8/avr8-gnu-toolchain/bin/../lib/gcc/avr/5.4.0/../../../../avr/lib/avr5\libm.a(fp_round.o)
 .data          0x00000000        0x0 c:/program files (x86)/atmel/studio/7.0/toolchain/avr8/avr8-gnu-toolchain/bin/../lib/gcc/avr/5.4.0/../../../../avr/lib/avr5\libm.a(fp_round.o)
 .bss           0x00000000        0x0 c:/program files (x86)/atmel/studio/7.0/toolchain/avr8/avr8-gnu-toolchain/bin/../lib/gcc/avr/5.4.0/../../../../avr/lib/avr5\libm.a(fp_round.o)
 .text          0x00000000        0x0 C:\Tims\MyArduinoProjects\dds6\dds6\dds6\ArduinoCore\Release\libArduinoCore.a(main.o)
 .data          0x00000000        0x0 C:\Tims\MyArduinoProjects\dds6\dds6\dds6\ArduinoCore\Release\libArduinoCore.a(main.o)
 .bss           0x00000000        0x0 C:\Tims\MyArduinoProjects\dds6\dds6\dds6\ArduinoCore\Release\libArduinoCore.a(main.o)
 .text.atexit   0x00000000        0x6 C:\Tims\MyArduinoProjects\dds6\dds6\dds6\ArduinoCore\Release\libArduinoCore.a(main.o)
 .text._Z8setupUSBv
                0x00000000        0x2 C:\Tims\MyArduinoProjects\dds6\dds6\dds6\ArduinoCore\Release\libArduinoCore.a(main.o)
 .text          0x00000000        0x0 C:\Tims\MyArduinoProjects\dds6\dds6\dds6\ArduinoCore\Release\libArduinoCore.a(new.o)
 .data          0x00000000        0x0 C:\Tims\MyArduinoProjects\dds6\dds6\dds6\ArduinoCore\Release\libArduinoCore.a(new.o)
 .bss           0x00000000        0x0 C:\Tims\MyArduinoProjects\dds6\dds6\dds6\ArduinoCore\Release\libArduinoCore.a(new.o)
 .text._Znaj    0x00000000        0x4 C:\Tims\MyArduinoProjects\dds6\dds6\dds6\ArduinoCore\Release\libArduinoCore.a(new.o)
 .text._ZdlPv   0x00000000        0x4 C:\Tims\MyArduinoProjects\dds6\dds6\dds6\ArduinoCore\Release\libArduinoCore.a(new.o)
 .text._ZdaPv   0x00000000        0x4 C:\Tims\MyArduinoProjects\dds6\dds6\dds6\ArduinoCore\Release\libArduinoCore.a(new.o)
 .text          0x00000000        0x0 C:\Tims\MyArduinoProjects\dds6\dds6\dds6\ArduinoCore\Release\libArduinoCore.a(wiring.o)
 .data          0x00000000        0x0 C:\Tims\MyArduinoProjects\dds6\dds6\dds6\ArduinoCore\Release\libArduinoCore.a(wiring.o)
 .bss           0x00000000        0x0 C:\Tims\MyArduinoProjects\dds6\dds6\dds6\ArduinoCore\Release\libArduinoCore.a(wiring.o)
 .text.millis   0x00000000       0x18 C:\Tims\MyArduinoProjects\dds6\dds6\dds6\ArduinoCore\Release\libArduinoCore.a(wiring.o)
 .text.micros   0x00000000       0x4a C:\Tims\MyArduinoProjects\dds6\dds6\dds6\ArduinoCore\Release\libArduinoCore.a(wiring.o)
 .text.delay    0x00000000       0x78 C:\Tims\MyArduinoProjects\dds6\dds6\dds6\ArduinoCore\Release\libArduinoCore.a(wiring.o)
 .text.delayMicroseconds
                0x00000000       0x16 C:\Tims\MyArduinoProjects\dds6\dds6\dds6\ArduinoCore\Release\libArduinoCore.a(wiring.o)
 .text          0x00000000        0x0 C:\Tims\MyArduinoProjects\dds6\dds6\dds6\ArduinoCore\Release\libArduinoCore.a(hooks.o)
 .data          0x00000000        0x0 C:\Tims\MyArduinoProjects\dds6\dds6\dds6\ArduinoCore\Release\libArduinoCore.a(hooks.o)
 .bss           0x00000000        0x0 C:\Tims\MyArduinoProjects\dds6\dds6\dds6\ArduinoCore\Release\libArduinoCore.a(hooks.o)
 .text.__empty  0x00000000        0x2 C:\Tims\MyArduinoProjects\dds6\dds6\dds6\ArduinoCore\Release\libArduinoCore.a(hooks.o)
 .debug_info    0x00000000       0x3e C:\Tims\MyArduinoProjects\dds6\dds6\dds6\ArduinoCore\Release\libArduinoCore.a(hooks.o)
 .debug_abbrev  0x00000000       0x2a C:\Tims\MyArduinoProjects\dds6\dds6\dds6\ArduinoCore\Release\libArduinoCore.a(hooks.o)
 .debug_aranges
                0x00000000       0x20 C:\Tims\MyArduinoProjects\dds6\dds6\dds6\ArduinoCore\Release\libArduinoCore.a(hooks.o)
 .debug_ranges  0x00000000       0x10 C:\Tims\MyArduinoProjects\dds6\dds6\dds6\ArduinoCore\Release\libArduinoCore.a(hooks.o)
 .debug_line    0x00000000       0x41 C:\Tims\MyArduinoProjects\dds6\dds6\dds6\ArduinoCore\Release\libArduinoCore.a(hooks.o)
 .debug_str     0x00000000      0x127 C:\Tims\MyArduinoProjects\dds6\dds6\dds6\ArduinoCore\Release\libArduinoCore.a(hooks.o)
 .comment       0x00000000       0x31 C:\Tims\MyArduinoProjects\dds6\dds6\dds6\ArduinoCore\Release\libArduinoCore.a(hooks.o)
 .debug_frame   0x00000000       0x24 C:\Tims\MyArduinoProjects\dds6\dds6\dds6\ArduinoCore\Release\libArduinoCore.a(hooks.o)
 .text          0x00000000        0x0 c:/program files (x86)/atmel/studio/7.0/toolchain/avr8/avr8-gnu-toolchain/bin/../lib/gcc/avr/5.4.0/avr5\libgcc.a(_mulsi3.o)
 .data          0x00000000        0x0 c:/program files (x86)/atmel/studio/7.0/toolchain/avr8/avr8-gnu-toolchain/bin/../lib/gcc/avr/5.4.0/avr5\libgcc.a(_mulsi3.o)
 .bss           0x00000000        0x0 c:/program files (x86)/atmel/studio/7.0/toolchain/avr8/avr8-gnu-toolchain/bin/../lib/gcc/avr/5.4.0/avr5\libgcc.a(_mulsi3.o)
 .text.libgcc.div
                0x00000000        0x0 c:/program files (x86)/atmel/studio/7.0/toolchain/avr8/avr8-gnu-toolchain/bin/../lib/gcc/avr/5.4.0/avr5\libgcc.a(_mulsi3.o)
 .text.libgcc   0x00000000        0x0 c:/program files (x86)/atmel/studio/7.0/toolchain/avr8/avr8-gnu-toolchain/bin/../lib/gcc/avr/5.4.0/avr5\libgcc.a(_mulsi3.o)
 .text.libgcc.prologue
                0x00000000        0x0 c:/program files (x86)/atmel/studio/7.0/toolchain/avr8/avr8-gnu-toolchain/bin/../lib/gcc/avr/5.4.0/avr5\libgcc.a(_mulsi3.o)
 .text.libgcc.builtins
                0x00000000        0x0 c:/program files (x86)/atmel/studio/7.0/toolchain/avr8/avr8-gnu-toolchain/bin/../lib/gcc/avr/5.4.0/avr5\libgcc.a(_mulsi3.o)
 .text.libgcc.fmul
                0x00000000        0x0 c:/program files (x86)/atmel/studio/7.0/toolchain/avr8/avr8-gnu-toolchain/bin/../lib/gcc/avr/5.4.0/avr5\libgcc.a(_mulsi3.o)
 .text.libgcc.fixed
                0x00000000        0x0 c:/program files (x86)/atmel/studio/7.0/toolchain/avr8/avr8-gnu-toolchain/bin/../lib/gcc/avr/5.4.0/avr5\libgcc.a(_mulsi3.o)
 .text          0x00000000        0x0 c:/program files (x86)/atmel/studio/7.0/toolchain/avr8/avr8-gnu-toolchain/bin/../lib/gcc/avr/5.4.0/avr5\libgcc.a(_udivmodsi4.o)
 .data          0x00000000        0x0 c:/program files (x86)/atmel/studio/7.0/toolchain/avr8/avr8-gnu-toolchain/bin/../lib/gcc/avr/5.4.0/avr5\libgcc.a(_udivmodsi4.o)
 .bss           0x00000000        0x0 c:/program files (x86)/atmel/studio/7.0/toolchain/avr8/avr8-gnu-toolchain/bin/../lib/gcc/avr/5.4.0/avr5\libgcc.a(_udivmodsi4.o)
 .text.libgcc.mul
                0x00000000        0x0 c:/program files (x86)/atmel/studio/7.0/toolchain/avr8/avr8-gnu-toolchain/bin/../lib/gcc/avr/5.4.0/avr5\libgcc.a(_udivmodsi4.o)
 .text.libgcc   0x00000000        0x0 c:/program files (x86)/atmel/studio/7.0/toolchain/avr8/avr8-gnu-toolchain/bin/../lib/gcc/avr/5.4.0/avr5\libgcc.a(_udivmodsi4.o)
 .text.libgcc.prologue
                0x00000000        0x0 c:/program files (x86)/atmel/studio/7.0/toolchain/avr8/avr8-gnu-toolchain/bin/../lib/gcc/avr/5.4.0/avr5\libgcc.a(_udivmodsi4.o)
 .text.libgcc.builtins
                0x00000000        0x0 c:/program files (x86)/atmel/studio/7.0/toolchain/avr8/avr8-gnu-toolchain/bin/../lib/gcc/avr/5.4.0/avr5\libgcc.a(_udivmodsi4.o)
 .text.libgcc.fmul
                0x00000000        0x0 c:/program files (x86)/atmel/studio/7.0/toolchain/avr8/avr8-gnu-toolchain/bin/../lib/gcc/avr/5.4.0/avr5\libgcc.a(_udivmodsi4.o)
 .text.libgcc.fixed
                0x00000000        0x0 c:/program files (x86)/atmel/studio/7.0/toolchain/avr8/avr8-gnu-toolchain/bin/../lib/gcc/avr/5.4.0/avr5\libgcc.a(_udivmodsi4.o)
 .text          0x00000000        0x0 c:/program files (x86)/atmel/studio/7.0/toolchain/avr8/avr8-gnu-toolchain/bin/../lib/gcc/avr/5.4.0/avr5\libgcc.a(_exit.o)
 .data          0x00000000        0x0 c:/program files (x86)/atmel/studio/7.0/toolchain/avr8/avr8-gnu-toolchain/bin/../lib/gcc/avr/5.4.0/avr5\libgcc.a(_exit.o)
 .bss           0x00000000        0x0 c:/program files (x86)/atmel/studio/7.0/toolchain/avr8/avr8-gnu-toolchain/bin/../lib/gcc/avr/5.4.0/avr5\libgcc.a(_exit.o)
 .text.libgcc.mul
                0x00000000        0x0 c:/program files (x86)/atmel/studio/7.0/toolchain/avr8/avr8-gnu-toolchain/bin/../lib/gcc/avr/5.4.0/avr5\libgcc.a(_exit.o)
 .text.libgcc.div
                0x00000000        0x0 c:/program files (x86)/atmel/studio/7.0/toolchain/avr8/avr8-gnu-toolchain/bin/../lib/gcc/avr/5.4.0/avr5\libgcc.a(_exit.o)
 .text.libgcc   0x00000000        0x0 c:/program files (x86)/atmel/studio/7.0/toolchain/avr8/avr8-gnu-toolchain/bin/../lib/gcc/avr/5.4.0/avr5\libgcc.a(_exit.o)
 .text.libgcc.prologue
                0x00000000        0x0 c:/program files (x86)/atmel/studio/7.0/toolchain/avr8/avr8-gnu-toolchain/bin/../lib/gcc/avr/5.4.0/avr5\libgcc.a(_exit.o)
 .text.libgcc.builtins
                0x00000000        0x0 c:/program files (x86)/atmel/studio/7.0/toolchain/avr8/avr8-gnu-toolchain/bin/../lib/gcc/avr/5.4.0/avr5\libgcc.a(_exit.o)
 .text.libgcc.fmul
                0x00000000        0x0 c:/program files (x86)/atmel/studio/7.0/toolchain/avr8/avr8-gnu-toolchain/bin/../lib/gcc/avr/5.4.0/avr5\libgcc.a(_exit.o)
 .text.libgcc.fixed
                0x00000000        0x0 c:/program files (x86)/atmel/studio/7.0/toolchain/avr8/avr8-gnu-toolchain/bin/../lib/gcc/avr/5.4.0/avr5\libgcc.a(_exit.o)
 .text          0x00000000        0x0 c:/program files (x86)/atmel/studio/7.0/toolchain/avr8/avr8-gnu-toolchain/bin/../lib/gcc/avr/5.4.0/avr5\libgcc.a(_copy_data.o)
 .data          0x00000000        0x0 c:/program files (x86)/atmel/studio/7.0/toolchain/avr8/avr8-gnu-toolchain/bin/../lib/gcc/avr/5.4.0/avr5\libgcc.a(_copy_data.o)
 .bss           0x00000000        0x0 c:/program files (x86)/atmel/studio/7.0/toolchain/avr8/avr8-gnu-toolchain/bin/../lib/gcc/avr/5.4.0/avr5\libgcc.a(_copy_data.o)
 .text.libgcc.mul
                0x00000000        0x0 c:/program files (x86)/atmel/studio/7.0/toolchain/avr8/avr8-gnu-toolchain/bin/../lib/gcc/avr/5.4.0/avr5\libgcc.a(_copy_data.o)
 .text.libgcc.div
                0x00000000        0x0 c:/program files (x86)/atmel/studio/7.0/toolchain/avr8/avr8-gnu-toolchain/bin/../lib/gcc/avr/5.4.0/avr5\libgcc.a(_copy_data.o)
 .text.libgcc   0x00000000        0x0 c:/program files (x86)/atmel/studio/7.0/toolchain/avr8/avr8-gnu-toolchain/bin/../lib/gcc/avr/5.4.0/avr5\libgcc.a(_copy_data.o)
 .text.libgcc.prologue
                0x00000000        0x0 c:/program files (x86)/atmel/studio/7.0/toolchain/avr8/avr8-gnu-toolchain/bin/../lib/gcc/avr/5.4.0/avr5\libgcc.a(_copy_data.o)
 .text.libgcc.builtins
                0x00000000        0x0 c:/program files (x86)/atmel/studio/7.0/toolchain/avr8/avr8-gnu-toolchain/bin/../lib/gcc/avr/5.4.0/avr5\libgcc.a(_copy_data.o)
 .text.libgcc.fmul
                0x00000000        0x0 c:/program files (x86)/atmel/studio/7.0/toolchain/avr8/avr8-gnu-toolchain/bin/../lib/gcc/avr/5.4.0/avr5\libgcc.a(_copy_data.o)
 .text.libgcc.fixed
                0x00000000        0x0 c:/program files (x86)/atmel/studio/7.0/toolchain/avr8/avr8-gnu-toolchain/bin/../lib/gcc/avr/5.4.0/avr5\libgcc.a(_copy_data.o)
 .text          0x00000000        0x0 c:/program files (x86)/atmel/studio/7.0/toolchain/avr8/avr8-gnu-toolchain/bin/../lib/gcc/avr/5.4.0/avr5\libgcc.a(_clear_bss.o)
 .data          0x00000000        0x0 c:/program files (x86)/atmel/studio/7.0/toolchain/avr8/avr8-gnu-toolchain/bin/../lib/gcc/avr/5.4.0/avr5\libgcc.a(_clear_bss.o)
 .bss           0x00000000        0x0 c:/program files (x86)/atmel/studio/7.0/toolchain/avr8/avr8-gnu-toolchain/bin/../lib/gcc/avr/5.4.0/avr5\libgcc.a(_clear_bss.o)
 .text.libgcc.mul
                0x00000000        0x0 c:/program files (x86)/atmel/studio/7.0/toolchain/avr8/avr8-gnu-toolchain/bin/../lib/gcc/avr/5.4.0/avr5\libgcc.a(_clear_bss.o)
 .text.libgcc.div
                0x00000000        0x0 c:/program files (x86)/atmel/studio/7.0/toolchain/avr8/avr8-gnu-toolchain/bin/../lib/gcc/avr/5.4.0/avr5\libgcc.a(_clear_bss.o)
 .text.libgcc   0x00000000        0x0 c:/program files (x86)/atmel/studio/7.0/toolchain/avr8/avr8-gnu-toolchain/bin/../lib/gcc/avr/5.4.0/avr5\libgcc.a(_clear_bss.o)
 .text.libgcc.prologue
                0x00000000        0x0 c:/program files (x86)/atmel/studio/7.0/toolchain/avr8/avr8-gnu-toolchain/bin/../lib/gcc/avr/5.4.0/avr5\libgcc.a(_clear_bss.o)
 .text.libgcc.builtins
                0x00000000        0x0 c:/program files (x86)/atmel/studio/7.0/toolchain/avr8/avr8-gnu-toolchain/bin/../lib/gcc/avr/5.4.0/avr5\libgcc.a(_clear_bss.o)
 .text.libgcc.fmul
                0x00000000        0x0 c:/program files (x86)/atmel/studio/7.0/toolchain/avr8/avr8-gnu-toolchain/bin/../lib/gcc/avr/5.4.0/avr5\libgcc.a(_clear_bss.o)
 .text.libgcc.fixed
                0x00000000        0x0 c:/program files (x86)/atmel/studio/7.0/toolchain/avr8/avr8-gnu-toolchain/bin/../lib/gcc/avr/5.4.0/avr5\libgcc.a(_clear_bss.o)
 .text          0x00000000        0x0 c:/program files (x86)/atmel/studio/7.0/toolchain/avr8/avr8-gnu-toolchain/bin/../lib/gcc/avr/5.4.0/avr5\libgcc.a(_muluhisi3.o)
 .data          0x00000000        0x0 c:/program files (x86)/atmel/studio/7.0/toolchain/avr8/avr8-gnu-toolchain/bin/../lib/gcc/avr/5.4.0/avr5\libgcc.a(_muluhisi3.o)
 .bss           0x00000000        0x0 c:/program files (x86)/atmel/studio/7.0/toolchain/avr8/avr8-gnu-toolchain/bin/../lib/gcc/avr/5.4.0/avr5\libgcc.a(_muluhisi3.o)
 .text.libgcc.div
                0x00000000        0x0 c:/program files (x86)/atmel/studio/7.0/toolchain/avr8/avr8-gnu-toolchain/bin/../lib/gcc/avr/5.4.0/avr5\libgcc.a(_muluhisi3.o)
 .text.libgcc   0x00000000        0x0 c:/program files (x86)/atmel/studio/7.0/toolchain/avr8/avr8-gnu-toolchain/bin/../lib/gcc/avr/5.4.0/avr5\libgcc.a(_muluhisi3.o)
 .text.libgcc.prologue
                0x00000000        0x0 c:/program files (x86)/atmel/studio/7.0/toolchain/avr8/avr8-gnu-toolchain/bin/../lib/gcc/avr/5.4.0/avr5\libgcc.a(_muluhisi3.o)
 .text.libgcc.builtins
                0x00000000        0x0 c:/program files (x86)/atmel/studio/7.0/toolchain/avr8/avr8-gnu-toolchain/bin/../lib/gcc/avr/5.4.0/avr5\libgcc.a(_muluhisi3.o)
 .text.libgcc.fmul
                0x00000000        0x0 c:/program files (x86)/atmel/studio/7.0/toolchain/avr8/avr8-gnu-toolchain/bin/../lib/gcc/avr/5.4.0/avr5\libgcc.a(_muluhisi3.o)
 .text.libgcc.fixed
                0x00000000        0x0 c:/program files (x86)/atmel/studio/7.0/toolchain/avr8/avr8-gnu-toolchain/bin/../lib/gcc/avr/5.4.0/avr5\libgcc.a(_muluhisi3.o)
 .text          0x00000000        0x0 c:/program files (x86)/atmel/studio/7.0/toolchain/avr8/avr8-gnu-toolchain/bin/../lib/gcc/avr/5.4.0/avr5\libgcc.a(_mulshisi3.o)
 .data          0x00000000        0x0 c:/program files (x86)/atmel/studio/7.0/toolchain/avr8/avr8-gnu-toolchain/bin/../lib/gcc/avr/5.4.0/avr5\libgcc.a(_mulshisi3.o)
 .bss           0x00000000        0x0 c:/program files (x86)/atmel/studio/7.0/toolchain/avr8/avr8-gnu-toolchain/bin/../lib/gcc/avr/5.4.0/avr5\libgcc.a(_mulshisi3.o)
 .text.libgcc.div
                0x00000000        0x0 c:/program files (x86)/atmel/studio/7.0/toolchain/avr8/avr8-gnu-toolchain/bin/../lib/gcc/avr/5.4.0/avr5\libgcc.a(_mulshisi3.o)
 .text.libgcc   0x00000000        0x0 c:/program files (x86)/atmel/studio/7.0/toolchain/avr8/avr8-gnu-toolchain/bin/../lib/gcc/avr/5.4.0/avr5\libgcc.a(_mulshisi3.o)
 .text.libgcc.prologue
                0x00000000        0x0 c:/program files (x86)/atmel/studio/7.0/toolchain/avr8/avr8-gnu-toolchain/bin/../lib/gcc/avr/5.4.0/avr5\libgcc.a(_mulshisi3.o)
 .text.libgcc.builtins
                0x00000000        0x0 c:/program files (x86)/atmel/studio/7.0/toolchain/avr8/avr8-gnu-toolchain/bin/../lib/gcc/avr/5.4.0/avr5\libgcc.a(_mulshisi3.o)
 .text.libgcc.fmul
                0x00000000        0x0 c:/program files (x86)/atmel/studio/7.0/toolchain/avr8/avr8-gnu-toolchain/bin/../lib/gcc/avr/5.4.0/avr5\libgcc.a(_mulshisi3.o)
 .text.libgcc.fixed
                0x00000000        0x0 c:/program files (x86)/atmel/studio/7.0/toolchain/avr8/avr8-gnu-toolchain/bin/../lib/gcc/avr/5.4.0/avr5\libgcc.a(_mulshisi3.o)
 .text          0x00000000        0x0 c:/program files (x86)/atmel/studio/7.0/toolchain/avr8/avr8-gnu-toolchain/bin/../lib/gcc/avr/5.4.0/avr5\libgcc.a(_umulhisi3.o)
 .data          0x00000000        0x0 c:/program files (x86)/atmel/studio/7.0/toolchain/avr8/avr8-gnu-toolchain/bin/../lib/gcc/avr/5.4.0/avr5\libgcc.a(_umulhisi3.o)
 .bss           0x00000000        0x0 c:/program files (x86)/atmel/studio/7.0/toolchain/avr8/avr8-gnu-toolchain/bin/../lib/gcc/avr/5.4.0/avr5\libgcc.a(_umulhisi3.o)
 .text.libgcc.div
                0x00000000        0x0 c:/program files (x86)/atmel/studio/7.0/toolchain/avr8/avr8-gnu-toolchain/bin/../lib/gcc/avr/5.4.0/avr5\libgcc.a(_umulhisi3.o)
 .text.libgcc   0x00000000        0x0 c:/program files (x86)/atmel/studio/7.0/toolchain/avr8/avr8-gnu-toolchain/bin/../lib/gcc/avr/5.4.0/avr5\libgcc.a(_umulhisi3.o)
 .text.libgcc.prologue
                0x00000000        0x0 c:/program files (x86)/atmel/studio/7.0/toolchain/avr8/avr8-gnu-toolchain/bin/../lib/gcc/avr/5.4.0/avr5\libgcc.a(_umulhisi3.o)
 .text.libgcc.builtins
                0x00000000        0x0 c:/program files (x86)/atmel/studio/7.0/toolchain/avr8/avr8-gnu-toolchain/bin/../lib/gcc/avr/5.4.0/avr5\libgcc.a(_umulhisi3.o)
 .text.libgcc.fmul
                0x00000000        0x0 c:/program files (x86)/atmel/studio/7.0/toolchain/avr8/avr8-gnu-toolchain/bin/../lib/gcc/avr/5.4.0/avr5\libgcc.a(_umulhisi3.o)
 .text.libgcc.fixed
                0x00000000        0x0 c:/program files (x86)/atmel/studio/7.0/toolchain/avr8/avr8-gnu-toolchain/bin/../lib/gcc/avr/5.4.0/avr5\libgcc.a(_umulhisi3.o)
 .text          0x00000000        0x0 c:/program files (x86)/atmel/studio/7.0/toolchain/avr8/avr8-gnu-toolchain/bin/../lib/gcc/avr/5.4.0/../../../../avr/lib/avr5\libc.a(malloc.o)
 .bss           0x00000000        0x0 c:/program files (x86)/atmel/studio/7.0/toolchain/avr8/avr8-gnu-toolchain/bin/../lib/gcc/avr/5.4.0/../../../../avr/lib/avr5\libc.a(malloc.o)
 .text          0x00000000        0x0 c:/program files (x86)/atmel/studio/7.0/toolchain/avr8/avr8-gnu-toolchain/bin/../lib/gcc/avr/5.4.0/../../../../avr/lib/avr5\libc.a(strcpy.o)
 .data          0x00000000        0x0 c:/program files (x86)/atmel/studio/7.0/toolchain/avr8/avr8-gnu-toolchain/bin/../lib/gcc/avr/5.4.0/../../../../avr/lib/avr5\libc.a(strcpy.o)
 .bss           0x00000000        0x0 c:/program files (x86)/atmel/studio/7.0/toolchain/avr8/avr8-gnu-toolchain/bin/../lib/gcc/avr/5.4.0/../../../../avr/lib/avr5\libc.a(strcpy.o)
 .text          0x00000000        0x0 c:/program files (x86)/atmel/studio/7.0/toolchain/avr8/avr8-gnu-toolchain/bin/../lib/gcc/avr/5.4.0/../../../../avr/lib/avr5\libc.a(fprintf.o)
 .data          0x00000000        0x0 c:/program files (x86)/atmel/studio/7.0/toolchain/avr8/avr8-gnu-toolchain/bin/../lib/gcc/avr/5.4.0/../../../../avr/lib/avr5\libc.a(fprintf.o)
 .bss           0x00000000        0x0 c:/program files (x86)/atmel/studio/7.0/toolchain/avr8/avr8-gnu-toolchain/bin/../lib/gcc/avr/5.4.0/../../../../avr/lib/avr5\libc.a(fprintf.o)
 .text          0x00000000        0x0 c:/program files (x86)/atmel/studio/7.0/toolchain/avr8/avr8-gnu-toolchain/bin/../lib/gcc/avr/5.4.0/../../../../avr/lib/avr5\libc.a(sprintf.o)
 .data          0x00000000        0x0 c:/program files (x86)/atmel/studio/7.0/toolchain/avr8/avr8-gnu-toolchain/bin/../lib/gcc/avr/5.4.0/../../../../avr/lib/avr5\libc.a(sprintf.o)
 .bss           0x00000000        0x0 c:/program files (x86)/atmel/studio/7.0/toolchain/avr8/avr8-gnu-toolchain/bin/../lib/gcc/avr/5.4.0/../../../../avr/lib/avr5\libc.a(sprintf.o)
 .text          0x00000000        0x0 c:/program files (x86)/atmel/studio/7.0/toolchain/avr8/avr8-gnu-toolchain/bin/../lib/gcc/avr/5.4.0/../../../../avr/lib/avr5\libc.a(vfprintf_std.o)
 .data          0x00000000        0x0 c:/program files (x86)/atmel/studio/7.0/toolchain/avr8/avr8-gnu-toolchain/bin/../lib/gcc/avr/5.4.0/../../../../avr/lib/avr5\libc.a(vfprintf_std.o)
 .bss           0x00000000        0x0 c:/program files (x86)/atmel/studio/7.0/toolchain/avr8/avr8-gnu-toolchain/bin/../lib/gcc/avr/5.4.0/../../../../avr/lib/avr5\libc.a(vfprintf_std.o)
 .text          0x00000000        0x0 c:/program files (x86)/atmel/studio/7.0/toolchain/avr8/avr8-gnu-toolchain/bin/../lib/gcc/avr/5.4.0/../../../../avr/lib/avr5\libc.a(strnlen_P.o)
 .data          0x00000000        0x0 c:/program files (x86)/atmel/studio/7.0/toolchain/avr8/avr8-gnu-toolchain/bin/../lib/gcc/avr/5.4.0/../../../../avr/lib/avr5\libc.a(strnlen_P.o)
 .bss           0x00000000        0x0 c:/program files (x86)/atmel/studio/7.0/toolchain/avr8/avr8-gnu-toolchain/bin/../lib/gcc/avr/5.4.0/../../../../avr/lib/avr5\libc.a(strnlen_P.o)
 .text          0x00000000        0x0 c:/program files (x86)/atmel/studio/7.0/toolchain/avr8/avr8-gnu-toolchain/bin/../lib/gcc/avr/5.4.0/../../../../avr/lib/avr5\libc.a(strnlen.o)
 .data          0x00000000        0x0 c:/program files (x86)/atmel/studio/7.0/toolchain/avr8/avr8-gnu-toolchain/bin/../lib/gcc/avr/5.4.0/../../../../avr/lib/avr5\libc.a(strnlen.o)
 .bss           0x00000000        0x0 c:/program files (x86)/atmel/studio/7.0/toolchain/avr8/avr8-gnu-toolchain/bin/../lib/gcc/avr/5.4.0/../../../../avr/lib/avr5\libc.a(strnlen.o)
 .text          0x00000000        0x0 c:/program files (x86)/atmel/studio/7.0/toolchain/avr8/avr8-gnu-toolchain/bin/../lib/gcc/avr/5.4.0/../../../../avr/lib/avr5\libc.a(fputc.o)
 .data          0x00000000        0x0 c:/program files (x86)/atmel/studio/7.0/toolchain/avr8/avr8-gnu-toolchain/bin/../lib/gcc/avr/5.4.0/../../../../avr/lib/avr5\libc.a(fputc.o)
 .bss           0x00000000        0x0 c:/program files (x86)/atmel/studio/7.0/toolchain/avr8/avr8-gnu-toolchain/bin/../lib/gcc/avr/5.4.0/../../../../avr/lib/avr5\libc.a(fputc.o)
 .text          0x00000000        0x0 c:/program files (x86)/atmel/studio/7.0/toolchain/avr8/avr8-gnu-toolchain/bin/../lib/gcc/avr/5.4.0/../../../../avr/lib/avr5\libc.a(ultoa_invert.o)
 .data          0x00000000        0x0 c:/program files (x86)/atmel/studio/7.0/toolchain/avr8/avr8-gnu-toolchain/bin/../lib/gcc/avr/5.4.0/../../../../avr/lib/avr5\libc.a(ultoa_invert.o)
 .bss           0x00000000        0x0 c:/program files (x86)/atmel/studio/7.0/toolchain/avr8/avr8-gnu-toolchain/bin/../lib/gcc/avr/5.4.0/../../../../avr/lib/avr5\libc.a(ultoa_invert.o)
 .text          0x00000000        0x0 c:/program files (x86)/atmel/studio/7.0/toolchain/avr8/avr8-gnu-toolchain/bin/../lib/gcc/avr/5.4.0/avr5\libgcc.a(_prologue.o)
 .data          0x00000000        0x0 c:/program files (x86)/atmel/studio/7.0/toolchain/avr8/avr8-gnu-toolchain/bin/../lib/gcc/avr/5.4.0/avr5\libgcc.a(_prologue.o)
 .bss           0x00000000        0x0 c:/program files (x86)/atmel/studio/7.0/toolchain/avr8/avr8-gnu-toolchain/bin/../lib/gcc/avr/5.4.0/avr5\libgcc.a(_prologue.o)
 .text.libgcc.mul
                0x00000000        0x0 c:/program files (x86)/atmel/studio/7.0/toolchain/avr8/avr8-gnu-toolchain/bin/../lib/gcc/avr/5.4.0/avr5\libgcc.a(_prologue.o)
 .text.libgcc.div
                0x00000000        0x0 c:/program files (x86)/atmel/studio/7.0/toolchain/avr8/avr8-gnu-toolchain/bin/../lib/gcc/avr/5.4.0/avr5\libgcc.a(_prologue.o)
 .text.libgcc   0x00000000        0x0 c:/program files (x86)/atmel/studio/7.0/toolchain/avr8/avr8-gnu-toolchain/bin/../lib/gcc/avr/5.4.0/avr5\libgcc.a(_prologue.o)
 .text.libgcc.builtins
                0x00000000        0x0 c:/program files (x86)/atmel/studio/7.0/toolchain/avr8/avr8-gnu-toolchain/bin/../lib/gcc/avr/5.4.0/avr5\libgcc.a(_prologue.o)
 .text.libgcc.fmul
                0x00000000        0x0 c:/program files (x86)/atmel/studio/7.0/toolchain/avr8/avr8-gnu-toolchain/bin/../lib/gcc/avr/5.4.0/avr5\libgcc.a(_prologue.o)
 .text.libgcc.fixed
                0x00000000        0x0 c:/program files (x86)/atmel/studio/7.0/toolchain/avr8/avr8-gnu-toolchain/bin/../lib/gcc/avr/5.4.0/avr5\libgcc.a(_prologue.o)
 .text          0x00000000        0x0 c:/program files (x86)/atmel/studio/7.0/toolchain/avr8/avr8-gnu-toolchain/bin/../lib/gcc/avr/5.4.0/avr5\libgcc.a(_epilogue.o)
 .data          0x00000000        0x0 c:/program files (x86)/atmel/studio/7.0/toolchain/avr8/avr8-gnu-toolchain/bin/../lib/gcc/avr/5.4.0/avr5\libgcc.a(_epilogue.o)
 .bss           0x00000000        0x0 c:/program files (x86)/atmel/studio/7.0/toolchain/avr8/avr8-gnu-toolchain/bin/../lib/gcc/avr/5.4.0/avr5\libgcc.a(_epilogue.o)
 .text.libgcc.mul
                0x00000000        0x0 c:/program files (x86)/atmel/studio/7.0/toolchain/avr8/avr8-gnu-toolchain/bin/../lib/gcc/avr/5.4.0/avr5\libgcc.a(_epilogue.o)
 .text.libgcc.div
                0x00000000        0x0 c:/program files (x86)/atmel/studio/7.0/toolchain/avr8/avr8-gnu-toolchain/bin/../lib/gcc/avr/5.4.0/avr5\libgcc.a(_epilogue.o)
 .text.libgcc   0x00000000        0x0 c:/program files (x86)/atmel/studio/7.0/toolchain/avr8/avr8-gnu-toolchain/bin/../lib/gcc/avr/5.4.0/avr5\libgcc.a(_epilogue.o)
 .text.libgcc.builtins
                0x00000000        0x0 c:/program files (x86)/atmel/studio/7.0/toolchain/avr8/avr8-gnu-toolchain/bin/../lib/gcc/avr/5.4.0/avr5\libgcc.a(_epilogue.o)
 .text.libgcc.fmul
                0x00000000        0x0 c:/program files (x86)/atmel/studio/7.0/toolchain/avr8/avr8-gnu-toolchain/bin/../lib/gcc/avr/5.4.0/avr5\libgcc.a(_epilogue.o)
 .text.libgcc.fixed
                0x00000000        0x0 c:/program files (x86)/atmel/studio/7.0/toolchain/avr8/avr8-gnu-toolchain/bin/../lib/gcc/avr/5.4.0/avr5\libgcc.a(_epilogue.o)

Memory Configuration

Name             Origin             Length             Attributes
text             0x00000000         0x00020000         xr
data             0x00800060         0x0000ffa0         rw !x
eeprom           0x00810000         0x00010000         rw !x
fuse             0x00820000         0x00000003         rw !x
lock             0x00830000         0x00000400         rw !x
signature        0x00840000         0x00000400         rw !x
user_signatures  0x00850000         0x00000400         rw !x
*default*        0x00000000         0xffffffff

Linker script and memory map

Address of section .data set to 0x800100
LOAD C:/Program Files (x86)/Atmel/Studio/7.0/Packs/atmel/ATmega_DFP/1.2.150/gcc/dev/atmega328p/avr5/crtatmega328p.o
LOAD clock.o
LOAD dds.o
LOAD ElapsedTime.o
LOAD Encoder.o
LOAD font.o
LOAD graphics.o
LOAD led.o
LOAD dds6.o
LOAD lcd.o
LOAD params.o
LOAD sw.o
LOAD uart.o
LOAD vfo.o
START GROUP
LOAD c:/program files (x86)/atmel/studio/7.0/toolchain/avr8/avr8-gnu-toolchain/bin/../lib/gcc/avr/5.4.0/../../../../avr/lib/avr5\libm.a
LOAD C:\Tims\MyArduinoProjects\dds6\dds6\dds6\ArduinoCore\Release\libArduinoCore.a
END GROUP
LOAD c:/program files (x86)/atmel/studio/7.0/toolchain/avr8/avr8-gnu-toolchain/bin/../lib/gcc/avr/5.4.0/avr5\libgcc.a
LOAD c:/program files (x86)/atmel/studio/7.0/toolchain/avr8/avr8-gnu-toolchain/bin/../lib/gcc/avr/5.4.0/../../../../avr/lib/avr5\libm.a
START GROUP
LOAD c:/program files (x86)/atmel/studio/7.0/toolchain/avr8/avr8-gnu-toolchain/bin/../lib/gcc/avr/5.4.0/avr5\libgcc.a
LOAD c:/program files (x86)/atmel/studio/7.0/toolchain/avr8/avr8-gnu-toolchain/bin/../lib/gcc/avr/5.4.0/../../../../avr/lib/avr5\libm.a
LOAD c:/program files (x86)/atmel/studio/7.0/toolchain/avr8/avr8-gnu-toolchain/bin/../lib/gcc/avr/5.4.0/../../../../avr/lib/avr5\libc.a
LOAD C:/Program Files (x86)/Atmel/Studio/7.0/Packs/atmel/ATmega_DFP/1.2.150/gcc/dev/atmega328p/avr5\libatmega328p.a
END GROUP
                0x00020000                __TEXT_REGION_LENGTH__ = DEFINED (__TEXT_REGION_LENGTH__)?__TEXT_REGION_LENGTH__:0x20000
                0x0000ffa0                __DATA_REGION_LENGTH__ = DEFINED (__DATA_REGION_LENGTH__)?__DATA_REGION_LENGTH__:0xffa0
                0x00010000                __EEPROM_REGION_LENGTH__ = DEFINED (__EEPROM_REGION_LENGTH__)?__EEPROM_REGION_LENGTH__:0x10000
                [0x00000003]                __FUSE_REGION_LENGTH__ = DEFINED (__FUSE_REGION_LENGTH__)?__FUSE_REGION_LENGTH__:0x400
                0x00000400                __LOCK_REGION_LENGTH__ = DEFINED (__LOCK_REGION_LENGTH__)?__LOCK_REGION_LENGTH__:0x400
                0x00000400                __SIGNATURE_REGION_LENGTH__ = DEFINED (__SIGNATURE_REGION_LENGTH__)?__SIGNATURE_REGION_LENGTH__:0x400
                0x00000400                __USER_SIGNATURE_REGION_LENGTH__ = DEFINED (__USER_SIGNATURE_REGION_LENGTH__)?__USER_SIGNATURE_REGION_LENGTH__:0x400

.hash
 *(.hash)

.dynsym
 *(.dynsym)

.dynstr
 *(.dynstr)

.gnu.version
 *(.gnu.version)

.gnu.version_d
 *(.gnu.version_d)

.gnu.version_r
 *(.gnu.version_r)

.rel.init
 *(.rel.init)

.rela.init
 *(.rela.init)

.rel.text
 *(.rel.text)
 *(.rel.text.*)
 *(.rel.gnu.linkonce.t*)

.rela.text
 *(.rela.text)
 *(.rela.text.*)
 *(.rela.gnu.linkonce.t*)

.rel.fini
 *(.rel.fini)

.rela.fini
 *(.rela.fini)

.rel.rodata
 *(.rel.rodata)
 *(.rel.rodata.*)
 *(.rel.gnu.linkonce.r*)

.rela.rodata
 *(.rela.rodata)
 *(.rela.rodata.*)
 *(.rela.gnu.linkonce.r*)

.rel.data
 *(.rel.data)
 *(.rel.data.*)
 *(.rel.gnu.linkonce.d*)

.rela.data
 *(.rela.data)
 *(.rela.data.*)
 *(.rela.gnu.linkonce.d*)

.rel.ctors
 *(.rel.ctors)

.rela.ctors
 *(.rela.ctors)

.rel.dtors
 *(.rel.dtors)

.rela.dtors
 *(.rela.dtors)

.rel.got
 *(.rel.got)

.rela.got
 *(.rela.got)

.rel.bss
 *(.rel.bss)

.rela.bss
 *(.rela.bss)

.rel.plt
 *(.rel.plt)

.rela.plt
 *(.rela.plt)

.text           0x00000000     0x31d0
 *(.vectors)
 .vectors       0x00000000       0x68 C:/Program Files (x86)/Atmel/Studio/7.0/Packs/atmel/ATmega_DFP/1.2.150/gcc/dev/atmega328p/avr5/crtatmega328p.o
                0x00000000                __vector_default
                0x00000000                __vectors
 *(.vectors)
 *(.progmem.gcc*)
                0x00000068                . = ALIGN (0x2)
                0x00000068                __trampolines_start = .
 *(.trampolines)
 .trampolines   0x00000068        0x0 linker stubs
 *(.trampolines*)
                0x00000068                __trampolines_end = .
 *libprintf_flt.a:*(.progmem.data)
 *libc.a:*(.progmem.data)
 *(.progmem*)
                0x00000068                . = ALIGN (0x2)
 *(.jumptables)
 *(.jumptables*)
 *(.lowtext)
 *(.lowtext*)
                0x00000068                __ctors_start = .
 *(.ctors)
                0x00000068                __ctors_end = .
                0x00000068                __dtors_start = .
 *(.dtors)
                0x00000068                __dtors_end = .
 SORT(*)(.ctors)
 SORT(*)(.dtors)
 *(.init0)
 .init0         0x00000068        0x0 C:/Program Files (x86)/Atmel/Studio/7.0/Packs/atmel/ATmega_DFP/1.2.150/gcc/dev/atmega328p/avr5/crtatmega328p.o
                0x00000068                __init
 *(.init0)
 *(.init1)
 *(.init1)
 *(.init2)
 .init2         0x00000068        0xc C:/Program Files (x86)/Atmel/Studio/7.0/Packs/atmel/ATmega_DFP/1.2.150/gcc/dev/atmega328p/avr5/crtatmega328p.o
 *(.init2)
 *(.init3)
 *(.init3)
 *(.init4)
 .init4         0x00000074       0x16 c:/program files (x86)/atmel/studio/7.0/toolchain/avr8/avr8-gnu-toolchain/bin/../lib/gcc/avr/5.4.0/avr5\libgcc.a(_copy_data.o)
                0x00000074                __do_copy_data
 .init4         0x0000008a       0x10 c:/program files (x86)/atmel/studio/7.0/toolchain/avr8/avr8-gnu-toolchain/bin/../lib/gcc/avr/5.4.0/avr5\libgcc.a(_clear_bss.o)
                0x0000008a                __do_clear_bss
 *(.init4)
 *(.init5)
 *(.init5)
 *(.init6)
 *(.init6)
 *(.init7)
 *(.init7)
 *(.init8)
 *(.init8)
 *(.init9)
 .init9         0x0000009a        0x8 C:/Program Files (x86)/Atmel/Studio/7.0/Packs/atmel/ATmega_DFP/1.2.150/gcc/dev/atmega328p/avr5/crtatmega328p.o
 *(.init9)
 *(.text)
 .text          0x000000a2        0x4 C:/Program Files (x86)/Atmel/Studio/7.0/Packs/atmel/ATmega_DFP/1.2.150/gcc/dev/atmega328p/avr5/crtatmega328p.o
                0x000000a2                __vector_22
                0x000000a2                __vector_1
                0x000000a2                __vector_24
                0x000000a2                __vector_12
                0x000000a2                __bad_interrupt
                0x000000a2                __vector_6
                0x000000a2                __vector_3
                0x000000a2                __vector_23
                0x000000a2                __vector_25
                0x000000a2                __vector_13
                0x000000a2                __vector_17
                0x000000a2                __vector_19
                0x000000a2                __vector_7
                0x000000a2                __vector_5
                0x000000a2                __vector_4
                0x000000a2                __vector_9
                0x000000a2                __vector_2
                0x000000a2                __vector_21
                0x000000a2                __vector_15
                0x000000a2                __vector_8
                0x000000a2                __vector_14
                0x000000a2                __vector_10
                0x000000a2                __vector_18
                0x000000a2                __vector_20
 .text          0x000000a6      0x628 font.o
                0x000006a6                _getPixels
                0x000006ce                . = ALIGN (0x2)
 *(.text.*)
 .text._ZN5Clock4tickEv
                0x000006ce       0xc2 clock.o
                0x000006ce                _ZN5Clock4tickEv
 .text.__vector_11
                0x00000790       0x48 clock.o
                0x00000790                __vector_11
 .text._ZN5Clock5delayEm
                0x000007d8       0x2a clock.o
                0x000007d8                _ZN5Clock5delayEm
 .text._ZN5Clock8getTicksEv
                0x00000802       0x12 clock.o
                0x00000802                _ZN5Clock8getTicksEv
 .text._ZN5Clock16registerPeriodicEP8Callback
                0x00000814       0x36 clock.o
                0x00000814                _ZN5Clock16registerPeriodicEP8Callback
 .text._ZN5ClockC2Ev
                0x0000084a       0x64 clock.o
                0x0000084a                _ZN5ClockC1Ev
                0x0000084a                _ZN5ClockC2Ev
 .text._Z7usecDlyi
                0x000008ae        0x2 clock.o
                0x000008ae                _Z7usecDlyi
 .text.DdsInit  0x000008b0       0x56 dds.o
                0x000008b0                DdsInit
 .text.dds      0x00000906       0xa6 dds.o
                0x00000906                dds
 .text._ZN11ElapsedTime8callbackEv
                0x000009ac       0x18 ElapsedTime.o
                0x000009ac                _ZN11ElapsedTime8callbackEv
 .text._ZN11ElapsedTimeC2Eh
                0x000009c4       0x14 ElapsedTime.o
                0x000009c4                _ZN11ElapsedTimeC1Eh
                0x000009c4                _ZN11ElapsedTimeC2Eh
 .text._ZN11ElapsedTime7expiredEv
                0x000009d8       0x12 ElapsedTime.o
                0x000009d8                _ZN11ElapsedTime7expiredEv
 .text._ZN7EncoderC2Ehhh
                0x000009ea       0xb8 Encoder.o
                0x000009ea                _ZN7EncoderC2Ehhh
                0x000009ea                _ZN7EncoderC1Ehhh
 .text._ZN7Encoder6updateEv
                0x00000aa2       0xe8 Encoder.o
                0x00000aa2                _ZN7Encoder6updateEv
 .text._ZN7Encoder8callbackEv
                0x00000b8a        0x4 Encoder.o
                0x00000b8a                _ZN7Encoder8callbackEv
 .text._ZN7Encoder8hasEventEv
                0x00000b8e       0x10 Encoder.o
                0x00000b8e                _ZN7Encoder8hasEventEv
 .text._ZN7Encoder8getEventEv
                0x00000b9e        0x6 Encoder.o
                0x00000b9e                _ZN7Encoder8getEventEv
 .text._ZN7Encoder10clearEventEv
                0x00000ba4        0x6 Encoder.o
                0x00000ba4                _ZN7Encoder10clearEventEv
 .text._ZN7Encoder16getMissedCwCountEv
                0x00000baa        0xc Encoder.o
                0x00000baa                _ZN7Encoder16getMissedCwCountEv
 .text._ZN7Encoder17getMissedCcwCountEv
                0x00000bb6        0xc Encoder.o
                0x00000bb6                _ZN7Encoder17getMissedCcwCountEv
 .text._ZN7Encoder12setEventRateEh
                0x00000bc2        0xa Encoder.o
                0x00000bc2                _ZN7Encoder12setEventRateEh
 .text._ZN8Graphics10draw2xCharEchh9_pixColorS0_
                0x00000bcc      0x102 graphics.o
                0x00000bcc                _ZN8Graphics10draw2xCharEchh9_pixColorS0_
 .text._Z6mymainv
                0x00000cce      0x5c8 dds6.o
                0x00000cce                _Z6mymainv
 .text.setup    0x00001296        0x2 dds6.o
                0x00001296                setup
 .text.loop     0x00001298        0x4 dds6.o
                0x00001298                loop
 .text._ZN3Lcd5resetEv
                0x0000129c       0x3e lcd.o
                0x0000129c                _ZN3Lcd5resetEv
 .text._ZN3Lcd8sendByteEh
                0x000012da       0x48 lcd.o
                0x000012da                _ZN3Lcd8sendByteEh
 .text._ZN3Lcd7sendCmdEh
                0x00001322       0x24 lcd.o
                0x00001322                _ZN3Lcd7sendCmdEh
 .text._ZN3Lcd8sendDataEPhh
                0x00001346       0x54 lcd.o
                0x00001346                _ZN3Lcd8sendDataEPhh
 .text._ZN3Lcd8cmpltCmdEv
                0x0000139a        0xa lcd.o
                0x0000139a                _ZN3Lcd8cmpltCmdEv
 .text._ZN3Lcd2onEv
                0x000013a4       0x10 lcd.o
                0x000013a4                _ZN3Lcd2onEv
 .text._ZN3Lcd9sleep_outEv
                0x000013b4       0x10 lcd.o
                0x000013b4                _ZN3Lcd9sleep_outEv
 .text._ZN3Lcd10mem_accessEv
                0x000013c4       0x46 lcd.o
                0x000013c4                _ZN3Lcd10mem_accessEv
 .text._ZN3Lcd11lcd_putcharEc
                0x0000140a      0x146 lcd.o
                0x0000140a                _ZN3Lcd11lcd_putcharEc
 .text._ZN3Lcd8drawCharEchhh9_pixColorS0_
                0x00001550      0x156 lcd.o
                0x00001550                _ZN3Lcd8drawCharEchhh9_pixColorS0_
 .text._ZN3Lcd8drawCharEchhh
                0x000016a6       0x3a lcd.o
                0x000016a6                _ZN3Lcd8drawCharEchhh
 .text._ZN3Lcd7clrScrnEv
                0x000016e0       0xf2 lcd.o
                0x000016e0                _ZN3Lcd7clrScrnEv
 .text._ZN3LcdC2Ev
                0x000017d2       0xac lcd.o
                0x000017d2                _ZN3LcdC2Ev
                0x000017d2                _ZN3LcdC1Ev
 .text._ZN3Lcd4putsEPc
                0x0000187e       0x32 lcd.o
                0x0000187e                _ZN3Lcd4putsEPc
 .text._ZN3Lcd4putsEPc9_pixColor
                0x000018b0       0x6a lcd.o
                0x000018b0                _ZN3Lcd4putsEPc9_pixColor
 .text._ZN3Lcd6gotoxyEhh
                0x0000191a       0x12 lcd.o
                0x0000191a                _ZN3Lcd6gotoxyEhh
 .text._Z8lcd_putccP6__file
                0x0000192c        0xa lcd.o
                0x0000192c                _Z8lcd_putccP6__file
 .text._Z6memcpyPvPKvj
                0x00001936       0x16 params.o
                0x00001936                _Z6memcpyPvPKvj
 .text._ZN6params10initParamsEP3Lcd
                0x0000194c      0x19e params.o
                0x0000194c                _ZN6params10initParamsEP3Lcd
 .text._ZN6paramsC2EP3Lcd
                0x00001aea       0x40 params.o
                0x00001aea                _ZN6paramsC1EP3Lcd
                0x00001aea                _ZN6paramsC2EP3Lcd
 .text._ZN6params7getStepEv
                0x00001b2a        0x6 params.o
                0x00001b2a                _ZN6params7getStepEv
 .text._ZN6params7getBandEv
                0x00001b30        0x6 params.o
                0x00001b30                _ZN6params7getBandEv
 .text._ZN6params6getVfoEv
                0x00001b36        0x6 params.o
                0x00001b36                _ZN6params6getVfoEv
 .text._ZN6params7getModeEv
                0x00001b3c        0x6 params.o
                0x00001b3c                _ZN6params7getModeEv
 .text._ZN6params7setModeE7_mode_t
                0x00001b42        0x6 params.o
                0x00001b42                _ZN6params7setModeE7_mode_t
 .text._ZN6params6updateEP7EncoderP2SwP3Lcd
                0x00001b48      0x3e0 params.o
                0x00001b48                _ZN6params6updateEP7EncoderP2SwP3Lcd
 .text._ZN6params11updateEnterEP7EncoderP2SwP3Lcd
                0x00001f28       0x90 params.o
                0x00001f28                _ZN6params11updateEnterEP7EncoderP2SwP3Lcd
 .text._ZN2SwC2Ehh
                0x00001fb8       0x60 sw.o
                0x00001fb8                _ZN2SwC2Ehh
                0x00001fb8                _ZN2SwC1Ehh
 .text._ZN2Sw6updateEv
                0x00002018       0x54 sw.o
                0x00002018                _ZN2Sw6updateEv
 .text._ZN2Sw8callbackEv
                0x0000206c        0x4 sw.o
                0x0000206c                _ZN2Sw8callbackEv
 .text._ZN2Sw8hasEventEv
                0x00002070       0x10 sw.o
                0x00002070                _ZN2Sw8hasEventEv
 .text._ZN2Sw8getEventEv
                0x00002080        0x6 sw.o
                0x00002080                _ZN2Sw8getEventEv
 .text._ZN2Sw10clearEventEv
                0x00002086        0x6 sw.o
                0x00002086                _ZN2Sw10clearEventEv
 .text._ZN2Sw8isClosedEv
                0x0000208c       0x10 sw.o
                0x0000208c                _ZN2Sw8isClosedEv
 .text._ZN3vfoC2EP7EncoderP13vfoParametersj
                0x0000209c       0xae vfo.o
                0x0000209c                _ZN3vfoC1EP7EncoderP13vfoParametersj
                0x0000209c                _ZN3vfoC2EP7EncoderP13vfoParametersj
 .text._ZN3vfo6updateEh
                0x0000214a      0x126 vfo.o
                0x0000214a                _ZN3vfo6updateEh
 .text._ZN3vfo9getRxFreqE5_band
                0x00002270       0x4a vfo.o
                0x00002270                _ZN3vfo9getRxFreqE5_band
 .text._ZN3vfo9getTxFreqE5_band
                0x000022ba       0x4a vfo.o
                0x000022ba                _ZN3vfo9getTxFreqE5_band
 .text._ZN3vfo7setStepE6step_t
                0x00002304       0x2e vfo.o
                0x00002304                _ZN3vfo7setStepE6step_t
 .text._ZN3vfo13intToString32EmPc
                0x00002332      0x16e vfo.o
                0x00002332                _ZN3vfo13intToString32EmPc
 .text._ZN3vfo17formatDisplayFreqEPcS0_
                0x000024a0       0x46 vfo.o
                0x000024a0                _ZN3vfo17formatDisplayFreqEPcS0_
 .text._ZN3vfo16getTxDisplayFreqEPc5_band
                0x000024e6       0x68 vfo.o
                0x000024e6                _ZN3vfo16getTxDisplayFreqEPc5_band
 .text._ZN3vfo7getLineEv
                0x0000254e        0xc vfo.o
                0x0000254e                _ZN3vfo7getLineEv
 .text.avr-libc.fplib
                0x0000255a       0x5e c:/program files (x86)/atmel/studio/7.0/toolchain/avr8/avr8-gnu-toolchain/bin/../lib/gcc/avr/5.4.0/../../../../avr/lib/avr5\libm.a(fixunssfsi.o)
                0x0000255a                __fixunssfsi
 .text.avr-libc.fplib
                0x000025b8       0x7a c:/program files (x86)/atmel/studio/7.0/toolchain/avr8/avr8-gnu-toolchain/bin/../lib/gcc/avr/5.4.0/../../../../avr/lib/avr5\libm.a(floatsisf.o)
                0x000025b8                __floatunsisf
                0x000025bc                __floatsisf
 .text.avr-libc.fplib
                0x00002632       0x44 c:/program files (x86)/atmel/studio/7.0/toolchain/avr8/avr8-gnu-toolchain/bin/../lib/gcc/avr/5.4.0/../../../../avr/lib/avr5\libm.a(fp_split3.o)
                0x00002632                __fp_split3
                0x00002642                __fp_splitA
 .text.avr-libc.fplib
                0x00002676        0xe c:/program files (x86)/atmel/studio/7.0/toolchain/avr8/avr8-gnu-toolchain/bin/../lib/gcc/avr/5.4.0/../../../../avr/lib/avr5\libm.a(fp_zero.o)
                0x00002676                __fp_zero
                0x00002678                __fp_szero
 .text.avr-libc.fplib
                0x00002684        0x8 c:/program files (x86)/atmel/studio/7.0/toolchain/avr8/avr8-gnu-toolchain/bin/../lib/gcc/avr/5.4.0/../../../../avr/lib/avr5\libm.a(mulsf3.o)
                0x00002684                __mulsf3
 .text.avr-libc.fplib
                0x0000268c       0xd2 c:/program files (x86)/atmel/studio/7.0/toolchain/avr8/avr8-gnu-toolchain/bin/../lib/gcc/avr/5.4.0/../../../../avr/lib/avr5\libm.a(mulsf3x.o)
                0x000026aa                __mulsf3x
                0x000026b0                __mulsf3_pse
 .text.avr-libc.fplib
                0x0000275e        0xc c:/program files (x86)/atmel/studio/7.0/toolchain/avr8/avr8-gnu-toolchain/bin/../lib/gcc/avr/5.4.0/../../../../avr/lib/avr5\libm.a(fp_inf.o)
                0x0000275e                __fp_inf
 .text.avr-libc.fplib
                0x0000276a        0x6 c:/program files (x86)/atmel/studio/7.0/toolchain/avr8/avr8-gnu-toolchain/bin/../lib/gcc/avr/5.4.0/../../../../avr/lib/avr5\libm.a(fp_nan.o)
                0x0000276a                __fp_nan
 .text.avr-libc.fplib
                0x00002770        0xe c:/program files (x86)/atmel/studio/7.0/toolchain/avr8/avr8-gnu-toolchain/bin/../lib/gcc/avr/5.4.0/../../../../avr/lib/avr5\libm.a(fp_pscA.o)
                0x00002770                __fp_pscA
 .text.avr-libc.fplib
                0x0000277e        0xe c:/program files (x86)/atmel/studio/7.0/toolchain/avr8/avr8-gnu-toolchain/bin/../lib/gcc/avr/5.4.0/../../../../avr/lib/avr5\libm.a(fp_pscB.o)
                0x0000277e                __fp_pscB
 .text.avr-libc.fplib
                0x0000278c       0x22 c:/program files (x86)/atmel/studio/7.0/toolchain/avr8/avr8-gnu-toolchain/bin/../lib/gcc/avr/5.4.0/../../../../avr/lib/avr5\libm.a(fp_round.o)
                0x0000278c                __fp_round
 .text.initVariant
                0x000027ae        0x2 C:\Tims\MyArduinoProjects\dds6\dds6\dds6\ArduinoCore\Release\libArduinoCore.a(main.o)
                0x000027ae                initVariant
 .text.startup.main
                0x000027b0       0x1e C:\Tims\MyArduinoProjects\dds6\dds6\dds6\ArduinoCore\Release\libArduinoCore.a(main.o)
                0x000027b0                main
 .text._Znwj    0x000027ce        0x4 C:\Tims\MyArduinoProjects\dds6\dds6\dds6\ArduinoCore\Release\libArduinoCore.a(new.o)
                0x000027ce                _Znwj
 .text.__vector_16
                0x000027d2       0x94 C:\Tims\MyArduinoProjects\dds6\dds6\dds6\ArduinoCore\Release\libArduinoCore.a(wiring.o)
                0x000027d2                __vector_16
 .text.init     0x00002866       0x76 C:\Tims\MyArduinoProjects\dds6\dds6\dds6\ArduinoCore\Release\libArduinoCore.a(wiring.o)
                0x00002866                init
 .text.libgcc.mul
                0x000028dc       0x20 c:/program files (x86)/atmel/studio/7.0/toolchain/avr8/avr8-gnu-toolchain/bin/../lib/gcc/avr/5.4.0/avr5\libgcc.a(_mulsi3.o)
                0x000028dc                __mulsi3
 .text.libgcc.div
                0x000028fc       0x44 c:/program files (x86)/atmel/studio/7.0/toolchain/avr8/avr8-gnu-toolchain/bin/../lib/gcc/avr/5.4.0/avr5\libgcc.a(_udivmodsi4.o)
                0x000028fc                __udivmodsi4
 .text.libgcc.mul
                0x00002940       0x16 c:/program files (x86)/atmel/studio/7.0/toolchain/avr8/avr8-gnu-toolchain/bin/../lib/gcc/avr/5.4.0/avr5\libgcc.a(_muluhisi3.o)
                0x00002940                __muluhisi3
 .text.libgcc.mul
                0x00002956       0x10 c:/program files (x86)/atmel/studio/7.0/toolchain/avr8/avr8-gnu-toolchain/bin/../lib/gcc/avr/5.4.0/avr5\libgcc.a(_mulshisi3.o)
                0x00002956                __mulshisi3
                0x0000295c                __mulohisi3
 .text.libgcc.mul
                0x00002966       0x1e c:/program files (x86)/atmel/studio/7.0/toolchain/avr8/avr8-gnu-toolchain/bin/../lib/gcc/avr/5.4.0/avr5\libgcc.a(_umulhisi3.o)
                0x00002966                __umulhisi3
 .text.avr-libc
                0x00002984      0x242 c:/program files (x86)/atmel/studio/7.0/toolchain/avr8/avr8-gnu-toolchain/bin/../lib/gcc/avr/5.4.0/../../../../avr/lib/avr5\libc.a(malloc.o)
                0x00002984                malloc
                0x00002ab4                free
 .text.avr-libc
                0x00002bc6        0xe c:/program files (x86)/atmel/studio/7.0/toolchain/avr8/avr8-gnu-toolchain/bin/../lib/gcc/avr/5.4.0/../../../../avr/lib/avr5\libc.a(strcpy.o)
                0x00002bc6                strcpy
 .text.avr-libc
                0x00002bd4       0x24 c:/program files (x86)/atmel/studio/7.0/toolchain/avr8/avr8-gnu-toolchain/bin/../lib/gcc/avr/5.4.0/../../../../avr/lib/avr5\libc.a(fprintf.o)
                0x00002bd4                fprintf
 .text.avr-libc
                0x00002bf8       0x44 c:/program files (x86)/atmel/studio/7.0/toolchain/avr8/avr8-gnu-toolchain/bin/../lib/gcc/avr/5.4.0/../../../../avr/lib/avr5\libc.a(sprintf.o)
                0x00002bf8                sprintf
 .text.avr-libc
                0x00002c3c      0x3c2 c:/program files (x86)/atmel/studio/7.0/toolchain/avr8/avr8-gnu-toolchain/bin/../lib/gcc/avr/5.4.0/../../../../avr/lib/avr5\libc.a(vfprintf_std.o)
                0x00002c3c                vfprintf
 .text.avr-libc
                0x00002ffe       0x16 c:/program files (x86)/atmel/studio/7.0/toolchain/avr8/avr8-gnu-toolchain/bin/../lib/gcc/avr/5.4.0/../../../../avr/lib/avr5\libc.a(strnlen_P.o)
                0x00002ffe                strnlen_P
 .text.avr-libc
                0x00003014       0x16 c:/program files (x86)/atmel/studio/7.0/toolchain/avr8/avr8-gnu-toolchain/bin/../lib/gcc/avr/5.4.0/../../../../avr/lib/avr5\libc.a(strnlen.o)
                0x00003014                strnlen
 .text.avr-libc
                0x0000302a       0x78 c:/program files (x86)/atmel/studio/7.0/toolchain/avr8/avr8-gnu-toolchain/bin/../lib/gcc/avr/5.4.0/../../../../avr/lib/avr5\libc.a(fputc.o)
                0x0000302a                fputc
 .text.avr-libc
                0x000030a2       0xbc c:/program files (x86)/atmel/studio/7.0/toolchain/avr8/avr8-gnu-toolchain/bin/../lib/gcc/avr/5.4.0/../../../../avr/lib/avr5\libc.a(ultoa_invert.o)
                0x000030a2                __ultoa_invert
 .text.libgcc.prologue
                0x0000315e       0x38 c:/program files (x86)/atmel/studio/7.0/toolchain/avr8/avr8-gnu-toolchain/bin/../lib/gcc/avr/5.4.0/avr5\libgcc.a(_prologue.o)
                0x0000315e                __prologue_saves__
 .text.libgcc.prologue
                0x00003196       0x36 c:/program files (x86)/atmel/studio/7.0/toolchain/avr8/avr8-gnu-toolchain/bin/../lib/gcc/avr/5.4.0/avr5\libgcc.a(_epilogue.o)
                0x00003196                __epilogue_restores__
                0x000031cc                . = ALIGN (0x2)
 *(.fini9)
 .fini9         0x000031cc        0x0 c:/program files (x86)/atmel/studio/7.0/toolchain/avr8/avr8-gnu-toolchain/bin/../lib/gcc/avr/5.4.0/avr5\libgcc.a(_exit.o)
                0x000031cc                _exit
                0x000031cc                exit
 *(.fini9)
 *(.fini8)
 *(.fini8)
 *(.fini7)
 *(.fini7)
 *(.fini6)
 *(.fini6)
 *(.fini5)
 *(.fini5)
 *(.fini4)
 *(.fini4)
 *(.fini3)
 *(.fini3)
 *(.fini2)
 *(.fini2)
 *(.fini1)
 *(.fini1)
 *(.fini0)
 .fini0         0x000031cc        0x4 c:/program files (x86)/atmel/studio/7.0/toolchain/avr8/avr8-gnu-toolchain/bin/../lib/gcc/avr/5.4.0/avr5\libgcc.a(_exit.o)
 *(.fini0)
                0x000031d0                _etext = .

.data           0x00800100      0x1f4 load address 0x000031d0
                0x00800100                PROVIDE (__data_start, .)
 *(.data)
 .data          0x00800100        0x6 c:/program files (x86)/atmel/studio/7.0/toolchain/avr8/avr8-gnu-toolchain/bin/../lib/gcc/avr/5.4.0/../../../../avr/lib/avr5\libc.a(malloc.o)
                0x00800100                __malloc_heap_end
                0x00800102                __malloc_heap_start
                0x00800104                __malloc_margin
 *(.data*)
 .data.lcdfp    0x00800106        0x2 dds6.o
                0x00800106                lcdfp
 .data.lcd_str  0x00800108        0xe dds6.o
                0x00800108                lcd_str
 .data.fg_white
                0x00800116        0x3 params.o
                0x00800116                fg_white
 .data.fg_red   0x00800119        0x3 params.o
                0x00800119                fg_red
 .data.key_strings
                0x0080011c        0x6 params.o
                0x0080011c                key_strings
 .data.vfoact_strings
                0x00800122        0x4 params.o
                0x00800122                vfoact_strings
 .data.vfo_strings
                0x00800126        0x6 params.o
                0x00800126                vfo_strings
 .data.step_strings
                0x0080012c        0xa params.o
                0x0080012c                step_strings
 .data.band_strings
                0x00800136       0x12 params.o
                0x00800136                band_strings
 .data.default_param_display
                0x00800148       0x42 params.o
                0x00800148                default_param_display
 .data.vfoDataConst
                0x0080018a       0xa2 vfo.o
                0x0080018a                vfoDataConst
 *(.gnu.linkonce.d*)
 *(.rodata)
 .rodata        0x0080022c        0x6 dds6.o
 *(.rodata*)
 .rodata._ZTV11ElapsedTime
                0x00800232        0x6 ElapsedTime.o
                0x00800232                _ZTV11ElapsedTime
 .rodata._ZTV7Encoder
                0x00800238        0x6 Encoder.o
                0x00800238                _ZTV7Encoder
 .rodata.str1.1
                0x0080023e       0x1f dds6.o
 .rodata.str1.1
                0x0080025d       0x78 params.o
 .rodata._ZTV2Sw
                0x008002d5        0x6 sw.o
                0x008002d5                _ZTV2Sw
 .rodata._ZL11step_values
                0x008002db       0x18 vfo.o
 *(.gnu.linkonce.r*)
                0x008002f4                . = ALIGN (0x2)
 *fill*         0x008002f3        0x1 
                0x008002f4                _edata = .
                0x008002f4                PROVIDE (__data_end, .)

.bss            0x008002f4       0x49
                0x008002f4                PROVIDE (__bss_start, .)
 *(.bss)
 *(.bss*)
 .bss._ZN5Clock11singleTasksE
                0x008002f4        0x8 clock.o
                0x008002f4                _ZN5Clock11singleTasksE
 .bss._ZN5Clock13periodicTasksE
                0x008002fc       0x20 clock.o
                0x008002fc                _ZN5Clock13periodicTasksE
 .bss._ZN5Clock5countE
                0x0080031c        0x1 clock.o
                0x0080031c                _ZN5Clock5countE
 .bss._ZN5Clock9delayTimeE
                0x0080031d        0x4 clock.o
                0x0080031d                _ZN5Clock9delayTimeE
 .bss._ZN5Clock8sysclockE
                0x00800321        0x4 clock.o
                0x00800321                _ZN5Clock8sysclockE
 .bss._ZN3Lcd14lcdInitializedE
                0x00800325        0x1 lcd.o
                0x00800325                _ZN3Lcd14lcdInitializedE
 .bss._ZN3Lcd6cursorE
                0x00800326        0x4 lcd.o
                0x00800326                _ZN3Lcd6cursorE
 .bss._ZN3Lcd7bgColorE
                0x0080032a        0x3 lcd.o
                0x0080032a                _ZN3Lcd7bgColorE
 .bss._ZN3Lcd7fgColorE
                0x0080032d        0x3 lcd.o
                0x0080032d                _ZN3Lcd7fgColorE
 .bss.timer0_fract
                0x00800330        0x1 C:\Tims\MyArduinoProjects\dds6\dds6\dds6\ArduinoCore\Release\libArduinoCore.a(wiring.o)
 .bss.timer0_millis
                0x00800331        0x4 C:\Tims\MyArduinoProjects\dds6\dds6\dds6\ArduinoCore\Release\libArduinoCore.a(wiring.o)
                0x00800331                timer0_millis
 .bss.timer0_overflow_count
                0x00800335        0x4 C:\Tims\MyArduinoProjects\dds6\dds6\dds6\ArduinoCore\Release\libArduinoCore.a(wiring.o)
                0x00800335                timer0_overflow_count
 *(COMMON)
 COMMON         0x00800339        0x4 c:/program files (x86)/atmel/studio/7.0/toolchain/avr8/avr8-gnu-toolchain/bin/../lib/gcc/avr/5.4.0/../../../../avr/lib/avr5\libc.a(malloc.o)
                0x00800339                __brkval
                0x0080033b                __flp
                0x0080033d                PROVIDE (__bss_end, .)
                0x000031d0                __data_load_start = LOADADDR (.data)
                0x000033c4                __data_load_end = (__data_load_start + SIZEOF (.data))

.noinit         0x0080033d        0x0
                [!provide]                PROVIDE (__noinit_start, .)
 *(.noinit*)
                [!provide]                PROVIDE (__noinit_end, .)
                0x0080033d                _end = .
                0x0080033d                PROVIDE (__heap_start, .)

.eeprom         0x00810000        0x0
 *(.eeprom*)
                0x00810000                __eeprom_end = .

.fuse
 *(.fuse)
 *(.lfuse)
 *(.hfuse)
 *(.efuse)

.lock
 *(.lock*)

.signature
 *(.signature*)

.user_signatures
 *(.user_signatures*)

.stab
 *(.stab)

.stabstr
 *(.stabstr)

.stab.excl
 *(.stab.excl)

.stab.exclstr
 *(.stab.exclstr)

.stab.index
 *(.stab.index)

.stab.indexstr
 *(.stab.indexstr)

.comment        0x00000000       0x5c
 *(.comment)
 .comment       0x00000000       0x30 clock.o
                                 0x31 (size before relaxing)
 .comment       0x00000030       0x31 dds.o
 .comment       0x00000030       0x31 ElapsedTime.o
 .comment       0x00000030       0x31 Encoder.o
 .comment       0x00000030       0x31 graphics.o
 .comment       0x00000030       0x31 dds6.o
 .comment       0x00000030       0x31 lcd.o
 .comment       0x00000030       0x31 params.o
 .comment       0x00000030       0x31 sw.o
 .comment       0x00000030       0x31 vfo.o
 .comment       0x00000030       0x31 C:\Tims\MyArduinoProjects\dds6\dds6\dds6\ArduinoCore\Release\libArduinoCore.a(main.o)
 .comment       0x00000030       0x31 C:\Tims\MyArduinoProjects\dds6\dds6\dds6\ArduinoCore\Release\libArduinoCore.a(new.o)
 .comment       0x00000030       0x31 C:\Tims\MyArduinoProjects\dds6\dds6\dds6\ArduinoCore\Release\libArduinoCore.a(wiring.o)
 .comment       0x00000030       0x31 c:/program files (x86)/atmel/studio/7.0/toolchain/avr8/avr8-gnu-toolchain/bin/../lib/gcc/avr/5.4.0/../../../../avr/lib/avr5\libc.a(malloc.o)
 .comment       0x00000030       0x31 c:/program files (x86)/atmel/studio/7.0/toolchain/avr8/avr8-gnu-toolchain/bin/../lib/gcc/avr/5.4.0/../../../../avr/lib/avr5\libc.a(fprintf.o)
 .comment       0x00000030       0x31 c:/program files (x86)/atmel/studio/7.0/toolchain/avr8/avr8-gnu-toolchain/bin/../lib/gcc/avr/5.4.0/../../../../avr/lib/avr5\libc.a(sprintf.o)
 .comment       0x00000030       0x2c c:/program files (x86)/atmel/studio/7.0/toolchain/avr8/avr8-gnu-toolchain/bin/../lib/gcc/avr/5.4.0/../../../../avr/lib/avr5\libc.a(vfprintf_std.o)
                                 0x2d (size before relaxing)
 .comment       0x0000005c       0x31 c:/program files (x86)/atmel/studio/7.0/toolchain/avr8/avr8-gnu-toolchain/bin/../lib/gcc/avr/5.4.0/../../../../avr/lib/avr5\libc.a(fputc.o)

.note.gnu.avr.deviceinfo
                0x00000000       0x40
 .note.gnu.avr.deviceinfo
                0x00000000       0x40 C:/Program Files (x86)/Atmel/Studio/7.0/Packs/atmel/ATmega_DFP/1.2.150/gcc/dev/atmega328p/avr5/crtatmega328p.o

.note.gnu.build-id
 *(.note.gnu.build-id)

.debug
 *(.debug)

.line
 *(.line)

.debug_srcinfo
 *(.debug_srcinfo)

.debug_sfnames
 *(.debug_sfnames)

.debug_aranges  0x00000000      0x440
 *(.debug_aranges)
 .debug_aranges
                0x00000000       0x70 clock.o
 .debug_aranges
                0x00000070       0x28 dds.o
 .debug_aranges
                0x00000098       0x30 ElapsedTime.o
 .debug_aranges
                0x000000c8       0x60 Encoder.o
 .debug_aranges
                0x00000128       0x20 font.o
 .debug_aranges
                0x00000148       0x30 graphics.o
 .debug_aranges
                0x00000178       0x30 dds6.o
 .debug_aranges
                0x000001a8       0xc8 lcd.o
 .debug_aranges
                0x00000270       0x70 params.o
 .debug_aranges
                0x000002e0       0x50 sw.o
 .debug_aranges
                0x00000330       0x70 vfo.o
 .debug_aranges
                0x000003a0       0x30 C:\Tims\MyArduinoProjects\dds6\dds6\dds6\ArduinoCore\Release\libArduinoCore.a(main.o)
 .debug_aranges
                0x000003d0       0x28 C:\Tims\MyArduinoProjects\dds6\dds6\dds6\ArduinoCore\Release\libArduinoCore.a(new.o)
 .debug_aranges
                0x000003f8       0x48 C:\Tims\MyArduinoProjects\dds6\dds6\dds6\ArduinoCore\Release\libArduinoCore.a(wiring.o)

.debug_pubnames
 *(.debug_pubnames)

.debug_info     0x00000000     0x79a3
 *(.debug_info .gnu.linkonce.wi.*)
 .debug_info    0x00000000      0x5f4 C:/Program Files (x86)/Atmel/Studio/7.0/Packs/atmel/ATmega_DFP/1.2.150/gcc/dev/atmega328p/avr5/crtatmega328p.o
 .debug_info    0x000005f4      0x4bb clock.o
 .debug_info    0x00000aaf      0x11f dds.o
 .debug_info    0x00000bce      0x4d2 ElapsedTime.o
 .debug_info    0x000010a0      0x8fe Encoder.o
 .debug_info    0x0000199e       0x68 font.o
 .debug_info    0x00001a06      0x7dc graphics.o
 .debug_info    0x000021e2     0x1ac2 dds6.o
 .debug_info    0x00003ca4     0x1372 lcd.o
 .debug_info    0x00005016     0x1355 params.o
 .debug_info    0x0000636b      0x6cd sw.o
 .debug_info    0x00006a38      0x94d vfo.o
 .debug_info    0x00007385      0x237 C:\Tims\MyArduinoProjects\dds6\dds6\dds6\ArduinoCore\Release\libArduinoCore.a(main.o)
 .debug_info    0x000075bc      0x11c C:\Tims\MyArduinoProjects\dds6\dds6\dds6\ArduinoCore\Release\libArduinoCore.a(new.o)
 .debug_info    0x000076d8      0x2cb C:\Tims\MyArduinoProjects\dds6\dds6\dds6\ArduinoCore\Release\libArduinoCore.a(wiring.o)

.debug_abbrev   0x00000000     0x27a3
 *(.debug_abbrev)
 .debug_abbrev  0x00000000      0x5a2 C:/Program Files (x86)/Atmel/Studio/7.0/Packs/atmel/ATmega_DFP/1.2.150/gcc/dev/atmega328p/avr5/crtatmega328p.o
 .debug_abbrev  0x000005a2      0x261 clock.o
 .debug_abbrev  0x00000803       0xaa dds.o
 .debug_abbrev  0x000008ad      0x260 ElapsedTime.o
 .debug_abbrev  0x00000b0d      0x36b Encoder.o
 .debug_abbrev  0x00000e78       0x14 font.o
 .debug_abbrev  0x00000e8c      0x26a graphics.o
 .debug_abbrev  0x000010f6      0x4c1 dds6.o
 .debug_abbrev  0x000015b7      0x47d lcd.o
 .debug_abbrev  0x00001a34      0x3f0 params.o
 .debug_abbrev  0x00001e24      0x34e sw.o
 .debug_abbrev  0x00002172      0x2f0 vfo.o
 .debug_abbrev  0x00002462      0x12d C:\Tims\MyArduinoProjects\dds6\dds6\dds6\ArduinoCore\Release\libArduinoCore.a(main.o)
 .debug_abbrev  0x0000258f       0xce C:\Tims\MyArduinoProjects\dds6\dds6\dds6\ArduinoCore\Release\libArduinoCore.a(new.o)
 .debug_abbrev  0x0000265d      0x146 C:\Tims\MyArduinoProjects\dds6\dds6\dds6\ArduinoCore\Release\libArduinoCore.a(wiring.o)

.debug_line     0x00000000     0x297d
 *(.debug_line .debug_line.* .debug_line_end)
 .debug_line    0x00000000      0x133 C:/Program Files (x86)/Atmel/Studio/7.0/Packs/atmel/ATmega_DFP/1.2.150/gcc/dev/atmega328p/avr5/crtatmega328p.o
 .debug_line    0x00000133      0x2a2 clock.o
 .debug_line    0x000003d5      0x1c9 dds.o
 .debug_line    0x0000059e      0x142 ElapsedTime.o
 .debug_line    0x000006e0      0x2a5 Encoder.o
 .debug_line    0x00000985       0xac font.o
 .debug_line    0x00000a31      0x210 graphics.o
 .debug_line    0x00000c41      0x525 dds6.o
 .debug_line    0x00001166      0x7e2 lcd.o
 .debug_line    0x00001948      0x589 params.o
 .debug_line    0x00001ed1      0x1ff sw.o
 .debug_line    0x000020d0      0x380 vfo.o
 .debug_line    0x00002450      0x165 C:\Tims\MyArduinoProjects\dds6\dds6\dds6\ArduinoCore\Release\libArduinoCore.a(main.o)
 .debug_line    0x000025b5      0x12f C:\Tims\MyArduinoProjects\dds6\dds6\dds6\ArduinoCore\Release\libArduinoCore.a(new.o)
 .debug_line    0x000026e4      0x299 C:\Tims\MyArduinoProjects\dds6\dds6\dds6\ArduinoCore\Release\libArduinoCore.a(wiring.o)

.debug_frame    0x00000000      0xc40
 *(.debug_frame)
 .debug_frame   0x00000000      0x120 clock.o
 .debug_frame   0x00000120       0x54 dds.o
 .debug_frame   0x00000174       0x44 ElapsedTime.o
 .debug_frame   0x000001b8       0xe4 Encoder.o
 .debug_frame   0x0000029c       0xc4 graphics.o
 .debug_frame   0x00000360       0x54 dds6.o
 .debug_frame   0x000003b4      0x354 lcd.o
 .debug_frame   0x00000708      0x1b0 params.o
 .debug_frame   0x000008b8       0x84 sw.o
 .debug_frame   0x0000093c      0x198 vfo.o
 .debug_frame   0x00000ad4       0x54 C:\Tims\MyArduinoProjects\dds6\dds6\dds6\ArduinoCore\Release\libArduinoCore.a(main.o)
 .debug_frame   0x00000b28       0x54 C:\Tims\MyArduinoProjects\dds6\dds6\dds6\ArduinoCore\Release\libArduinoCore.a(new.o)
 .debug_frame   0x00000b7c       0xc4 C:\Tims\MyArduinoProjects\dds6\dds6\dds6\ArduinoCore\Release\libArduinoCore.a(wiring.o)

.debug_str      0x00000000     0x1826
 *(.debug_str)
 .debug_str     0x00000000      0x208 C:/Program Files (x86)/Atmel/Studio/7.0/Packs/atmel/ATmega_DFP/1.2.150/gcc/dev/atmega328p/avr5/crtatmega328p.o
 .debug_str     0x00000208      0x3af clock.o
                                0x3fd (size before relaxing)
 .debug_str     0x000005b7       0x2e dds.o
                                0x1ed (size before relaxing)
 .debug_str     0x000005e5      0x160 ElapsedTime.o
                                0x49d (size before relaxing)
 .debug_str     0x00000745      0x299 Encoder.o
                                0x671 (size before relaxing)
 .debug_str     0x000009de      0x326 graphics.o
                                0x4fb (size before relaxing)
 .debug_str     0x00000d04      0x65a dds6.o
                                0xe4d (size before relaxing)
 .debug_str     0x0000135e       0x93 lcd.o
                                0x6a8 (size before relaxing)
 .debug_str     0x000013f1       0xd9 params.o
                                0xb94 (size before relaxing)
 .debug_str     0x000014ca       0xa0 sw.o
                                0x529 (size before relaxing)
 .debug_str     0x0000156a       0x82 vfo.o
                                0x611 (size before relaxing)
 .debug_str     0x000015ec       0x97 C:\Tims\MyArduinoProjects\dds6\dds6\dds6\ArduinoCore\Release\libArduinoCore.a(main.o)
                                0x29c (size before relaxing)
 .debug_str     0x00001683       0x50 C:\Tims\MyArduinoProjects\dds6\dds6\dds6\ArduinoCore\Release\libArduinoCore.a(new.o)
                                0x1b2 (size before relaxing)
 .debug_str     0x000016d3      0x153 C:\Tims\MyArduinoProjects\dds6\dds6\dds6\ArduinoCore\Release\libArduinoCore.a(wiring.o)
                                0x232 (size before relaxing)

.debug_loc      0x00000000     0x3db6
 *(.debug_loc)
 .debug_loc     0x00000000      0x2cc clock.o
 .debug_loc     0x000002cc      0x171 dds.o
 .debug_loc     0x0000043d       0xcf ElapsedTime.o
 .debug_loc     0x0000050c      0x2d7 Encoder.o
 .debug_loc     0x000007e3      0x5bd graphics.o
 .debug_loc     0x00000da0      0x5a5 dds6.o
 .debug_loc     0x00001345      0xffc lcd.o
 .debug_loc     0x00002341      0xb0c params.o
 .debug_loc     0x00002e4d      0x1a8 sw.o
 .debug_loc     0x00002ff5      0xae8 vfo.o
 .debug_loc     0x00003add       0x4c C:\Tims\MyArduinoProjects\dds6\dds6\dds6\ArduinoCore\Release\libArduinoCore.a(new.o)
 .debug_loc     0x00003b29      0x28d C:\Tims\MyArduinoProjects\dds6\dds6\dds6\ArduinoCore\Release\libArduinoCore.a(wiring.o)

.debug_macinfo
 *(.debug_macinfo)

.debug_weaknames
 *(.debug_weaknames)

.debug_funcnames
 *(.debug_funcnames)

.debug_typenames
 *(.debug_typenames)

.debug_varnames
 *(.debug_varnames)

.debug_pubtypes
 *(.debug_pubtypes)

.debug_ranges   0x00000000      0x380
 *(.debug_ranges)
 .debug_ranges  0x00000000       0x60 clock.o
 .debug_ranges  0x00000060       0x18 dds.o
 .debug_ranges  0x00000078       0x20 ElapsedTime.o
 .debug_ranges  0x00000098       0x50 Encoder.o
 .debug_ranges  0x000000e8       0x20 graphics.o
 .debug_ranges  0x00000108       0x38 dds6.o
 .debug_ranges  0x00000140       0xb8 lcd.o
 .debug_ranges  0x000001f8       0x60 params.o
 .debug_ranges  0x00000258       0x40 sw.o
 .debug_ranges  0x00000298       0x78 vfo.o
 .debug_ranges  0x00000310       0x20 C:\Tims\MyArduinoProjects\dds6\dds6\dds6\ArduinoCore\Release\libArduinoCore.a(main.o)
 .debug_ranges  0x00000330       0x18 C:\Tims\MyArduinoProjects\dds6\dds6\dds6\ArduinoCore\Release\libArduinoCore.a(new.o)
 .debug_ranges  0x00000348       0x38 C:\Tims\MyArduinoProjects\dds6\dds6\dds6\ArduinoCore\Release\libArduinoCore.a(wiring.o)

.debug_macro
 *(.debug_macro)
OUTPUT(dds6.elf elf32-avr)
LOAD linker stubs
