Archive member included to satisfy reference by file (symbol)

c:/program files (x86)/atmel/studio/7.0/toolchain/avr8/avr8-gnu-toolchain/bin/../lib/gcc/avr/5.4.0/../../../../avr/lib/avr5\libm.a(fixunssfsi.o)
                              dds.o (__fixunssfsi)
c:/program files (x86)/atmel/studio/7.0/toolchain/avr8/avr8-gnu-toolchain/bin/../lib/gcc/avr/5.4.0/../../../../avr/lib/avr5\libm.a(floatsisf.o)
                              vfo.o (__floatunsisf)
c:/program files (x86)/atmel/studio/7.0/toolchain/avr8/avr8-gnu-toolchain/bin/../lib/gcc/avr/5.4.0/../../../../avr/lib/avr5\libm.a(fp_split3.o)
                              c:/program files (x86)/atmel/studio/7.0/toolchain/avr8/avr8-gnu-toolchain/bin/../lib/gcc/avr/5.4.0/../../../../avr/lib/avr5\libm.a(fixunssfsi.o) (__fp_splitA)
c:/program files (x86)/atmel/studio/7.0/toolchain/avr8/avr8-gnu-toolchain/bin/../lib/gcc/avr/5.4.0/../../../../avr/lib/avr5\libm.a(fp_zero.o)
                              c:/program files (x86)/atmel/studio/7.0/toolchain/avr8/avr8-gnu-toolchain/bin/../lib/gcc/avr/5.4.0/../../../../avr/lib/avr5\libm.a(fixunssfsi.o) (__fp_zero)
c:/program files (x86)/atmel/studio/7.0/toolchain/avr8/avr8-gnu-toolchain/bin/../lib/gcc/avr/5.4.0/../../../../avr/lib/avr5\libm.a(mulsf3.o)
                              dds.o (__mulsf3)
c:/program files (x86)/atmel/studio/7.0/toolchain/avr8/avr8-gnu-toolchain/bin/../lib/gcc/avr/5.4.0/../../../../avr/lib/avr5\libm.a(mulsf3x.o)
                              c:/program files (x86)/atmel/studio/7.0/toolchain/avr8/avr8-gnu-toolchain/bin/../lib/gcc/avr/5.4.0/../../../../avr/lib/avr5\libm.a(mulsf3.o) (__mulsf3x)
c:/program files (x86)/atmel/studio/7.0/toolchain/avr8/avr8-gnu-toolchain/bin/../lib/gcc/avr/5.4.0/../../../../avr/lib/avr5\libm.a(fp_inf.o)
                              c:/program files (x86)/atmel/studio/7.0/toolchain/avr8/avr8-gnu-toolchain/bin/../lib/gcc/avr/5.4.0/../../../../avr/lib/avr5\libm.a(mulsf3x.o) (__fp_inf)
c:/program files (x86)/atmel/studio/7.0/toolchain/avr8/avr8-gnu-toolchain/bin/../lib/gcc/avr/5.4.0/../../../../avr/lib/avr5\libm.a(fp_nan.o)
                              c:/program files (x86)/atmel/studio/7.0/toolchain/avr8/avr8-gnu-toolchain/bin/../lib/gcc/avr/5.4.0/../../../../avr/lib/avr5\libm.a(mulsf3x.o) (__fp_nan)
c:/program files (x86)/atmel/studio/7.0/toolchain/avr8/avr8-gnu-toolchain/bin/../lib/gcc/avr/5.4.0/../../../../avr/lib/avr5\libm.a(fp_pscA.o)
                              c:/program files (x86)/atmel/studio/7.0/toolchain/avr8/avr8-gnu-toolchain/bin/../lib/gcc/avr/5.4.0/../../../../avr/lib/avr5\libm.a(mulsf3x.o) (__fp_pscA)
c:/program files (x86)/atmel/studio/7.0/toolchain/avr8/avr8-gnu-toolchain/bin/../lib/gcc/avr/5.4.0/../../../../avr/lib/avr5\libm.a(fp_pscB.o)
                              c:/program files (x86)/atmel/studio/7.0/toolchain/avr8/avr8-gnu-toolchain/bin/../lib/gcc/avr/5.4.0/../../../../avr/lib/avr5\libm.a(mulsf3x.o) (__fp_pscB)
c:/program files (x86)/atmel/studio/7.0/toolchain/avr8/avr8-gnu-toolchain/bin/../lib/gcc/avr/5.4.0/../../../../avr/lib/avr5\libm.a(fp_round.o)
                              c:/program files (x86)/atmel/studio/7.0/toolchain/avr8/avr8-gnu-toolchain/bin/../lib/gcc/avr/5.4.0/../../../../avr/lib/avr5\libm.a(mulsf3.o) (__fp_round)
C:\Tims\MyArduinoProjects\dds6\dds6\dds6\ArduinoCore\Debug\libArduinoCore.a(main.o)
                              C:/Program Files (x86)/Atmel/Studio/7.0/Packs/atmel/ATmega_DFP/1.2.150/gcc/dev/atmega328p/avr5/crtatmega328p.o (main)
C:\Tims\MyArduinoProjects\dds6\dds6\dds6\ArduinoCore\Debug\libArduinoCore.a(new.o)
                              Encoder.o (_Znwj)
C:\Tims\MyArduinoProjects\dds6\dds6\dds6\ArduinoCore\Debug\libArduinoCore.a(wiring.o)
                              C:\Tims\MyArduinoProjects\dds6\dds6\dds6\ArduinoCore\Debug\libArduinoCore.a(main.o) (init)
C:\Tims\MyArduinoProjects\dds6\dds6\dds6\ArduinoCore\Debug\libArduinoCore.a(hooks.o)
                              C:\Tims\MyArduinoProjects\dds6\dds6\dds6\ArduinoCore\Debug\libArduinoCore.a(wiring.o) (yield)
c:/program files (x86)/atmel/studio/7.0/toolchain/avr8/avr8-gnu-toolchain/bin/../lib/gcc/avr/5.4.0/avr5\libgcc.a(_mulsi3.o)
                              vfo.o (__mulsi3)
c:/program files (x86)/atmel/studio/7.0/toolchain/avr8/avr8-gnu-toolchain/bin/../lib/gcc/avr/5.4.0/avr5\libgcc.a(_udivmodhi4.o)
                              keyer.o (__udivmodhi4)
c:/program files (x86)/atmel/studio/7.0/toolchain/avr8/avr8-gnu-toolchain/bin/../lib/gcc/avr/5.4.0/avr5\libgcc.a(_udivmodsi4.o)
                              vfo.o (__udivmodsi4)
c:/program files (x86)/atmel/studio/7.0/toolchain/avr8/avr8-gnu-toolchain/bin/../lib/gcc/avr/5.4.0/avr5\libgcc.a(_exit.o)
                              C:/Program Files (x86)/Atmel/Studio/7.0/Packs/atmel/ATmega_DFP/1.2.150/gcc/dev/atmega328p/avr5/crtatmega328p.o (exit)
[...]
Memory Configuration

Name             Origin             Length             Attributes
text             0x00000000         0x00020000         xr
data             0x00800060         0x0000ffa0         rw !x
eeprom           0x00810000         0x00010000         rw !x
fuse             0x00820000         0x00000003         rw !x
lock             0x00830000         0x00000400         rw !x
signature        0x00840000         0x00000400         rw !x
user_signatures  0x00850000         0x00000400         rw !x
*default*        0x00000000         0xffffffff

Linker script and memory map

Address of section .data set to 0x800100
LOAD C:/Program Files (x86)/Atmel/Studio/7.0/Packs/atmel/ATmega_DFP/1.2.150/gcc/dev/atmega328p/avr5/crtatmega328p.o
LOAD clock.o
LOAD dds.o
LOAD ElapsedTime.o
LOAD Encoder.o
LOAD font.o
LOAD graphics.o
LOAD keyer.o
LOAD led.o
LOAD dds6.o
LOAD lcd.o
LOAD params.o
LOAD relay.o
LOAD sw.o
LOAD timer.o
LOAD uart.o
LOAD vfo.o
START GROUP
LOAD c:/program files (x86)/atmel/studio/7.0/toolchain/avr8/avr8-gnu-toolchain/bin/../lib/gcc/avr/5.4.0/../../../../avr/lib/avr5\libm.a
LOAD C:\Tims\MyArduinoProjects\dds6\dds6\dds6\ArduinoCore\Debug\libArduinoCore.a
END GROUP
LOAD c:/program files (x86)/atmel/studio/7.0/toolchain/avr8/avr8-gnu-toolchain/bin/../lib/gcc/avr/5.4.0/avr5\libgcc.a
LOAD c:/program files (x86)/atmel/studio/7.0/toolchain/avr8/avr8-gnu-toolchain/bin/../lib/gcc/avr/5.4.0/../../../../avr/lib/avr5\libm.a
START GROUP
LOAD c:/program files (x86)/atmel/studio/7.0/toolchain/avr8/avr8-gnu-toolchain/bin/../lib/gcc/avr/5.4.0/avr5\libgcc.a
LOAD c:/program files (x86)/atmel/studio/7.0/toolchain/avr8/avr8-gnu-toolchain/bin/../lib/gcc/avr/5.4.0/../../../../avr/lib/avr5\libm.a
LOAD c:/program files (x86)/atmel/studio/7.0/toolchain/avr8/avr8-gnu-toolchain/bin/../lib/gcc/avr/5.4.0/../../../../avr/lib/avr5\libc.a
LOAD C:/Program Files (x86)/Atmel/Studio/7.0/Packs/atmel/ATmega_DFP/1.2.150/gcc/dev/atmega328p/avr5\libatmega328p.a
END GROUP
                0x00020000                __TEXT_REGION_LENGTH__ = DEFINED (__TEXT_REGION_LENGTH__)?__TEXT_REGION_LENGTH__:0x20000
                0x0000ffa0                __DATA_REGION_LENGTH__ = DEFINED (__DATA_REGION_LENGTH__)?__DATA_REGION_LENGTH__:0xffa0
                0x00010000                __EEPROM_REGION_LENGTH__ = DEFINED (__EEPROM_REGION_LENGTH__)?__EEPROM_REGION_LENGTH__:0x10000
                [0x00000003]                __FUSE_REGION_LENGTH__ = DEFINED (__FUSE_REGION_LENGTH__)?__FUSE_REGION_LENGTH__:0x400
                0x00000400                __LOCK_REGION_LENGTH__ = DEFINED (__LOCK_REGION_LENGTH__)?__LOCK_REGION_LENGTH__:0x400
                0x00000400                __SIGNATURE_REGION_LENGTH__ = DEFINED (__SIGNATURE_REGION_LENGTH__)?__SIGNATURE_REGION_LENGTH__:0x400
                0x00000400                __USER_SIGNATURE_REGION_LENGTH__ = DEFINED (__USER_SIGNATURE_REGION_LENGTH__)?__USER_SIGNATURE_REGION_LENGTH__:0x400

.hash
 *(.hash)

.dynsym
 *(.dynsym)

.dynstr
 *(.dynstr)

.gnu.version
 *(.gnu.version)

.gnu.version_d
 *(.gnu.version_d)

.gnu.version_r
 *(.gnu.version_r)

.rel.init
 *(.rel.init)

.rela.init
 *(.rela.init)

.rel.text
 *(.rel.text)
 *(.rel.text.*)
 *(.rel.gnu.linkonce.t*)

.rela.text
 *(.rela.text)
 *(.rela.text.*)
 *(.rela.gnu.linkonce.t*)

.rel.fini
 *(.rel.fini)

.rela.fini
 *(.rela.fini)

.rel.rodata
 *(.rel.rodata)
 *(.rel.rodata.*)
 *(.rel.gnu.linkonce.r*)

.rela.rodata
 *(.rela.rodata)
 *(.rela.rodata.*)
 *(.rela.gnu.linkonce.r*)

.rel.data
 *(.rel.data)
 *(.rel.data.*)
 *(.rel.gnu.linkonce.d*)

.rela.data
 *(.rela.data)
 *(.rela.data.*)
 *(.rela.gnu.linkonce.d*)

.rel.ctors
 *(.rel.ctors)

.rela.ctors
 *(.rela.ctors)

.rel.dtors
 *(.rel.dtors)

.rela.dtors
 *(.rela.dtors)

.rel.got
 *(.rel.got)

.rela.got
 *(.rela.got)

.rel.bss
 *(.rel.bss)

.rela.bss
 *(.rela.bss)

.rel.plt
 *(.rel.plt)

.rela.plt
 *(.rela.plt)

.text           0x00000000     0x3938
 *(.vectors)
 .vectors       0x00000000       0x68 C:/Program Files (x86)/Atmel/Studio/7.0/Packs/atmel/ATmega_DFP/1.2.150/gcc/dev/atmega328p/avr5/crtatmega328p.o
                0x00000000                __vector_default
                0x00000000                __vectors
 *(.vectors)
 *(.progmem.gcc*)
                0x00000068                . = ALIGN (0x2)
                0x00000068                __trampolines_start = .
 *(.trampolines)
 .trampolines   0x00000068        0x0 linker stubs
 *(.trampolines*)
                0x00000068                __trampolines_end = .
 *libprintf_flt.a:*(.progmem.data)
 *libc.a:*(.progmem.data)
 *(.progmem*)
                0x00000068                . = ALIGN (0x2)
 *(.jumptables)
 *(.jumptables*)
 *(.lowtext)
 *(.lowtext*)
                0x00000068                __ctors_start = .
 *(.ctors)
                0x00000068                __ctors_end = .
                0x00000068                __dtors_start = .
 *(.dtors)
                0x00000068                __dtors_end = .
 SORT(*)(.ctors)
 SORT(*)(.dtors)
 *(.init0)
 .init0         0x00000068        0x0 C:/Program Files (x86)/Atmel/Studio/7.0/Packs/atmel/ATmega_DFP/1.2.150/gcc/dev/atmega328p/avr5/crtatmega328p.o
                0x00000068                __init
 *(.init0)
 *(.init1)
 *(.init1)
 *(.init2)
 .init2         0x00000068        0xc C:/Program Files (x86)/Atmel/Studio/7.0/Packs/atmel/ATmega_DFP/1.2.150/gcc/dev/atmega328p/avr5/crtatmega328p.o
 *(.init2)
 *(.init3)
 *(.init3)
 *(.init4)
 .init4         0x00000074       0x16 c:/program files (x86)/atmel/studio/7.0/toolchain/avr8/avr8-gnu-toolchain/bin/../lib/gcc/avr/5.4.0/avr5\libgcc.a(_copy_data.o)
                0x00000074                __do_copy_data
 .init4         0x0000008a       0x10 c:/program files (x86)/atmel/studio/7.0/toolchain/avr8/avr8-gnu-toolchain/bin/../lib/gcc/avr/5.4.0/avr5\libgcc.a(_clear_bss.o)
                0x0000008a                __do_clear_bss
 *(.init4)
 *(.init5)
 *(.init5)
 *(.init6)
 *(.init6)
 *(.init7)
 *(.init7)
 *(.init8)
 *(.init8)
 *(.init9)
 .init9         0x0000009a        0x8 C:/Program Files (x86)/Atmel/Studio/7.0/Packs/atmel/ATmega_DFP/1.2.150/gcc/dev/atmega328p/avr5/crtatmega328p.o
 *(.init9)
 *(.text)
 .text          0x000000a2        0x4 C:/Program Files (x86)/Atmel/Studio/7.0/Packs/atmel/ATmega_DFP/1.2.150/gcc/dev/atmega328p/avr5/crtatmega328p.o
                0x000000a2                __vector_22
                0x000000a2                __vector_1
                0x000000a2                __vector_24
                0x000000a2                __vector_12
                0x000000a2                __bad_interrupt
                0x000000a2                __vector_6
                0x000000a2                __vector_3
                0x000000a2                __vector_23
                0x000000a2                __vector_25
                0x000000a2                __vector_13
                0x000000a2                __vector_17
                0x000000a2                __vector_19
                0x000000a2                __vector_5
                0x000000a2                __vector_4
                0x000000a2                __vector_9
                0x000000a2                __vector_2
                0x000000a2                __vector_21
                0x000000a2                __vector_15
                0x000000a2                __vector_8
                0x000000a2                __vector_14
                0x000000a2                __vector_10
                0x000000a2                __vector_18
                0x000000a2                __vector_20
 .text          0x000000a6      0x628 font.o
                0x000006a6                _getPixels
                0x000006ce                . = ALIGN (0x2)
 *(.text.*)
 .text._ZN5Clock4tickEv
                0x000006ce      0x116 clock.o
                0x000006ce                _ZN5Clock4tickEv
 .text.__vector_7
                0x000007e4       0x48 clock.o
                0x000007e4                __vector_7
 .text._ZN5Clock5delayEm
                0x0000082c       0x2a clock.o
                0x0000082c                _ZN5Clock5delayEm
 .text._ZN5Clock16registerPeriodicEP8Callbackj
                0x00000856       0x4a clock.o
                0x00000856                _ZN5Clock16registerPeriodicEP8Callbackj
 .text._ZN5Clock15registerOneshotEP8Callbackj
                0x000008a0       0x48 clock.o
                0x000008a0                _ZN5Clock15registerOneshotEP8Callbackj
 .text._ZN5Clock13cancelOneshotEi
                0x000008e8       0x1a clock.o
                0x000008e8                _ZN5Clock13cancelOneshotEi
 .text._ZN5ClockC2Ev
                0x00000902       0x56 clock.o
                0x00000902                _ZN5ClockC1Ev
                0x00000902                _ZN5ClockC2Ev
 .text._Z7usecDlyi
                0x00000958        0x2 clock.o
                0x00000958                _Z7usecDlyi
 .text.DdsInit  0x0000095a       0x56 dds.o
                0x0000095a                DdsInit
 .text.dds      0x000009b0       0xa6 dds.o
                0x000009b0                dds
 .text._ZN7EncoderC2Ehhh
                0x00000a56       0xbc Encoder.o
                0x00000a56                _ZN7EncoderC2Ehhh
                0x00000a56                _ZN7EncoderC1Ehhh
 .text._ZN7Encoder6updateEv
                0x00000b12       0xe8 Encoder.o
                0x00000b12                _ZN7Encoder6updateEv
 .text._ZN7Encoder8callbackEv
                0x00000bfa        0x4 Encoder.o
                0x00000bfa                _ZN7Encoder8callbackEv
 .text._ZN7Encoder8hasEventEv
                0x00000bfe       0x10 Encoder.o
                0x00000bfe                _ZN7Encoder8hasEventEv
 .text._ZN7Encoder8getEventEv
                0x00000c0e        0x6 Encoder.o
                0x00000c0e                _ZN7Encoder8getEventEv
 .text._ZN7Encoder10clearEventEv
                0x00000c14        0x6 Encoder.o
                0x00000c14                _ZN7Encoder10clearEventEv
 .text._ZN7Encoder16getMissedCwCountEv
                0x00000c1a        0xc Encoder.o
                0x00000c1a                _ZN7Encoder16getMissedCwCountEv
 .text._ZN7Encoder17getMissedCcwCountEv
                0x00000c26        0xc Encoder.o
                0x00000c26                _ZN7Encoder17getMissedCcwCountEv
 .text._ZN7Encoder12setEventRateEh
                0x00000c32        0xa Encoder.o
                0x00000c32                _ZN7Encoder12setEventRateEh
 .text._ZN8Graphics10draw2xCharEchh9_pixColorS0_
                0x00000c3c      0x102 graphics.o
                0x00000c3c                _ZN8Graphics10draw2xCharEchh9_pixColorS0_
 .text._ZN5keyer8callbackEv
                0x00000d3e      0x170 keyer.o
                0x00000d3e                _ZN5keyer8callbackEv
 .text._ZN5keyerC2EP2SwS1_P5relay
                0x00000eae       0x26 keyer.o
                0x00000eae                _ZN5keyerC1EP2SwS1_P5relay
                0x00000eae                _ZN5keyerC2EP2SwS1_P5relay
 .text._ZN5keyer6isIdleEv
                0x00000ed4        0xe keyer.o
                0x00000ed4                _ZN5keyer6isIdleEv
 .text._ZN5keyer6updateEv
                0x00000ee2       0x2e keyer.o
                0x00000ee2                _ZN5keyer6updateEv
 .text._ZN5keyer8getStateEv
                0x00000f10        0x6 keyer.o
                0x00000f10                _ZN5keyer8getStateEv
 .text._ZN5keyer8setSpeedEh
                0x00000f16       0x1a keyer.o
                0x00000f16                _ZN5keyer8setSpeedEh
 .text._ZN5keyer7setModeE6_key_t
                0x00000f30        0x6 keyer.o
                0x00000f30                _ZN5keyer7setModeE6_key_t
 .text._ZN3LedC2Ev
                0x00000f36       0x16 led.o
                0x00000f36                _ZN3LedC1Ev
                0x00000f36                _ZN3LedC2Ev
 .text._ZN3Led6toggleEv
                0x00000f4c       0x22 led.o
                0x00000f4c                _ZN3Led6toggleEv
 .text._ZN3Led8callbackEv
                0x00000f6e        0x4 led.o
                0x00000f6e                _ZN3Led8callbackEv
 .text._Z6mymainv
                0x00000f72      0x682 dds6.o
                0x00000f72                _Z6mymainv
 .text.setup    0x000015f4        0x2 dds6.o
                0x000015f4                setup
 .text.loop     0x000015f6        0x4 dds6.o
                0x000015f6                loop
 .text._ZN3Lcd5resetEv
                0x000015fa       0x3e lcd.o
                0x000015fa                _ZN3Lcd5resetEv
 .text._ZN3Lcd8sendByteEh
                0x00001638       0x48 lcd.o
                0x00001638                _ZN3Lcd8sendByteEh
 .text._ZN3Lcd7sendCmdEh
                0x00001680       0x24 lcd.o
                0x00001680                _ZN3Lcd7sendCmdEh
 .text._ZN3Lcd8sendDataEPhh
                0x000016a4       0x54 lcd.o
                0x000016a4                _ZN3Lcd8sendDataEPhh
 .text._ZN3Lcd8cmpltCmdEv
                0x000016f8        0xa lcd.o
                0x000016f8                _ZN3Lcd8cmpltCmdEv
 .text._ZN3Lcd2onEv
                0x00001702       0x10 lcd.o
                0x00001702                _ZN3Lcd2onEv
 .text._ZN3Lcd9sleep_outEv
                0x00001712       0x10 lcd.o
                0x00001712                _ZN3Lcd9sleep_outEv
 .text._ZN3Lcd10mem_accessEv
                0x00001722       0x46 lcd.o
                0x00001722                _ZN3Lcd10mem_accessEv
 .text._ZN3Lcd11lcd_putcharEc
                0x00001768      0x146 lcd.o
                0x00001768                _ZN3Lcd11lcd_putcharEc
 .text._ZN3Lcd8drawCharEchhh9_pixColorS0_
                0x000018ae      0x156 lcd.o
                0x000018ae                _ZN3Lcd8drawCharEchhh9_pixColorS0_
 .text._ZN3Lcd7clrScrnEv
                0x00001a04       0xf2 lcd.o
                0x00001a04                _ZN3Lcd7clrScrnEv
 .text._ZN3LcdC2Ev
                0x00001af6       0xb8 lcd.o
                0x00001af6                _ZN3LcdC2Ev
                0x00001af6                _ZN3LcdC1Ev
 .text._ZN3Lcd4putsEPc9_pixColorS1_
                0x00001bae       0x8a lcd.o
                0x00001bae                _ZN3Lcd4putsEPc9_pixColorS1_
 .text._ZN3Lcd6gotoxyEhh
                0x00001c38       0x12 lcd.o
                0x00001c38                _ZN3Lcd6gotoxyEhh
 .text._Z8lcd_putccP6__file
                0x00001c4a        0xa lcd.o
                0x00001c4a                _Z8lcd_putccP6__file
 .text._ZN6params8callbackEv
                0x00001c54        0xc params.o
                0x00001c54                _ZN6params8callbackEv
 .text._Z6memcpyPvPKvj
                0x00001c60       0x16 params.o
                0x00001c60                _Z6memcpyPvPKvj
 .text._ZN6params10initParamsEP3Lcd
                0x00001c76      0x1c6 params.o
                0x00001c76                _ZN6params10initParamsEP3Lcd
 .text._ZN6paramsC2EP8Graphics
                0x00001e3c       0x84 params.o
                0x00001e3c                _ZN6paramsC1EP8Graphics
                0x00001e3c                _ZN6paramsC2EP8Graphics
 .text._ZN6params7getStepEv
                0x00001ec0        0x6 params.o
                0x00001ec0                _ZN6params7getStepEv
 .text._ZN6params7getBandEv
                0x00001ec6        0x6 params.o
                0x00001ec6                _ZN6params7getBandEv
 .text._ZN6params6getVfoEv
                0x00001ecc        0x6 params.o
                0x00001ecc                _ZN6params6getVfoEv
 .text._ZN6params12getActiveVfoEv
                0x00001ed2        0x6 params.o
                0x00001ed2                _ZN6params12getActiveVfoEv
 .text._ZN6params7getModeEv
                0x00001ed8        0x6 params.o
                0x00001ed8                _ZN6params7getModeEv
 .text._ZN6params7setModeE7_mode_t
                0x00001ede        0x6 params.o
                0x00001ede                _ZN6params7setModeE7_mode_t
 .text._ZN6params8getSpeedEv
                0x00001ee4        0x6 params.o
                0x00001ee4                _ZN6params8getSpeedEv
 .text._ZN6params6getKeyEv
                0x00001eea        0x6 params.o
                0x00001eea                _ZN6params6getKeyEv
 .text._ZN6params12setActiveVfoE10vfo_actv_t
                0x00001ef0       0x84 params.o
                0x00001ef0                _ZN6params12setActiveVfoE10vfo_actv_t
 .text._ZN6params6updateEP7EncoderP2SwP3Lcd
                0x00001f74      0x44c params.o
                0x00001f74                _ZN6params6updateEP7EncoderP2SwP3Lcd
 .text._ZN6params11updateEnterEP7EncoderP2SwP3Lcd
                0x000023c0       0xc4 params.o
                0x000023c0                _ZN6params11updateEnterEP7EncoderP2SwP3Lcd
 .text._ZN5relayC2EP6params
                0x00002484        0x8 relay.o
                0x00002484                _ZN5relayC2EP6params
                0x00002484                _ZN5relayC1EP6params
 .text._ZN5relay6setVfoEP3vfo
                0x0000248c        0x8 relay.o
                0x0000248c                _ZN5relay6setVfoEP3vfo
 .text._ZN5relay7setBandE5_band
                0x00002494        0x6 relay.o
                0x00002494                _ZN5relay7setBandE5_band
 .text._ZN5relay8selectTxEv
                0x0000249a       0x42 relay.o
                0x0000249a                _ZN5relay8selectTxEv
 .text._ZN5relay8selectRxEv
                0x000024dc       0x42 relay.o
                0x000024dc                _ZN5relay8selectRxEv
 .text._ZN2SwC2Ehh
                0x0000251e       0x64 sw.o
                0x0000251e                _ZN2SwC2Ehh
                0x0000251e                _ZN2SwC1Ehh
 .text._ZN2Sw6updateEv
                0x00002582       0x54 sw.o
                0x00002582                _ZN2Sw6updateEv
 .text._ZN2Sw8callbackEv
                0x000025d6        0x4 sw.o
                0x000025d6                _ZN2Sw8callbackEv
 .text._ZN2Sw8hasEventEv
                0x000025da       0x10 sw.o
                0x000025da                _ZN2Sw8hasEventEv
 .text._ZN2Sw8getEventEv
                0x000025ea        0x6 sw.o
                0x000025ea                _ZN2Sw8getEventEv
 .text._ZN2Sw10clearEventEv
                0x000025f0        0x6 sw.o
                0x000025f0                _ZN2Sw10clearEventEv
 .text._ZN2Sw8isClosedEv
                0x000025f6       0x10 sw.o
                0x000025f6                _ZN2Sw8isClosedEv
 .text._ZN5TimerC2Ev
                0x00002606       0x2c timer.o
                0x00002606                _ZN5TimerC2Ev
                0x00002606                _ZN5TimerC1Ev
 .text._ZN5Timer10startTimerEP8Callbackj
                0x00002632       0x44 timer.o
                0x00002632                _ZN5Timer10startTimerEP8Callbackj
 .text._ZN5Timer7expiredEv
                0x00002676       0x26 timer.o
                0x00002676                _ZN5Timer7expiredEv
 .text.__vector_11
                0x0000269c       0x48 timer.o
                0x0000269c                __vector_11
 .text.uart_init
                0x000026e4       0x18 uart.o
                0x000026e4                uart_init
 .text.uart_getc
                0x000026fc       0x10 uart.o
                0x000026fc                uart_getc
 .text.uart_putc
                0x0000270c       0x22 uart.o
                0x0000270c                uart_putc
 .text._ZN3vfoC2EP7EncoderP13vfoParametersj
                0x0000272e       0xae vfo.o
                0x0000272e                _ZN3vfoC1EP7EncoderP13vfoParametersj
                0x0000272e                _ZN3vfoC2EP7EncoderP13vfoParametersj
 .text._ZN3vfo6updateEh
                0x000027dc      0x126 vfo.o
                0x000027dc                _ZN3vfo6updateEh
 .text._ZN3vfo9getRxFreqE5_band
                0x00002902       0x4a vfo.o
                0x00002902                _ZN3vfo9getRxFreqE5_band
 .text._ZN3vfo9getTxFreqE5_band
                0x0000294c       0x4a vfo.o
                0x0000294c                _ZN3vfo9getTxFreqE5_band
 .text._ZN3vfo7setStepE6step_t
                0x00002996       0x2e vfo.o
                0x00002996                _ZN3vfo7setStepE6step_t
 .text._ZN3vfo13intToString32EmPc
                0x000029c4      0x16e vfo.o
                0x000029c4                _ZN3vfo13intToString32EmPc
 .text._ZN3vfo17formatDisplayFreqEPcS0_
                0x00002b32       0x46 vfo.o
                0x00002b32                _ZN3vfo17formatDisplayFreqEPcS0_
 .text._ZN3vfo16getTxDisplayFreqEPc5_band
                0x00002b78       0x68 vfo.o
                0x00002b78                _ZN3vfo16getTxDisplayFreqEPc5_band
 .text._ZN3vfo7getLineEv
                0x00002be0        0xc vfo.o
                0x00002be0                _ZN3vfo7getLineEv
 .text.avr-libc.fplib
                0x00002bec       0x5e c:/program files (x86)/atmel/studio/7.0/toolchain/avr8/avr8-gnu-toolchain/bin/../lib/gcc/avr/5.4.0/../../../../avr/lib/avr5\libm.a(fixunssfsi.o)
                0x00002bec                __fixunssfsi
 .text.avr-libc.fplib
                0x00002c4a       0x7a c:/program files (x86)/atmel/studio/7.0/toolchain/avr8/avr8-gnu-toolchain/bin/../lib/gcc/avr/5.4.0/../../../../avr/lib/avr5\libm.a(floatsisf.o)
                0x00002c4a                __floatunsisf
                0x00002c4e                __floatsisf
 .text.avr-libc.fplib
                0x00002cc4       0x44 c:/program files (x86)/atmel/studio/7.0/toolchain/avr8/avr8-gnu-toolchain/bin/../lib/gcc/avr/5.4.0/../../../../avr/lib/avr5\libm.a(fp_split3.o)
                0x00002cc4                __fp_split3
                0x00002cd4                __fp_splitA
 .text.avr-libc.fplib
                0x00002d08        0xe c:/program files (x86)/atmel/studio/7.0/toolchain/avr8/avr8-gnu-toolchain/bin/../lib/gcc/avr/5.4.0/../../../../avr/lib/avr5\libm.a(fp_zero.o)
                0x00002d08                __fp_zero
                0x00002d0a                __fp_szero
 .text.avr-libc.fplib
                0x00002d16        0x8 c:/program files (x86)/atmel/studio/7.0/toolchain/avr8/avr8-gnu-toolchain/bin/../lib/gcc/avr/5.4.0/../../../../avr/lib/avr5\libm.a(mulsf3.o)
                0x00002d16                __mulsf3
 .text.avr-libc.fplib
                0x00002d1e       0xd2 c:/program files (x86)/atmel/studio/7.0/toolchain/avr8/avr8-gnu-toolchain/bin/../lib/gcc/avr/5.4.0/../../../../avr/lib/avr5\libm.a(mulsf3x.o)
                0x00002d3c                __mulsf3x
                0x00002d42                __mulsf3_pse
 .text.avr-libc.fplib
                0x00002df0        0xc c:/program files (x86)/atmel/studio/7.0/toolchain/avr8/avr8-gnu-toolchain/bin/../lib/gcc/avr/5.4.0/../../../../avr/lib/avr5\libm.a(fp_inf.o)
                0x00002df0                __fp_inf
 .text.avr-libc.fplib
                0x00002dfc        0x6 c:/program files (x86)/atmel/studio/7.0/toolchain/avr8/avr8-gnu-toolchain/bin/../lib/gcc/avr/5.4.0/../../../../avr/lib/avr5\libm.a(fp_nan.o)
                0x00002dfc                __fp_nan
 .text.avr-libc.fplib
                0x00002e02        0xe c:/program files (x86)/atmel/studio/7.0/toolchain/avr8/avr8-gnu-toolchain/bin/../lib/gcc/avr/5.4.0/../../../../avr/lib/avr5\libm.a(fp_pscA.o)
                0x00002e02                __fp_pscA
 .text.avr-libc.fplib
                0x00002e10        0xe c:/program files (x86)/atmel/studio/7.0/toolchain/avr8/avr8-gnu-toolchain/bin/../lib/gcc/avr/5.4.0/../../../../avr/lib/avr5\libm.a(fp_pscB.o)
                0x00002e10                __fp_pscB
 .text.avr-libc.fplib
                0x00002e1e       0x22 c:/program files (x86)/atmel/studio/7.0/toolchain/avr8/avr8-gnu-toolchain/bin/../lib/gcc/avr/5.4.0/../../../../avr/lib/avr5\libm.a(fp_round.o)
                0x00002e1e                __fp_round
 .text.initVariant
                0x00002e40        0x2 C:\Tims\MyArduinoProjects\dds6\dds6\dds6\ArduinoCore\Debug\libArduinoCore.a(main.o)
                0x00002e40                initVariant
 .text.startup.main
                0x00002e42       0x1e C:\Tims\MyArduinoProjects\dds6\dds6\dds6\ArduinoCore\Debug\libArduinoCore.a(main.o)
                0x00002e42                main
 .text._Znwj    0x00002e60        0x4 C:\Tims\MyArduinoProjects\dds6\dds6\dds6\ArduinoCore\Debug\libArduinoCore.a(new.o)
                0x00002e60                _Znwj
 .text.__vector_16
                0x00002e64       0x94 C:\Tims\MyArduinoProjects\dds6\dds6\dds6\ArduinoCore\Debug\libArduinoCore.a(wiring.o)
                0x00002e64                __vector_16
 .text.init     0x00002ef8       0x76 C:\Tims\MyArduinoProjects\dds6\dds6\dds6\ArduinoCore\Debug\libArduinoCore.a(wiring.o)
                0x00002ef8                init
 .text.libgcc.mul
                0x00002f6e       0x20 c:/program files (x86)/atmel/studio/7.0/toolchain/avr8/avr8-gnu-toolchain/bin/../lib/gcc/avr/5.4.0/avr5\libgcc.a(_mulsi3.o)
                0x00002f6e                __mulsi3
 .text.libgcc.div
                0x00002f8e       0x28 c:/program files (x86)/atmel/studio/7.0/toolchain/avr8/avr8-gnu-toolchain/bin/../lib/gcc/avr/5.4.0/avr5\libgcc.a(_udivmodhi4.o)
                0x00002f8e                __udivmodhi4
 .text.libgcc.div
                0x00002fb6       0x44 c:/program files (x86)/atmel/studio/7.0/toolchain/avr8/avr8-gnu-toolchain/bin/../lib/gcc/avr/5.4.0/avr5\libgcc.a(_udivmodsi4.o)
                0x00002fb6                __udivmodsi4
 .text.libgcc.mul
                0x00002ffa       0x1e c:/program files (x86)/atmel/studio/7.0/toolchain/avr8/avr8-gnu-toolchain/bin/../lib/gcc/avr/5.4.0/avr5\libgcc.a(_umulhisi3.o)
                0x00002ffa                __umulhisi3
 .text.libgcc.mul
                0x00003018       0x16 c:/program files (x86)/atmel/studio/7.0/toolchain/avr8/avr8-gnu-toolchain/bin/../lib/gcc/avr/5.4.0/avr5\libgcc.a(_muluhisi3.o)
                0x00003018                __muluhisi3
 .text.libgcc.mul
                0x0000302e       0x10 c:/program files (x86)/atmel/studio/7.0/toolchain/avr8/avr8-gnu-toolchain/bin/../lib/gcc/avr/5.4.0/avr5\libgcc.a(_mulshisi3.o)
                0x0000302e                __mulshisi3
                0x00003034                __mulohisi3
 .text.avr-libc
                0x0000303e      0x242 c:/program files (x86)/atmel/studio/7.0/toolchain/avr8/avr8-gnu-toolchain/bin/../lib/gcc/avr/5.4.0/../../../../avr/lib/avr5\libc.a(malloc.o)
                0x0000303e                malloc
                0x0000316e                free
 .text.avr-libc
                0x00003280       0x54 c:/program files (x86)/atmel/studio/7.0/toolchain/avr8/avr8-gnu-toolchain/bin/../lib/gcc/avr/5.4.0/../../../../avr/lib/avr5\libc.a(fputs.o)
                0x00003280                fputs
 .text.avr-libc
                0x000032d4       0x2c c:/program files (x86)/atmel/studio/7.0/toolchain/avr8/avr8-gnu-toolchain/bin/../lib/gcc/avr/5.4.0/../../../../avr/lib/avr5\libc.a(printf.o)
                0x000032d4                printf
 .text.avr-libc
                0x00003300       0x60 c:/program files (x86)/atmel/studio/7.0/toolchain/avr8/avr8-gnu-toolchain/bin/../lib/gcc/avr/5.4.0/../../../../avr/lib/avr5\libc.a(puts.o)
                0x00003300                puts
 .text.avr-libc
                0x00003360       0x44 c:/program files (x86)/atmel/studio/7.0/toolchain/avr8/avr8-gnu-toolchain/bin/../lib/gcc/avr/5.4.0/../../../../avr/lib/avr5\libc.a(sprintf.o)
                0x00003360                sprintf
 .text.avr-libc
                0x000033a4      0x3c2 c:/program files (x86)/atmel/studio/7.0/toolchain/avr8/avr8-gnu-toolchain/bin/../lib/gcc/avr/5.4.0/../../../../avr/lib/avr5\libc.a(vfprintf_std.o)
                0x000033a4                vfprintf
 .text.avr-libc
                0x00003766       0x16 c:/program files (x86)/atmel/studio/7.0/toolchain/avr8/avr8-gnu-toolchain/bin/../lib/gcc/avr/5.4.0/../../../../avr/lib/avr5\libc.a(strnlen_P.o)
                0x00003766                strnlen_P
 .text.avr-libc
                0x0000377c       0x16 c:/program files (x86)/atmel/studio/7.0/toolchain/avr8/avr8-gnu-toolchain/bin/../lib/gcc/avr/5.4.0/../../../../avr/lib/avr5\libc.a(strnlen.o)
                0x0000377c                strnlen
 .text.avr-libc
                0x00003792       0x78 c:/program files (x86)/atmel/studio/7.0/toolchain/avr8/avr8-gnu-toolchain/bin/../lib/gcc/avr/5.4.0/../../../../avr/lib/avr5\libc.a(fputc.o)
                0x00003792                fputc
 .text.avr-libc
                0x0000380a       0xbc c:/program files (x86)/atmel/studio/7.0/toolchain/avr8/avr8-gnu-toolchain/bin/../lib/gcc/avr/5.4.0/../../../../avr/lib/avr5\libc.a(ultoa_invert.o)
                0x0000380a                __ultoa_invert
 .text.libgcc.prologue
                0x000038c6       0x38 c:/program files (x86)/atmel/studio/7.0/toolchain/avr8/avr8-gnu-toolchain/bin/../lib/gcc/avr/5.4.0/avr5\libgcc.a(_prologue.o)
                0x000038c6                __prologue_saves__
 .text.libgcc.prologue
                0x000038fe       0x36 c:/program files (x86)/atmel/studio/7.0/toolchain/avr8/avr8-gnu-toolchain/bin/../lib/gcc/avr/5.4.0/avr5\libgcc.a(_epilogue.o)
                0x000038fe                __epilogue_restores__
                0x00003934                . = ALIGN (0x2)
 *(.fini9)
 .fini9         0x00003934        0x0 c:/program files (x86)/atmel/studio/7.0/toolchain/avr8/avr8-gnu-toolchain/bin/../lib/gcc/avr/5.4.0/avr5\libgcc.a(_exit.o)
                0x00003934                _exit
                0x00003934                exit
 *(.fini9)
 *(.fini8)
 *(.fini8)
 *(.fini7)
 *(.fini7)
 *(.fini6)
 *(.fini6)
 *(.fini5)
 *(.fini5)
 *(.fini4)
 *(.fini4)
 *(.fini3)
 *(.fini3)
 *(.fini2)
 *(.fini2)
 *(.fini1)
 *(.fini1)
 *(.fini0)
 .fini0         0x00003934        0x4 c:/program files (x86)/atmel/studio/7.0/toolchain/avr8/avr8-gnu-toolchain/bin/../lib/gcc/avr/5.4.0/avr5\libgcc.a(_exit.o)
 *(.fini0)
                0x00003938                _etext = .

.data           0x00800100      0x22a load address 0x00003938
                0x00800100                PROVIDE (__data_start, .)
 *(.data)
 .data          0x00800100        0x6 c:/program files (x86)/atmel/studio/7.0/toolchain/avr8/avr8-gnu-toolchain/bin/../lib/gcc/avr/5.4.0/../../../../avr/lib/avr5\libc.a(malloc.o)
                0x00800100                __malloc_heap_end
                0x00800102                __malloc_heap_start
                0x00800104                __malloc_margin
 *(.data*)
 .data.lcdfp    0x00800106        0x2 dds6.o
                0x00800106                lcdfp
 .data.lcd_str  0x00800108        0xe dds6.o
                0x00800108                lcd_str
 .data.uart_str
                0x00800116        0xe dds6.o
                0x00800116                uart_str
 .data.key_strings
                0x00800124        0x6 params.o
                0x00800124                key_strings
 .data.vfoact_strings
                0x0080012a        0x4 params.o
                0x0080012a                vfoact_strings
 .data.vfo_strings
                0x0080012e        0x6 params.o
                0x0080012e                vfo_strings
 .data.step_strings
                0x00800134        0xa params.o
                0x00800134                step_strings
 .data.band_strings
                0x0080013e       0x12 params.o
                0x0080013e                band_strings
 .data.default_param_display
                0x00800150       0x42 params.o
                0x00800150                default_param_display
 .data.vfoDataConst
                0x00800192       0xa2 vfo.o
                0x00800192                vfoDataConst
 *(.gnu.linkonce.d*)
 *(.rodata)
 .rodata        0x00800234        0x3 dds6.o
 .rodata        0x00800237        0x3 lcd.o
 .rodata        0x0080023a        0x3 params.o
 *(.rodata*)
 .rodata._ZTV7Encoder
                0x0080023d        0x6 Encoder.o
                0x0080023d                _ZTV7Encoder
 .rodata.str1.1
                0x00800243        0x7 keyer.o
 .rodata._ZTV5keyer
                0x0080024a        0x6 keyer.o
                0x0080024a                _ZTV5keyer
 .rodata._ZTV3Led
                0x00800250        0x6 led.o
                0x00800250                _ZTV3Led
 .rodata.str1.1
                0x00800256       0x38 dds6.o
 .rodata.str1.1
                0x0080028e       0x78 params.o
 .rodata._ZTV6params
                0x00800306        0x6 params.o
                0x00800306                _ZTV6params
 .rodata._ZTV2Sw
                0x0080030c        0x6 sw.o
                0x0080030c                _ZTV2Sw
 .rodata._ZL11step_values
                0x00800312       0x18 vfo.o
 *(.gnu.linkonce.r*)
                0x0080032a                . = ALIGN (0x2)
                0x0080032a                _edata = .
                0x0080032a                PROVIDE (__data_end, .)

.bss            0x0080032a       0x62
                0x0080032a                PROVIDE (__bss_start, .)
 *(.bss)
 *(.bss*)
 .bss._ZN5Clock15oneshotTimeLeftE
                0x0080032a        0x4 clock.o
                0x0080032a                _ZN5Clock15oneshotTimeLeftE
 .bss._ZN5Clock16periodicTimeLeftE
                0x0080032e       0x10 clock.o
                0x0080032e                _ZN5Clock16periodicTimeLeftE
 .bss._ZN5Clock10reloadTimeE
                0x0080033e       0x10 clock.o
                0x0080033e                _ZN5Clock10reloadTimeE
 .bss._ZN5Clock11singleTasksE
                0x0080034e        0x4 clock.o
                0x0080034e                _ZN5Clock11singleTasksE
 .bss._ZN5Clock13periodicTasksE
                0x00800352       0x10 clock.o
                0x00800352                _ZN5Clock13periodicTasksE
 .bss._ZN5Clock5countE
                0x00800362        0x1 clock.o
                0x00800362                _ZN5Clock5countE
 .bss._ZN5Clock9delayTimeE
                0x00800363        0x4 clock.o
                0x00800363                _ZN5Clock9delayTimeE
 .bss._ZN5Clock8sysclockE
                0x00800367        0x4 clock.o
                0x00800367                _ZN5Clock8sysclockE
 .bss._ZN3Lcd14lcdInitializedE
                0x0080036b        0x1 lcd.o
                0x0080036b                _ZN3Lcd14lcdInitializedE
 .bss._ZN3Lcd6cursorE
                0x0080036c        0x4 lcd.o
                0x0080036c                _ZN3Lcd6cursorE
 .bss._ZN3Lcd7bgColorE
                0x00800370        0x3 lcd.o
                0x00800370                _ZN3Lcd7bgColorE
 .bss._ZN3Lcd7fgColorE
                0x00800373        0x3 lcd.o
                0x00800373                _ZN3Lcd7fgColorE
 .bss._ZN5Timer2cbE
                0x00800376        0x2 timer.o
                0x00800376                _ZN5Timer2cbE
 .bss._ZN5Timer11initializedE
                0x00800378        0x1 timer.o
                0x00800378                _ZN5Timer11initializedE
 .bss.timer0_fract
                0x00800379        0x1 C:\Tims\MyArduinoProjects\dds6\dds6\dds6\ArduinoCore\Debug\libArduinoCore.a(wiring.o)
 .bss.timer0_millis
                0x0080037a        0x4 C:\Tims\MyArduinoProjects\dds6\dds6\dds6\ArduinoCore\Debug\libArduinoCore.a(wiring.o)
                0x0080037a                timer0_millis
 .bss.timer0_overflow_count
                0x0080037e        0x4 C:\Tims\MyArduinoProjects\dds6\dds6\dds6\ArduinoCore\Debug\libArduinoCore.a(wiring.o)
                0x0080037e                timer0_overflow_count
 *(COMMON)
 COMMON         0x00800382        0x4 c:/program files (x86)/atmel/studio/7.0/toolchain/avr8/avr8-gnu-toolchain/bin/../lib/gcc/avr/5.4.0/../../../../avr/lib/avr5\libc.a(malloc.o)
                0x00800382                __brkval
                0x00800384                __flp
 COMMON         0x00800386        0x6 c:/program files (x86)/atmel/studio/7.0/toolchain/avr8/avr8-gnu-toolchain/bin/../lib/gcc/avr/5.4.0/../../../../avr/lib/avr5\libc.a(iob.o)
                0x00800386                __iob
                0x0080038c                PROVIDE (__bss_end, .)
                0x00003938                __data_load_start = LOADADDR (.data)
                0x00003b62                __data_load_end = (__data_load_start + SIZEOF (.data))

.noinit         0x0080038c        0x0
                [!provide]                PROVIDE (__noinit_start, .)
 *(.noinit*)
                [!provide]                PROVIDE (__noinit_end, .)
                0x0080038c                _end = .
                0x0080038c                PROVIDE (__heap_start, .)

.eeprom         0x00810000        0x0
 *(.eeprom*)
                0x00810000                __eeprom_end = .

.fuse
 *(.fuse)
 *(.lfuse)
 *(.hfuse)
 *(.efuse)

.lock
 *(.lock*)

.signature
 *(.signature*)

.user_signatures
 *(.user_signatures*)

.stab
 *(.stab)

.stabstr
 *(.stabstr)

.stab.excl
 *(.stab.excl)

.stab.exclstr
 *(.stab.exclstr)

.stab.index
 *(.stab.index)

.stab.indexstr
 *(.stab.indexstr)

.comment        0x00000000       0x5c
 *(.comment)
 .comment       0x00000000       0x30 clock.o
                                 0x31 (size before relaxing)
 .comment       0x00000030       0x31 dds.o
 .comment       0x00000030       0x31 Encoder.o
 .comment       0x00000030       0x31 graphics.o
 .comment       0x00000030       0x31 keyer.o
 .comment       0x00000030       0x31 led.o
 .comment       0x00000030       0x31 dds6.o
 .comment       0x00000030       0x31 lcd.o
 .comment       0x00000030       0x31 params.o
 .comment       0x00000030       0x31 relay.o
 .comment       0x00000030       0x31 sw.o
 .comment       0x00000030       0x31 timer.o
 .comment       0x00000030       0x31 uart.o
 .comment       0x00000030       0x31 vfo.o
 .comment       0x00000030       0x31 C:\Tims\MyArduinoProjects\dds6\dds6\dds6\ArduinoCore\Debug\libArduinoCore.a(main.o)
 .comment       0x00000030       0x31 C:\Tims\MyArduinoProjects\dds6\dds6\dds6\ArduinoCore\Debug\libArduinoCore.a(new.o)
 .comment       0x00000030       0x31 C:\Tims\MyArduinoProjects\dds6\dds6\dds6\ArduinoCore\Debug\libArduinoCore.a(wiring.o)
 .comment       0x00000030       0x31 c:/program files (x86)/atmel/studio/7.0/toolchain/avr8/avr8-gnu-toolchain/bin/../lib/gcc/avr/5.4.0/../../../../avr/lib/avr5\libc.a(malloc.o)
 .comment       0x00000030       0x31 c:/program files (x86)/atmel/studio/7.0/toolchain/avr8/avr8-gnu-toolchain/bin/../lib/gcc/avr/5.4.0/../../../../avr/lib/avr5\libc.a(fputs.o)
 .comment       0x00000030       0x31 c:/program files (x86)/atmel/studio/7.0/toolchain/avr8/avr8-gnu-toolchain/bin/../lib/gcc/avr/5.4.0/../../../../avr/lib/avr5\libc.a(iob.o)
 .comment       0x00000030       0x31 c:/program files (x86)/atmel/studio/7.0/toolchain/avr8/avr8-gnu-toolchain/bin/../lib/gcc/avr/5.4.0/../../../../avr/lib/avr5\libc.a(printf.o)
 .comment       0x00000030       0x31 c:/program files (x86)/atmel/studio/7.0/toolchain/avr8/avr8-gnu-toolchain/bin/../lib/gcc/avr/5.4.0/../../../../avr/lib/avr5\libc.a(puts.o)
 .comment       0x00000030       0x31 c:/program files (x86)/atmel/studio/7.0/toolchain/avr8/avr8-gnu-toolchain/bin/../lib/gcc/avr/5.4.0/../../../../avr/lib/avr5\libc.a(sprintf.o)
 .comment       0x00000030       0x2c c:/program files (x86)/atmel/studio/7.0/toolchain/avr8/avr8-gnu-toolchain/bin/../lib/gcc/avr/5.4.0/../../../../avr/lib/avr5\libc.a(vfprintf_std.o)
                                 0x2d (size before relaxing)
 .comment       0x0000005c       0x31 c:/program files (x86)/atmel/studio/7.0/toolchain/avr8/avr8-gnu-toolchain/bin/../lib/gcc/avr/5.4.0/../../../../avr/lib/avr5\libc.a(fputc.o)

.note.gnu.avr.deviceinfo
                0x00000000       0x40
 .note.gnu.avr.deviceinfo
                0x00000000       0x40 C:/Program Files (x86)/Atmel/Studio/7.0/Packs/atmel/ATmega_DFP/1.2.150/gcc/dev/atmega328p/avr5/crtatmega328p.o

.note.gnu.build-id
 *(.note.gnu.build-id)

.debug
 *(.debug)

.line
 *(.line)

.debug_srcinfo
 *(.debug_srcinfo)

.debug_sfnames
 *(.debug_sfnames)

.debug_aranges  0x00000000      0x5a8
 *(.debug_aranges)
 .debug_aranges
                0x00000000       0x70 clock.o
 .debug_aranges
                0x00000070       0x28 dds.o
 .debug_aranges
                0x00000098       0x60 Encoder.o
 .debug_aranges
                0x000000f8       0x20 font.o
 .debug_aranges
                0x00000118       0x38 graphics.o
 .debug_aranges
                0x00000150       0x50 keyer.o
 .debug_aranges
                0x000001a0       0x48 led.o
 .debug_aranges
                0x000001e8       0x30 dds6.o
 .debug_aranges
                0x00000218       0xd0 lcd.o
 .debug_aranges
                0x000002e8       0x90 params.o
 .debug_aranges
                0x00000378       0x40 relay.o
 .debug_aranges
                0x000003b8       0x50 sw.o
 .debug_aranges
                0x00000408       0x40 timer.o
 .debug_aranges
                0x00000448       0x48 uart.o
 .debug_aranges
                0x00000490       0x78 vfo.o
 .debug_aranges
                0x00000508       0x30 C:\Tims\MyArduinoProjects\dds6\dds6\dds6\ArduinoCore\Debug\libArduinoCore.a(main.o)
 .debug_aranges
                0x00000538       0x28 C:\Tims\MyArduinoProjects\dds6\dds6\dds6\ArduinoCore\Debug\libArduinoCore.a(new.o)
 .debug_aranges
                0x00000560       0x48 C:\Tims\MyArduinoProjects\dds6\dds6\dds6\ArduinoCore\Debug\libArduinoCore.a(wiring.o)

.debug_pubnames
 *(.debug_pubnames)

.debug_info     0x00000000     0xa0e0
 *(.debug_info .gnu.linkonce.wi.*)
 .debug_info    0x00000000      0x5f4 C:/Program Files (x86)/Atmel/Studio/7.0/Packs/atmel/ATmega_DFP/1.2.150/gcc/dev/atmega328p/avr5/crtatmega328p.o
 .debug_info    0x000005f4      0x587 clock.o
 .debug_info    0x00000b7b      0x11f dds.o
 .debug_info    0x00000c9a      0x97b Encoder.o
 .debug_info    0x00001615       0x66 font.o
 .debug_info    0x0000167b      0xa4f graphics.o
 .debug_info    0x000020ca      0xbf7 keyer.o
 .debug_info    0x00002cc1      0x5e6 led.o
 .debug_info    0x000032a7     0x1e76 dds6.o
 .debug_info    0x0000511d     0x14a7 lcd.o
 .debug_info    0x000065c4     0x1843 params.o
 .debug_info    0x00007e07      0x6d1 relay.o
 .debug_info    0x000084d8      0x74a sw.o
 .debug_info    0x00008c22      0x237 timer.o
 .debug_info    0x00008e59      0x287 uart.o
 .debug_info    0x000090e0      0x9e2 vfo.o
 .debug_info    0x00009ac2      0x237 C:\Tims\MyArduinoProjects\dds6\dds6\dds6\ArduinoCore\Debug\libArduinoCore.a(main.o)
 .debug_info    0x00009cf9      0x11c C:\Tims\MyArduinoProjects\dds6\dds6\dds6\ArduinoCore\Debug\libArduinoCore.a(new.o)
 .debug_info    0x00009e15      0x2cb C:\Tims\MyArduinoProjects\dds6\dds6\dds6\ArduinoCore\Debug\libArduinoCore.a(wiring.o)

.debug_abbrev   0x00000000     0x3281
 *(.debug_abbrev)
 .debug_abbrev  0x00000000      0x5a2 C:/Program Files (x86)/Atmel/Studio/7.0/Packs/atmel/ATmega_DFP/1.2.150/gcc/dev/atmega328p/avr5/crtatmega328p.o
 .debug_abbrev  0x000005a2      0x261 clock.o
 .debug_abbrev  0x00000803       0xaa dds.o
 .debug_abbrev  0x000008ad      0x36b Encoder.o
 .debug_abbrev  0x00000c18       0x14 font.o
 .debug_abbrev  0x00000c2c      0x277 graphics.o
 .debug_abbrev  0x00000ea3      0x3b2 keyer.o
 .debug_abbrev  0x00001255      0x291 led.o
 .debug_abbrev  0x000014e6      0x4f3 dds6.o
 .debug_abbrev  0x000019d9      0x47d lcd.o
 .debug_abbrev  0x00001e56      0x4d1 params.o
 .debug_abbrev  0x00002327      0x2a9 relay.o
 .debug_abbrev  0x000025d0      0x34e sw.o
 .debug_abbrev  0x0000291e      0x1ba timer.o
 .debug_abbrev  0x00002ad8      0x16f uart.o
 .debug_abbrev  0x00002c47      0x2f9 vfo.o
 .debug_abbrev  0x00002f40      0x12d C:\Tims\MyArduinoProjects\dds6\dds6\dds6\ArduinoCore\Debug\libArduinoCore.a(main.o)
 .debug_abbrev  0x0000306d       0xce C:\Tims\MyArduinoProjects\dds6\dds6\dds6\ArduinoCore\Debug\libArduinoCore.a(new.o)
 .debug_abbrev  0x0000313b      0x146 C:\Tims\MyArduinoProjects\dds6\dds6\dds6\ArduinoCore\Debug\libArduinoCore.a(wiring.o)

.debug_line     0x00000000     0x338d
 *(.debug_line .debug_line.* .debug_line_end)
 .debug_line    0x00000000      0x133 C:/Program Files (x86)/Atmel/Studio/7.0/Packs/atmel/ATmega_DFP/1.2.150/gcc/dev/atmega328p/avr5/crtatmega328p.o
 .debug_line    0x00000133      0x2cf clock.o
 .debug_line    0x00000402      0x1c9 dds.o
 .debug_line    0x000005cb      0x2a5 Encoder.o
 .debug_line    0x00000870       0xac font.o
 .debug_line    0x0000091c      0x305 graphics.o
 .debug_line    0x00000c21      0x2ca keyer.o
 .debug_line    0x00000eeb      0x180 led.o
 .debug_line    0x0000106b      0x596 dds6.o
 .debug_line    0x00001601      0x7e6 lcd.o
 .debug_line    0x00001de7      0x68b params.o
 .debug_line    0x00002472      0x161 relay.o
 .debug_line    0x000025d3      0x1ff sw.o
 .debug_line    0x000027d2      0x174 timer.o
 .debug_line    0x00002946      0x183 uart.o
 .debug_line    0x00002ac9      0x397 vfo.o
 .debug_line    0x00002e60      0x165 C:\Tims\MyArduinoProjects\dds6\dds6\dds6\ArduinoCore\Debug\libArduinoCore.a(main.o)
 .debug_line    0x00002fc5      0x12f C:\Tims\MyArduinoProjects\dds6\dds6\dds6\ArduinoCore\Debug\libArduinoCore.a(new.o)
 .debug_line    0x000030f4      0x299 C:\Tims\MyArduinoProjects\dds6\dds6\dds6\ArduinoCore\Debug\libArduinoCore.a(wiring.o)

.debug_frame    0x00000000     0x10a4
 *(.debug_frame)
 .debug_frame   0x00000000      0x120 clock.o
 .debug_frame   0x00000120       0x54 dds.o
 .debug_frame   0x00000174       0xe4 Encoder.o
 .debug_frame   0x00000258      0x128 graphics.o
 .debug_frame   0x00000380       0x9c keyer.o
 .debug_frame   0x0000041c       0xa4 led.o
 .debug_frame   0x000004c0       0x54 dds6.o
 .debug_frame   0x00000514      0x3b8 lcd.o
 .debug_frame   0x000008cc      0x250 params.o
 .debug_frame   0x00000b1c       0x9c relay.o
 .debug_frame   0x00000bb8       0x84 sw.o
 .debug_frame   0x00000c3c       0xac timer.o
 .debug_frame   0x00000ce8       0xa8 uart.o
 .debug_frame   0x00000d90      0x1a8 vfo.o
 .debug_frame   0x00000f38       0x54 C:\Tims\MyArduinoProjects\dds6\dds6\dds6\ArduinoCore\Debug\libArduinoCore.a(main.o)
 .debug_frame   0x00000f8c       0x54 C:\Tims\MyArduinoProjects\dds6\dds6\dds6\ArduinoCore\Debug\libArduinoCore.a(new.o)
 .debug_frame   0x00000fe0       0xc4 C:\Tims\MyArduinoProjects\dds6\dds6\dds6\ArduinoCore\Debug\libArduinoCore.a(wiring.o)

.debug_str      0x00000000     0x1ca1
 *(.debug_str)
 .debug_str     0x00000000      0x208 C:/Program Files (x86)/Atmel/Studio/7.0/Packs/atmel/ATmega_DFP/1.2.150/gcc/dev/atmega328p/avr5/crtatmega328p.o
 .debug_str     0x00000208      0x433 clock.o
                                0x481 (size before relaxing)
 .debug_str     0x0000063b       0x2e dds.o
                                0x1eb (size before relaxing)
 .debug_str     0x00000669      0x331 Encoder.o
                                0x6a6 (size before relaxing)
 .debug_str     0x0000099a      0x388 graphics.o
                                0x572 (size before relaxing)
 .debug_str     0x00000d22      0x54e keyer.o
                                0x8dd (size before relaxing)
 .debug_str     0x00001270       0xa9 led.o
                                0x4a3 (size before relaxing)
 .debug_str     0x00001319      0x306 dds6.o
                               0x1003 (size before relaxing)
 .debug_str     0x0000161f       0x93 lcd.o
                                0x6fa (size before relaxing)
 .debug_str     0x000016b2      0x1e7 params.o
                                0xdcf (size before relaxing)
 .debug_str     0x00001899       0x24 relay.o
                                0x5f6 (size before relaxing)
 .debug_str     0x000018bd       0x9a sw.o
                                0x55e (size before relaxing)
 .debug_str     0x00001957       0x5d timer.o
                                0x2bb (size before relaxing)
 .debug_str     0x000019b4       0x3e uart.o
                                0x216 (size before relaxing)
 .debug_str     0x000019f2       0x82 vfo.o
                                0x66e (size before relaxing)
 .debug_str     0x00001a74       0x90 C:\Tims\MyArduinoProjects\dds6\dds6\dds6\ArduinoCore\Debug\libArduinoCore.a(main.o)
                                0x29a (size before relaxing)
 .debug_str     0x00001b04       0x50 C:\Tims\MyArduinoProjects\dds6\dds6\dds6\ArduinoCore\Debug\libArduinoCore.a(new.o)
                                0x1b0 (size before relaxing)
 .debug_str     0x00001b54      0x14d C:\Tims\MyArduinoProjects\dds6\dds6\dds6\ArduinoCore\Debug\libArduinoCore.a(wiring.o)
                                0x230 (size before relaxing)

.debug_loc      0x00000000     0x4c97
 *(.debug_loc)
 .debug_loc     0x00000000      0x2f7 clock.o
 .debug_loc     0x000002f7      0x171 dds.o
 .debug_loc     0x00000468      0x2d7 Encoder.o
 .debug_loc     0x0000073f      0x857 graphics.o
 .debug_loc     0x00000f96      0x1f5 keyer.o
 .debug_loc     0x0000118b      0x1bc led.o
 .debug_loc     0x00001347      0x4cc dds6.o
 .debug_loc     0x00001813     0x1267 lcd.o
 .debug_loc     0x00002a7a      0xd50 params.o
 .debug_loc     0x000037ca      0x16c relay.o
 .debug_loc     0x00003936      0x1a8 sw.o
 .debug_loc     0x00003ade      0x1da timer.o
 .debug_loc     0x00003cb8      0x1f8 uart.o
 .debug_loc     0x00003eb0      0xb0e vfo.o
 .debug_loc     0x000049be       0x4c C:\Tims\MyArduinoProjects\dds6\dds6\dds6\ArduinoCore\Debug\libArduinoCore.a(new.o)
 .debug_loc     0x00004a0a      0x28d C:\Tims\MyArduinoProjects\dds6\dds6\dds6\ArduinoCore\Debug\libArduinoCore.a(wiring.o)

.debug_macinfo
 *(.debug_macinfo)

.debug_weaknames
 *(.debug_weaknames)

.debug_funcnames
 *(.debug_funcnames)

.debug_typenames
 *(.debug_typenames)

.debug_varnames
 *(.debug_varnames)

.debug_pubtypes
 *(.debug_pubtypes)

.debug_ranges   0x00000000      0x4a8
 *(.debug_ranges)
 .debug_ranges  0x00000000       0x60 clock.o
 .debug_ranges  0x00000060       0x18 dds.o
 .debug_ranges  0x00000078       0x50 Encoder.o
 .debug_ranges  0x000000c8       0x28 graphics.o
 .debug_ranges  0x000000f0       0x40 keyer.o
 .debug_ranges  0x00000130       0x38 led.o
 .debug_ranges  0x00000168       0x38 dds6.o
 .debug_ranges  0x000001a0       0xc0 lcd.o
 .debug_ranges  0x00000260       0x80 params.o
 .debug_ranges  0x000002e0       0x30 relay.o
 .debug_ranges  0x00000310       0x40 sw.o
 .debug_ranges  0x00000350       0x30 timer.o
 .debug_ranges  0x00000380       0x38 uart.o
 .debug_ranges  0x000003b8       0x80 vfo.o
 .debug_ranges  0x00000438       0x20 C:\Tims\MyArduinoProjects\dds6\dds6\dds6\ArduinoCore\Debug\libArduinoCore.a(main.o)
 .debug_ranges  0x00000458       0x18 C:\Tims\MyArduinoProjects\dds6\dds6\dds6\ArduinoCore\Debug\libArduinoCore.a(new.o)
 .debug_ranges  0x00000470       0x38 C:\Tims\MyArduinoProjects\dds6\dds6\dds6\ArduinoCore\Debug\libArduinoCore.a(wiring.o)

.debug_macro
 *(.debug_macro)
OUTPUT(dds6.elf elf32-avr)
LOAD linker stubs
