Archive member included to satisfy reference by file (symbol)

c:/program files (x86)/atmel/studio/7.0/toolchain/avr8/avr8-gnu-toolchain/bin/../lib/gcc/avr/5.4.0/../../../../avr/lib/avr5\libm.a(fixunssfsi.o)
                              dds.o (__fixunssfsi)
c:/program files (x86)/atmel/studio/7.0/toolchain/avr8/avr8-gnu-toolchain/bin/../lib/gcc/avr/5.4.0/../../../../avr/lib/avr5\libm.a(floatsisf.o)
                              vfo.o (__floatunsisf)
c:/program files (x86)/atmel/studio/7.0/toolchain/avr8/avr8-gnu-toolchain/bin/../lib/gcc/avr/5.4.0/../../../../avr/lib/avr5\libm.a(fp_split3.o)
                              c:/program files (x86)/atmel/studio/7.0/toolchain/avr8/avr8-gnu-toolchain/bin/../lib/gcc/avr/5.4.0/../../../../avr/lib/avr5\libm.a(fixunssfsi.o) (__fp_splitA)
c:/program files (x86)/atmel/studio/7.0/toolchain/avr8/avr8-gnu-toolchain/bin/../lib/gcc/avr/5.4.0/../../../../avr/lib/avr5\libm.a(fp_zero.o)
                              c:/program files (x86)/atmel/studio/7.0/toolchain/avr8/avr8-gnu-toolchain/bin/../lib/gcc/avr/5.4.0/../../../../avr/lib/avr5\libm.a(fixunssfsi.o) (__fp_zero)
c:/program files (x86)/atmel/studio/7.0/toolchain/avr8/avr8-gnu-toolchain/bin/../lib/gcc/avr/5.4.0/../../../../avr/lib/avr5\libm.a(mulsf3.o)
                              dds.o (__mulsf3)
c:/program files (x86)/atmel/studio/7.0/toolchain/avr8/avr8-gnu-toolchain/bin/../lib/gcc/avr/5.4.0/../../../../avr/lib/avr5\libm.a(mulsf3x.o)
                              c:/program files (x86)/atmel/studio/7.0/toolchain/avr8/avr8-gnu-toolchain/bin/../lib/gcc/avr/5.4.0/../../../../avr/lib/avr5\libm.a(mulsf3.o) (__mulsf3x)
c:/program files (x86)/atmel/studio/7.0/toolchain/avr8/avr8-gnu-toolchain/bin/../lib/gcc/avr/5.4.0/../../../../avr/lib/avr5\libm.a(fp_inf.o)
                              c:/program files (x86)/atmel/studio/7.0/toolchain/avr8/avr8-gnu-toolchain/bin/../lib/gcc/avr/5.4.0/../../../../avr/lib/avr5\libm.a(mulsf3x.o) (__fp_inf)
c:/program files (x86)/atmel/studio/7.0/toolchain/avr8/avr8-gnu-toolchain/bin/../lib/gcc/avr/5.4.0/../../../../avr/lib/avr5\libm.a(fp_nan.o)
                              c:/program files (x86)/atmel/studio/7.0/toolchain/avr8/avr8-gnu-toolchain/bin/../lib/gcc/avr/5.4.0/../../../../avr/lib/avr5\libm.a(mulsf3x.o) (__fp_nan)
c:/program files (x86)/atmel/studio/7.0/toolchain/avr8/avr8-gnu-toolchain/bin/../lib/gcc/avr/5.4.0/../../../../avr/lib/avr5\libm.a(fp_pscA.o)
                              c:/program files (x86)/atmel/studio/7.0/toolchain/avr8/avr8-gnu-toolchain/bin/../lib/gcc/avr/5.4.0/../../../../avr/lib/avr5\libm.a(mulsf3x.o) (__fp_pscA)
c:/program files (x86)/atmel/studio/7.0/toolchain/avr8/avr8-gnu-toolchain/bin/../lib/gcc/avr/5.4.0/../../../../avr/lib/avr5\libm.a(fp_pscB.o)
                              c:/program files (x86)/atmel/studio/7.0/toolchain/avr8/avr8-gnu-toolchain/bin/../lib/gcc/avr/5.4.0/../../../../avr/lib/avr5\libm.a(mulsf3x.o) (__fp_pscB)
c:/program files (x86)/atmel/studio/7.0/toolchain/avr8/avr8-gnu-toolchain/bin/../lib/gcc/avr/5.4.0/../../../../avr/lib/avr5\libm.a(fp_round.o)
                              c:/program files (x86)/atmel/studio/7.0/toolchain/avr8/avr8-gnu-toolchain/bin/../lib/gcc/avr/5.4.0/../../../../avr/lib/avr5\libm.a(mulsf3.o) (__fp_round)
C:\MyArduinoProjects\dds6\dds6\dds6\ArduinoCore\Debug\libArduinoCore.a(main.o)
                              C:/Program Files (x86)/Atmel/Studio/7.0/Packs/atmel/ATmega_DFP/1.2.150/gcc/dev/atmega328p/avr5/crtatmega328p.o (main)
C:\MyArduinoProjects\dds6\dds6\dds6\ArduinoCore\Debug\libArduinoCore.a(new.o)
                              Encoder.o (_Znwj)
C:\MyArduinoProjects\dds6\dds6\dds6\ArduinoCore\Debug\libArduinoCore.a(wiring.o)
                              C:\MyArduinoProjects\dds6\dds6\dds6\ArduinoCore\Debug\libArduinoCore.a(main.o) (init)
C:\MyArduinoProjects\dds6\dds6\dds6\ArduinoCore\Debug\libArduinoCore.a(hooks.o)
                              C:\MyArduinoProjects\dds6\dds6\dds6\ArduinoCore\Debug\libArduinoCore.a(wiring.o) (yield)
c:/program files (x86)/atmel/studio/7.0/toolchain/avr8/avr8-gnu-toolchain/bin/../lib/gcc/avr/5.4.0/avr5\libgcc.a(_mulsi3.o)
                              vfo.o (__mulsi3)
c:/program files (x86)/atmel/studio/7.0/toolchain/avr8/avr8-gnu-toolchain/bin/../lib/gcc/avr/5.4.0/avr5\libgcc.a(_udivmodhi4.o)
                              keyer.o (__udivmodhi4)
c:/program files (x86)/atmel/studio/7.0/toolchain/avr8/avr8-gnu-toolchain/bin/../lib/gcc/avr/5.4.0/avr5\libgcc.a(_udivmodsi4.o)
                              vfo.o (__udivmodsi4)
c:/program files (x86)/atmel/studio/7.0/toolchain/avr8/avr8-gnu-toolchain/bin/../lib/gcc/avr/5.4.0/avr5\libgcc.a(_exit.o)
                              C:/Program Files (x86)/Atmel/Studio/7.0/Packs/atmel/ATmega_DFP/1.2.150/gcc/dev/atmega328p/avr5/crtatmega328p.o (exit)
c:/program files (x86)/atmel/studio/7.0/toolchain/avr8/avr8-gnu-toolchain/bin/../lib/gcc/avr/5.4.0/avr5\libgcc.a(_copy_data.o)
                              ElapsedTime.o (__do_copy_data)
c:/program files (x86)/atmel/studio/7.0/toolchain/avr8/avr8-gnu-toolchain/bin/../lib/gcc/avr/5.4.0/avr5\libgcc.a(_clear_bss.o)
                              clock.o (__do_clear_bss)
c:/program files (x86)/atmel/studio/7.0/toolchain/avr8/avr8-gnu-toolchain/bin/../lib/gcc/avr/5.4.0/avr5\libgcc.a(_umulhisi3.o)
                              timer.o (__umulhisi3)
c:/program files (x86)/atmel/studio/7.0/toolchain/avr8/avr8-gnu-toolchain/bin/../lib/gcc/avr/5.4.0/avr5\libgcc.a(_muluhisi3.o)
                              vfo.o (__muluhisi3)
c:/program files (x86)/atmel/studio/7.0/toolchain/avr8/avr8-gnu-toolchain/bin/../lib/gcc/avr/5.4.0/avr5\libgcc.a(_mulshisi3.o)
                              vfo.o (__mulshisi3)
c:/program files (x86)/atmel/studio/7.0/toolchain/avr8/avr8-gnu-toolchain/bin/../lib/gcc/avr/5.4.0/../../../../avr/lib/avr5\libc.a(malloc.o)
                              C:\MyArduinoProjects\dds6\dds6\dds6\ArduinoCore\Debug\libArduinoCore.a(new.o) (malloc)
c:/program files (x86)/atmel/studio/7.0/toolchain/avr8/avr8-gnu-toolchain/bin/../lib/gcc/avr/5.4.0/../../../../avr/lib/avr5\libc.a(fputs.o)
                              dds6.o (fputs)
c:/program files (x86)/atmel/studio/7.0/toolchain/avr8/avr8-gnu-toolchain/bin/../lib/gcc/avr/5.4.0/../../../../avr/lib/avr5\libc.a(iob.o)
                              dds6.o (__iob)
c:/program files (x86)/atmel/studio/7.0/toolchain/avr8/avr8-gnu-toolchain/bin/../lib/gcc/avr/5.4.0/../../../../avr/lib/avr5\libc.a(puts.o)
                              dds6.o (puts)
c:/program files (x86)/atmel/studio/7.0/toolchain/avr8/avr8-gnu-toolchain/bin/../lib/gcc/avr/5.4.0/../../../../avr/lib/avr5\libc.a(sprintf.o)
                              params.o (sprintf)
c:/program files (x86)/atmel/studio/7.0/toolchain/avr8/avr8-gnu-toolchain/bin/../lib/gcc/avr/5.4.0/../../../../avr/lib/avr5\libc.a(vfprintf_std.o)
                              c:/program files (x86)/atmel/studio/7.0/toolchain/avr8/avr8-gnu-toolchain/bin/../lib/gcc/avr/5.4.0/../../../../avr/lib/avr5\libc.a(sprintf.o) (vfprintf)
c:/program files (x86)/atmel/studio/7.0/toolchain/avr8/avr8-gnu-toolchain/bin/../lib/gcc/avr/5.4.0/../../../../avr/lib/avr5\libc.a(strnlen_P.o)
                              c:/program files (x86)/atmel/studio/7.0/toolchain/avr8/avr8-gnu-toolchain/bin/../lib/gcc/avr/5.4.0/../../../../avr/lib/avr5\libc.a(vfprintf_std.o) (strnlen_P)
c:/program files (x86)/atmel/studio/7.0/toolchain/avr8/avr8-gnu-toolchain/bin/../lib/gcc/avr/5.4.0/../../../../avr/lib/avr5\libc.a(strnlen.o)
                              c:/program files (x86)/atmel/studio/7.0/toolchain/avr8/avr8-gnu-toolchain/bin/../lib/gcc/avr/5.4.0/../../../../avr/lib/avr5\libc.a(vfprintf_std.o) (strnlen)
c:/program files (x86)/atmel/studio/7.0/toolchain/avr8/avr8-gnu-toolchain/bin/../lib/gcc/avr/5.4.0/../../../../avr/lib/avr5\libc.a(fputc.o)
                              c:/program files (x86)/atmel/studio/7.0/toolchain/avr8/avr8-gnu-toolchain/bin/../lib/gcc/avr/5.4.0/../../../../avr/lib/avr5\libc.a(vfprintf_std.o) (fputc)
c:/program files (x86)/atmel/studio/7.0/toolchain/avr8/avr8-gnu-toolchain/bin/../lib/gcc/avr/5.4.0/../../../../avr/lib/avr5\libc.a(ultoa_invert.o)
                              c:/program files (x86)/atmel/studio/7.0/toolchain/avr8/avr8-gnu-toolchain/bin/../lib/gcc/avr/5.4.0/../../../../avr/lib/avr5\libc.a(vfprintf_std.o) (__ultoa_invert)
c:/program files (x86)/atmel/studio/7.0/toolchain/avr8/avr8-gnu-toolchain/bin/../lib/gcc/avr/5.4.0/avr5\libgcc.a(_prologue.o)
                              c:/program files (x86)/atmel/studio/7.0/toolchain/avr8/avr8-gnu-toolchain/bin/../lib/gcc/avr/5.4.0/../../../../avr/lib/avr5\libc.a(sprintf.o) (__prologue_saves__)
c:/program files (x86)/atmel/studio/7.0/toolchain/avr8/avr8-gnu-toolchain/bin/../lib/gcc/avr/5.4.0/avr5\libgcc.a(_epilogue.o)
                              c:/program files (x86)/atmel/studio/7.0/toolchain/avr8/avr8-gnu-toolchain/bin/../lib/gcc/avr/5.4.0/../../../../avr/lib/avr5\libc.a(fputs.o) (__epilogue_restores__)

Allocating common symbols
Common symbol       size              file

__brkval            0x2               c:/program files (x86)/atmel/studio/7.0/toolchain/avr8/avr8-gnu-toolchain/bin/../lib/gcc/avr/5.4.0/../../../../avr/lib/avr5\libc.a(malloc.o)
__flp               0x2               c:/program files (x86)/atmel/studio/7.0/toolchain/avr8/avr8-gnu-toolchain/bin/../lib/gcc/avr/5.4.0/../../../../avr/lib/avr5\libc.a(malloc.o)
__iob               0x6               c:/program files (x86)/atmel/studio/7.0/toolchain/avr8/avr8-gnu-toolchain/bin/../lib/gcc/avr/5.4.0/../../../../avr/lib/avr5\libc.a(iob.o)

Discarded input sections

 .data          0x00000000        0x0 C:/Program Files (x86)/Atmel/Studio/7.0/Packs/atmel/ATmega_DFP/1.2.150/gcc/dev/atmega328p/avr5/crtatmega328p.o
 .bss           0x00000000        0x0 C:/Program Files (x86)/Atmel/Studio/7.0/Packs/atmel/ATmega_DFP/1.2.150/gcc/dev/atmega328p/avr5/crtatmega328p.o
 .text          0x00000000        0x0 clock.o
 .data          0x00000000        0x0 clock.o
 .bss           0x00000000        0x0 clock.o
 .text._ZN5Clock8getTicksEv
                0x00000000       0x12 clock.o
 .text._ZN5Clock14cancelPeriodicEi
                0x00000000       0x1a clock.o
 .text._ZN5ClockD2Ev
                0x00000000        0x2 clock.o
 .text          0x00000000        0x0 dds.o
 .data          0x00000000        0x0 dds.o
 .bss           0x00000000        0x0 dds.o
 .group         0x00000000        0x8 ElapsedTime.o
 .text          0x00000000        0x0 ElapsedTime.o
 .data          0x00000000        0x0 ElapsedTime.o
 .bss           0x00000000        0x0 ElapsedTime.o
 .text._ZN11ElapsedTime8callbackEv
                0x00000000        0xa ElapsedTime.o
 .text._ZN11ElapsedTimeC2Ej
                0x00000000       0x10 ElapsedTime.o
 .text._ZN11ElapsedTime7expiredEv
                0x00000000       0x12 ElapsedTime.o
 .rodata._ZTV11ElapsedTime
                0x00000000        0x6 ElapsedTime.o
 .debug_info    0x00000000      0x50b ElapsedTime.o
 .debug_abbrev  0x00000000      0x278 ElapsedTime.o
 .debug_loc     0x00000000       0x94 ElapsedTime.o
 .debug_aranges
                0x00000000       0x30 ElapsedTime.o
 .debug_ranges  0x00000000       0x20 ElapsedTime.o
 .debug_line    0x00000000      0x124 ElapsedTime.o
 .debug_str     0x00000000      0x4be ElapsedTime.o
 .comment       0x00000000       0x31 ElapsedTime.o
 .debug_frame   0x00000000       0x44 ElapsedTime.o
 .group         0x00000000        0x8 Encoder.o
 .text          0x00000000        0x0 Encoder.o
 .data          0x00000000        0x0 Encoder.o
 .bss           0x00000000        0x0 Encoder.o
 .data          0x00000000        0x0 font.o
 .bss           0x00000000        0x0 font.o
 .text          0x00000000        0x0 graphics.o
 .data          0x00000000        0x0 graphics.o
 .bss           0x00000000        0x0 graphics.o
 .text._ZN8Graphics10draw2xCharEchh
                0x00000000       0x36 graphics.o
 .text._ZN8Graphics6puts2xEPchh
                0x00000000       0x46 graphics.o
 .text._ZN8Graphics4rectE7_pixpsnjj9_pixColor
                0x00000000      0x118 graphics.o
 .group         0x00000000        0x8 keyer.o
 .text          0x00000000        0x0 keyer.o
 .data          0x00000000        0x0 keyer.o
 .bss           0x00000000        0x0 keyer.o
 .text._ZN5keyer8getStateEv
                0x00000000        0x6 keyer.o
 .group         0x00000000        0x8 led.o
 .text          0x00000000        0x0 led.o
 .data          0x00000000        0x0 led.o
 .bss           0x00000000        0x0 led.o
 .text._ZN3Led10is_led_setEv
                0x00000000        0x6 led.o
 .text._ZN3Led2onEv
                0x00000000       0x20 led.o
 .text._ZN3Led3offEv
                0x00000000       0x20 led.o
 .text          0x00000000        0x0 dds6.o
 .data          0x00000000        0x0 dds6.o
 .bss           0x00000000        0x0 dds6.o
 .text          0x00000000        0x0 lcd.o
 .data          0x00000000        0x0 lcd.o
 .bss           0x00000000        0x0 lcd.o
 .text._ZN3Lcd10setFgColorEhhh
                0x00000000        0xc lcd.o
 .text._ZN3Lcd10setBgColorEhhh
                0x00000000        0xc lcd.o
 .text._ZN3Lcd3offEv
                0x00000000       0x10 lcd.o
 .text._ZN3Lcd6clrEolEv
                0x00000000       0x18 lcd.o
 .text._ZN3Lcd8drawCharEchhh
                0x00000000       0x3a lcd.o
 .text._ZN3Lcd4putsEPc
                0x00000000       0x32 lcd.o
 .text._ZN3Lcd4putsEPc9_pixColor
                0x00000000       0x6a lcd.o
 .text._ZN3Lcd10drawCursorEh
                0x00000000       0x58 lcd.o
 .group         0x00000000        0x8 params.o
 .text          0x00000000        0x0 params.o
 .data          0x00000000        0x0 params.o
 .bss           0x00000000        0x0 params.o
 .text          0x00000000        0x0 relay.o
 .data          0x00000000        0x0 relay.o
 .bss           0x00000000        0x0 relay.o
 .group         0x00000000        0x8 sw.o
 .text          0x00000000        0x0 sw.o
 .data          0x00000000        0x0 sw.o
 .bss           0x00000000        0x0 sw.o
 .text          0x00000000        0x0 timer.o
 .data          0x00000000        0x0 timer.o
 .bss           0x00000000        0x0 timer.o
 .text._ZN5Timer11cancelTimerEv
                0x00000000        0xc timer.o
 .text          0x00000000        0x0 uart.o
 .data          0x00000000        0x0 uart.o
 .bss           0x00000000        0x0 uart.o
 .text.uart_puts
                0x00000000       0x1c uart.o
 .text.uart_gets
                0x00000000       0x36 uart.o
 .text.hasChar  0x00000000        0x8 uart.o
 .text          0x00000000        0x0 vfo.o
 .data          0x00000000        0x0 vfo.o
 .bss           0x00000000        0x0 vfo.o
 .text._ZN3vfo7getStepEv
                0x00000000        0xa vfo.o
 .text._ZN3vfo16getRxDisplayFreqEPc5_band
                0x00000000       0x68 vfo.o
 .text._ZN3vfo9setActVfoE10vfo_actv_t
                0x00000000        0xa vfo.o
 .text          0x00000000        0x0 c:/program files (x86)/atmel/studio/7.0/toolchain/avr8/avr8-gnu-toolchain/bin/../lib/gcc/avr/5.4.0/../../../../avr/lib/avr5\libm.a(fixunssfsi.o)
 .data          0x00000000        0x0 c:/program files (x86)/atmel/studio/7.0/toolchain/avr8/avr8-gnu-toolchain/bin/../lib/gcc/avr/5.4.0/../../../../avr/lib/avr5\libm.a(fixunssfsi.o)
 .bss           0x00000000        0x0 c:/program files (x86)/atmel/studio/7.0/toolchain/avr8/avr8-gnu-toolchain/bin/../lib/gcc/avr/5.4.0/../../../../avr/lib/avr5\libm.a(fixunssfsi.o)
 .text          0x00000000        0x0 c:/program files (x86)/atmel/studio/7.0/toolchain/avr8/avr8-gnu-toolchain/bin/../lib/gcc/avr/5.4.0/../../../../avr/lib/avr5\libm.a(floatsisf.o)
 .data          0x00000000        0x0 c:/program files (x86)/atmel/studio/7.0/toolchain/avr8/avr8-gnu-toolchain/bin/../lib/gcc/avr/5.4.0/../../../../avr/lib/avr5\libm.a(floatsisf.o)
 .bss           0x00000000        0x0 c:/program files (x86)/atmel/studio/7.0/toolchain/avr8/avr8-gnu-toolchain/bin/../lib/gcc/avr/5.4.0/../../../../avr/lib/avr5\libm.a(floatsisf.o)
 .text          0x00000000        0x0 c:/program files (x86)/atmel/studio/7.0/toolchain/avr8/avr8-gnu-toolchain/bin/../lib/gcc/avr/5.4.0/../../../../avr/lib/avr5\libm.a(fp_split3.o)
 .data          0x00000000        0x0 c:/program files (x86)/atmel/studio/7.0/toolchain/avr8/avr8-gnu-toolchain/bin/../lib/gcc/avr/5.4.0/../../../../avr/lib/avr5\libm.a(fp_split3.o)
 .bss           0x00000000        0x0 c:/program files (x86)/atmel/studio/7.0/toolchain/avr8/avr8-gnu-toolchain/bin/../lib/gcc/avr/5.4.0/../../../../avr/lib/avr5\libm.a(fp_split3.o)
 .text          0x00000000        0x0 c:/program files (x86)/atmel/studio/7.0/toolchain/avr8/avr8-gnu-toolchain/bin/../lib/gcc/avr/5.4.0/../../../../avr/lib/avr5\libm.a(fp_zero.o)
 .data          0x00000000        0x0 c:/program files (x86)/atmel/studio/7.0/toolchain/avr8/avr8-gnu-toolchain/bin/../lib/gcc/avr/5.4.0/../../../../avr/lib/avr5\libm.a(fp_zero.o)
 .bss           0x00000000        0x0 c:/program files (x86)/atmel/studio/7.0/toolchain/avr8/avr8-gnu-toolchain/bin/../lib/gcc/avr/5.4.0/../../../../avr/lib/avr5\libm.a(fp_zero.o)
 .text          0x00000000        0x0 c:/program files (x86)/atmel/studio/7.0/toolchain/avr8/avr8-gnu-toolchain/bin/../lib/gcc/avr/5.4.0/../../../../avr/lib/avr5\libm.a(mulsf3.o)
 .data          0x00000000        0x0 c:/program files (x86)/atmel/studio/7.0/toolchain/avr8/avr8-gnu-toolchain/bin/../lib/gcc/avr/5.4.0/../../../../avr/lib/avr5\libm.a(mulsf3.o)
 .bss           0x00000000        0x0 c:/program files (x86)/atmel/studio/7.0/toolchain/avr8/avr8-gnu-toolchain/bin/../lib/gcc/avr/5.4.0/../../../../avr/lib/avr5\libm.a(mulsf3.o)
 .text          0x00000000        0x0 c:/program files (x86)/atmel/studio/7.0/toolchain/avr8/avr8-gnu-toolchain/bin/../lib/gcc/avr/5.4.0/../../../../avr/lib/avr5\libm.a(mulsf3x.o)
 .data          0x00000000        0x0 c:/program files (x86)/atmel/studio/7.0/toolchain/avr8/avr8-gnu-toolchain/bin/../lib/gcc/avr/5.4.0/../../../../avr/lib/avr5\libm.a(mulsf3x.o)
 .bss           0x00000000        0x0 c:/program files (x86)/atmel/studio/7.0/toolchain/avr8/avr8-gnu-toolchain/bin/../lib/gcc/avr/5.4.0/../../../../avr/lib/avr5\libm.a(mulsf3x.o)
 .text          0x00000000        0x0 c:/program files (x86)/atmel/studio/7.0/toolchain/avr8/avr8-gnu-toolchain/bin/../lib/gcc/avr/5.4.0/../../../../avr/lib/avr5\libm.a(fp_inf.o)
 .data          0x00000000        0x0 c:/program files (x86)/atmel/studio/7.0/toolchain/avr8/avr8-gnu-toolchain/bin/../lib/gcc/avr/5.4.0/../../../../avr/lib/avr5\libm.a(fp_inf.o)
 .bss           0x00000000        0x0 c:/program files (x86)/atmel/studio/7.0/toolchain/avr8/avr8-gnu-toolchain/bin/../lib/gcc/avr/5.4.0/../../../../avr/lib/avr5\libm.a(fp_inf.o)
 .text          0x00000000        0x0 c:/program files (x86)/atmel/studio/7.0/toolchain/avr8/avr8-gnu-toolchain/bin/../lib/gcc/avr/5.4.0/../../../../avr/lib/avr5\libm.a(fp_nan.o)
 .data          0x00000000        0x0 c:/program files (x86)/atmel/studio/7.0/toolchain/avr8/avr8-gnu-toolchain/bin/../lib/gcc/avr/5.4.0/../../../../avr/lib/avr5\libm.a(fp_nan.o)
 .bss           0x00000000        0x0 c:/program files (x86)/atmel/studio/7.0/toolchain/avr8/avr8-gnu-toolchain/bin/../lib/gcc/avr/5.4.0/../../../../avr/lib/avr5\libm.a(fp_nan.o)
 .text          0x00000000        0x0 c:/program files (x86)/atmel/studio/7.0/toolchain/avr8/avr8-gnu-toolchain/bin/../lib/gcc/avr/5.4.0/../../../../avr/lib/avr5\libm.a(fp_pscA.o)
 .data          0x00000000        0x0 c:/program files (x86)/atmel/studio/7.0/toolchain/avr8/avr8-gnu-toolchain/bin/../lib/gcc/avr/5.4.0/../../../../avr/lib/avr5\libm.a(fp_pscA.o)
 .bss           0x00000000        0x0 c:/program files (x86)/atmel/studio/7.0/toolchain/avr8/avr8-gnu-toolchain/bin/../lib/gcc/avr/5.4.0/../../../../avr/lib/avr5\libm.a(fp_pscA.o)
 .text          0x00000000        0x0 c:/program files (x86)/atmel/studio/7.0/toolchain/avr8/avr8-gnu-toolchain/bin/../lib/gcc/avr/5.4.0/../../../../avr/lib/avr5\libm.a(fp_pscB.o)
 .data          0x00000000        0x0 c:/program files (x86)/atmel/studio/7.0/toolchain/avr8/avr8-gnu-toolchain/bin/../lib/gcc/avr/5.4.0/../../../../avr/lib/avr5\libm.a(fp_pscB.o)
 .bss           0x00000000        0x0 c:/program files (x86)/atmel/studio/7.0/toolchain/avr8/avr8-gnu-toolchain/bin/../lib/gcc/avr/5.4.0/../../../../avr/lib/avr5\libm.a(fp_pscB.o)
 .text          0x00000000        0x0 c:/program files (x86)/atmel/studio/7.0/toolchain/avr8/avr8-gnu-toolchain/bin/../lib/gcc/avr/5.4.0/../../../../avr/lib/avr5\libm.a(fp_round.o)
 .data          0x00000000        0x0 c:/program files (x86)/atmel/studio/7.0/toolchain/avr8/avr8-gnu-toolchain/bin/../lib/gcc/avr/5.4.0/../../../../avr/lib/avr5\libm.a(fp_round.o)
 .bss           0x00000000        0x0 c:/program files (x86)/atmel/studio/7.0/toolchain/avr8/avr8-gnu-toolchain/bin/../lib/gcc/avr/5.4.0/../../../../avr/lib/avr5\libm.a(fp_round.o)
 .text          0x00000000        0x0 C:\MyArduinoProjects\dds6\dds6\dds6\ArduinoCore\Debug\libArduinoCore.a(main.o)
 .data          0x00000000        0x0 C:\MyArduinoProjects\dds6\dds6\dds6\ArduinoCore\Debug\libArduinoCore.a(main.o)
 .bss           0x00000000        0x0 C:\MyArduinoProjects\dds6\dds6\dds6\ArduinoCore\Debug\libArduinoCore.a(main.o)
 .text.atexit   0x00000000        0x6 C:\MyArduinoProjects\dds6\dds6\dds6\ArduinoCore\Debug\libArduinoCore.a(main.o)
 .text._Z8setupUSBv
                0x00000000        0x2 C:\MyArduinoProjects\dds6\dds6\dds6\ArduinoCore\Debug\libArduinoCore.a(main.o)
 .text          0x00000000        0x0 C:\MyArduinoProjects\dds6\dds6\dds6\ArduinoCore\Debug\libArduinoCore.a(new.o)
 .data          0x00000000        0x0 C:\MyArduinoProjects\dds6\dds6\dds6\ArduinoCore\Debug\libArduinoCore.a(new.o)
 .bss           0x00000000        0x0 C:\MyArduinoProjects\dds6\dds6\dds6\ArduinoCore\Debug\libArduinoCore.a(new.o)
 .text._Znaj    0x00000000        0x4 C:\MyArduinoProjects\dds6\dds6\dds6\ArduinoCore\Debug\libArduinoCore.a(new.o)
 .text._ZdlPv   0x00000000        0x4 C:\MyArduinoProjects\dds6\dds6\dds6\ArduinoCore\Debug\libArduinoCore.a(new.o)
 .text._ZdaPv   0x00000000        0x4 C:\MyArduinoProjects\dds6\dds6\dds6\ArduinoCore\Debug\libArduinoCore.a(new.o)
 .text          0x00000000        0x0 C:\MyArduinoProjects\dds6\dds6\dds6\ArduinoCore\Debug\libArduinoCore.a(wiring.o)
 .data          0x00000000        0x0 C:\MyArduinoProjects\dds6\dds6\dds6\ArduinoCore\Debug\libArduinoCore.a(wiring.o)
 .bss           0x00000000        0x0 C:\MyArduinoProjects\dds6\dds6\dds6\ArduinoCore\Debug\libArduinoCore.a(wiring.o)
 .text.millis   0x00000000       0x18 C:\MyArduinoProjects\dds6\dds6\dds6\ArduinoCore\Debug\libArduinoCore.a(wiring.o)
 .text.micros   0x00000000       0x4a C:\MyArduinoProjects\dds6\dds6\dds6\ArduinoCore\Debug\libArduinoCore.a(wiring.o)
 .text.delay    0x00000000       0x78 C:\MyArduinoProjects\dds6\dds6\dds6\ArduinoCore\Debug\libArduinoCore.a(wiring.o)
 .text.delayMicroseconds
                0x00000000       0x16 C:\MyArduinoProjects\dds6\dds6\dds6\ArduinoCore\Debug\libArduinoCore.a(wiring.o)
 .text          0x00000000        0x0 C:\MyArduinoProjects\dds6\dds6\dds6\ArduinoCore\Debug\libArduinoCore.a(hooks.o)
 .data          0x00000000        0x0 C:\MyArduinoProjects\dds6\dds6\dds6\ArduinoCore\Debug\libArduinoCore.a(hooks.o)
 .bss           0x00000000        0x0 C:\MyArduinoProjects\dds6\dds6\dds6\ArduinoCore\Debug\libArduinoCore.a(hooks.o)
 .text.__empty  0x00000000        0x2 C:\MyArduinoProjects\dds6\dds6\dds6\ArduinoCore\Debug\libArduinoCore.a(hooks.o)
 .debug_info    0x00000000       0x3e C:\MyArduinoProjects\dds6\dds6\dds6\ArduinoCore\Debug\libArduinoCore.a(hooks.o)
 .debug_abbrev  0x00000000       0x2a C:\MyArduinoProjects\dds6\dds6\dds6\ArduinoCore\Debug\libArduinoCore.a(hooks.o)
 .debug_aranges
                0x00000000       0x20 C:\MyArduinoProjects\dds6\dds6\dds6\ArduinoCore\Debug\libArduinoCore.a(hooks.o)
 .debug_ranges  0x00000000       0x10 C:\MyArduinoProjects\dds6\dds6\dds6\ArduinoCore\Debug\libArduinoCore.a(hooks.o)
 .debug_line    0x00000000       0x41 C:\MyArduinoProjects\dds6\dds6\dds6\ArduinoCore\Debug\libArduinoCore.a(hooks.o)
 .debug_str     0x00000000      0x120 C:\MyArduinoProjects\dds6\dds6\dds6\ArduinoCore\Debug\libArduinoCore.a(hooks.o)
 .comment       0x00000000       0x31 C:\MyArduinoProjects\dds6\dds6\dds6\ArduinoCore\Debug\libArduinoCore.a(hooks.o)
 .debug_frame   0x00000000       0x24 C:\MyArduinoProjects\dds6\dds6\dds6\ArduinoCore\Debug\libArduinoCore.a(hooks.o)
 .text          0x00000000        0x0 c:/program files (x86)/atmel/studio/7.0/toolchain/avr8/avr8-gnu-toolchain/bin/../lib/gcc/avr/5.4.0/avr5\libgcc.a(_mulsi3.o)
 .data          0x00000000        0x0 c:/program files (x86)/atmel/studio/7.0/toolchain/avr8/avr8-gnu-toolchain/bin/../lib/gcc/avr/5.4.0/avr5\libgcc.a(_mulsi3.o)
 .bss           0x00000000        0x0 c:/program files (x86)/atmel/studio/7.0/toolchain/avr8/avr8-gnu-toolchain/bin/../lib/gcc/avr/5.4.0/avr5\libgcc.a(_mulsi3.o)
 .text.libgcc.div
                0x00000000        0x0 c:/program files (x86)/atmel/studio/7.0/toolchain/avr8/avr8-gnu-toolchain/bin/../lib/gcc/avr/5.4.0/avr5\libgcc.a(_mulsi3.o)
 .text.libgcc   0x00000000        0x0 c:/program files (x86)/atmel/studio/7.0/toolchain/avr8/avr8-gnu-toolchain/bin/../lib/gcc/avr/5.4.0/avr5\libgcc.a(_mulsi3.o)
 .text.libgcc.prologue
                0x00000000        0x0 c:/program files (x86)/atmel/studio/7.0/toolchain/avr8/avr8-gnu-toolchain/bin/../lib/gcc/avr/5.4.0/avr5\libgcc.a(_mulsi3.o)
 .text.libgcc.builtins
                0x00000000        0x0 c:/program files (x86)/atmel/studio/7.0/toolchain/avr8/avr8-gnu-toolchain/bin/../lib/gcc/avr/5.4.0/avr5\libgcc.a(_mulsi3.o)
 .text.libgcc.fmul
                0x00000000        0x0 c:/program files (x86)/atmel/studio/7.0/toolchain/avr8/avr8-gnu-toolchain/bin/../lib/gcc/avr/5.4.0/avr5\libgcc.a(_mulsi3.o)
 .text.libgcc.fixed
                0x00000000        0x0 c:/program files (x86)/atmel/studio/7.0/toolchain/avr8/avr8-gnu-toolchain/bin/../lib/gcc/avr/5.4.0/avr5\libgcc.a(_mulsi3.o)
 .text          0x00000000        0x0 c:/program files (x86)/atmel/studio/7.0/toolchain/avr8/avr8-gnu-toolchain/bin/../lib/gcc/avr/5.4.0/avr5\libgcc.a(_udivmodhi4.o)
 .data          0x00000000        0x0 c:/program files (x86)/atmel/studio/7.0/toolchain/avr8/avr8-gnu-toolchain/bin/../lib/gcc/avr/5.4.0/avr5\libgcc.a(_udivmodhi4.o)
 .bss           0x00000000        0x0 c:/program files (x86)/atmel/studio/7.0/toolchain/avr8/avr8-gnu-toolchain/bin/../lib/gcc/avr/5.4.0/avr5\libgcc.a(_udivmodhi4.o)
 .text.libgcc.mul
                0x00000000        0x0 c:/program files (x86)/atmel/studio/7.0/toolchain/avr8/avr8-gnu-toolchain/bin/../lib/gcc/avr/5.4.0/avr5\libgcc.a(_udivmodhi4.o)
 .text.libgcc   0x00000000        0x0 c:/program files (x86)/atmel/studio/7.0/toolchain/avr8/avr8-gnu-toolchain/bin/../lib/gcc/avr/5.4.0/avr5\libgcc.a(_udivmodhi4.o)
 .text.libgcc.prologue
                0x00000000        0x0 c:/program files (x86)/atmel/studio/7.0/toolchain/avr8/avr8-gnu-toolchain/bin/../lib/gcc/avr/5.4.0/avr5\libgcc.a(_udivmodhi4.o)
 .text.libgcc.builtins
                0x00000000        0x0 c:/program files (x86)/atmel/studio/7.0/toolchain/avr8/avr8-gnu-toolchain/bin/../lib/gcc/avr/5.4.0/avr5\libgcc.a(_udivmodhi4.o)
 .text.libgcc.fmul
                0x00000000        0x0 c:/program files (x86)/atmel/studio/7.0/toolchain/avr8/avr8-gnu-toolchain/bin/../lib/gcc/avr/5.4.0/avr5\libgcc.a(_udivmodhi4.o)
 .text.libgcc.fixed
                0x00000000        0x0 c:/program files (x86)/atmel/studio/7.0/toolchain/avr8/avr8-gnu-toolchain/bin/../lib/gcc/avr/5.4.0/avr5\libgcc.a(_udivmodhi4.o)
 .text          0x00000000        0x0 c:/program files (x86)/atmel/studio/7.0/toolchain/avr8/avr8-gnu-toolchain/bin/../lib/gcc/avr/5.4.0/avr5\libgcc.a(_udivmodsi4.o)
 .data          0x00000000        0x0 c:/program files (x86)/atmel/studio/7.0/toolchain/avr8/avr8-gnu-toolchain/bin/../lib/gcc/avr/5.4.0/avr5\libgcc.a(_udivmodsi4.o)
 .bss           0x00000000        0x0 c:/program files (x86)/atmel/studio/7.0/toolchain/avr8/avr8-gnu-toolchain/bin/../lib/gcc/avr/5.4.0/avr5\libgcc.a(_udivmodsi4.o)
 .text.libgcc.mul
                0x00000000        0x0 c:/program files (x86)/atmel/studio/7.0/toolchain/avr8/avr8-gnu-toolchain/bin/../lib/gcc/avr/5.4.0/avr5\libgcc.a(_udivmodsi4.o)
 .text.libgcc   0x00000000        0x0 c:/program files (x86)/atmel/studio/7.0/toolchain/avr8/avr8-gnu-toolchain/bin/../lib/gcc/avr/5.4.0/avr5\libgcc.a(_udivmodsi4.o)
 .text.libgcc.prologue
                0x00000000        0x0 c:/program files (x86)/atmel/studio/7.0/toolchain/avr8/avr8-gnu-toolchain/bin/../lib/gcc/avr/5.4.0/avr5\libgcc.a(_udivmodsi4.o)
 .text.libgcc.builtins
                0x00000000        0x0 c:/program files (x86)/atmel/studio/7.0/toolchain/avr8/avr8-gnu-toolchain/bin/../lib/gcc/avr/5.4.0/avr5\libgcc.a(_udivmodsi4.o)
 .text.libgcc.fmul
                0x00000000        0x0 c:/program files (x86)/atmel/studio/7.0/toolchain/avr8/avr8-gnu-toolchain/bin/../lib/gcc/avr/5.4.0/avr5\libgcc.a(_udivmodsi4.o)
 .text.libgcc.fixed
                0x00000000        0x0 c:/program files (x86)/atmel/studio/7.0/toolchain/avr8/avr8-gnu-toolchain/bin/../lib/gcc/avr/5.4.0/avr5\libgcc.a(_udivmodsi4.o)
 .text          0x00000000        0x0 c:/program files (x86)/atmel/studio/7.0/toolchain/avr8/avr8-gnu-toolchain/bin/../lib/gcc/avr/5.4.0/avr5\libgcc.a(_exit.o)
 .data          0x00000000        0x0 c:/program files (x86)/atmel/studio/7.0/toolchain/avr8/avr8-gnu-toolchain/bin/../lib/gcc/avr/5.4.0/avr5\libgcc.a(_exit.o)
 .bss           0x00000000        0x0 c:/program files (x86)/atmel/studio/7.0/toolchain/avr8/avr8-gnu-toolchain/bin/../lib/gcc/avr/5.4.0/avr5\libgcc.a(_exit.o)
 .text.libgcc.mul
                0x00000000        0x0 c:/program files (x86)/atmel/studio/7.0/toolchain/avr8/avr8-gnu-toolchain/bin/../lib/gcc/avr/5.4.0/avr5\libgcc.a(_exit.o)
 .text.libgcc.div
                0x00000000        0x0 c:/program files (x86)/atmel/studio/7.0/toolchain/avr8/avr8-gnu-toolchain/bin/../lib/gcc/avr/5.4.0/avr5\libgcc.a(_exit.o)
 .text.libgcc   0x00000000        0x0 c:/program files (x86)/atmel/studio/7.0/toolchain/avr8/avr8-gnu-toolchain/bin/../lib/gcc/avr/5.4.0/avr5\libgcc.a(_exit.o)
 .text.libgcc.prologue
                0x00000000        0x0 c:/program files (x86)/atmel/studio/7.0/toolchain/avr8/avr8-gnu-toolchain/bin/../lib/gcc/avr/5.4.0/avr5\libgcc.a(_exit.o)
 .text.libgcc.builtins
                0x00000000        0x0 c:/program files (x86)/atmel/studio/7.0/toolchain/avr8/avr8-gnu-toolchain/bin/../lib/gcc/avr/5.4.0/avr5\libgcc.a(_exit.o)
 .text.libgcc.fmul
                0x00000000        0x0 c:/program files (x86)/atmel/studio/7.0/toolchain/avr8/avr8-gnu-toolchain/bin/../lib/gcc/avr/5.4.0/avr5\libgcc.a(_exit.o)
 .text.libgcc.fixed
                0x00000000        0x0 c:/program files (x86)/atmel/studio/7.0/toolchain/avr8/avr8-gnu-toolchain/bin/../lib/gcc/avr/5.4.0/avr5\libgcc.a(_exit.o)
 .text          0x00000000        0x0 c:/program files (x86)/atmel/studio/7.0/toolchain/avr8/avr8-gnu-toolchain/bin/../lib/gcc/avr/5.4.0/avr5\libgcc.a(_copy_data.o)
 .data          0x00000000        0x0 c:/program files (x86)/atmel/studio/7.0/toolchain/avr8/avr8-gnu-toolchain/bin/../lib/gcc/avr/5.4.0/avr5\libgcc.a(_copy_data.o)
 .bss           0x00000000        0x0 c:/program files (x86)/atmel/studio/7.0/toolchain/avr8/avr8-gnu-toolchain/bin/../lib/gcc/avr/5.4.0/avr5\libgcc.a(_copy_data.o)
 .text.libgcc.mul
                0x00000000        0x0 c:/program files (x86)/atmel/studio/7.0/toolchain/avr8/avr8-gnu-toolchain/bin/../lib/gcc/avr/5.4.0/avr5\libgcc.a(_copy_data.o)
 .text.libgcc.div
                0x00000000        0x0 c:/program files (x86)/atmel/studio/7.0/toolchain/avr8/avr8-gnu-toolchain/bin/../lib/gcc/avr/5.4.0/avr5\libgcc.a(_copy_data.o)
 .text.libgcc   0x00000000        0x0 c:/program files (x86)/atmel/studio/7.0/toolchain/avr8/avr8-gnu-toolchain/bin/../lib/gcc/avr/5.4.0/avr5\libgcc.a(_copy_data.o)
 .text.libgcc.prologue
                0x00000000        0x0 c:/program files (x86)/atmel/studio/7.0/toolchain/avr8/avr8-gnu-toolchain/bin/../lib/gcc/avr/5.4.0/avr5\libgcc.a(_copy_data.o)
 .text.libgcc.builtins
                0x00000000        0x0 c:/program files (x86)/atmel/studio/7.0/toolchain/avr8/avr8-gnu-toolchain/bin/../lib/gcc/avr/5.4.0/avr5\libgcc.a(_copy_data.o)
 .text.libgcc.fmul
                0x00000000        0x0 c:/program files (x86)/atmel/studio/7.0/toolchain/avr8/avr8-gnu-toolchain/bin/../lib/gcc/avr/5.4.0/avr5\libgcc.a(_copy_data.o)
 .text.libgcc.fixed
                0x00000000        0x0 c:/program files (x86)/atmel/studio/7.0/toolchain/avr8/avr8-gnu-toolchain/bin/../lib/gcc/avr/5.4.0/avr5\libgcc.a(_copy_data.o)
 .text          0x00000000        0x0 c:/program files (x86)/atmel/studio/7.0/toolchain/avr8/avr8-gnu-toolchain/bin/../lib/gcc/avr/5.4.0/avr5\libgcc.a(_clear_bss.o)
 .data          0x00000000        0x0 c:/program files (x86)/atmel/studio/7.0/toolchain/avr8/avr8-gnu-toolchain/bin/../lib/gcc/avr/5.4.0/avr5\libgcc.a(_clear_bss.o)
 .bss           0x00000000        0x0 c:/program files (x86)/atmel/studio/7.0/toolchain/avr8/avr8-gnu-toolchain/bin/../lib/gcc/avr/5.4.0/avr5\libgcc.a(_clear_bss.o)
 .text.libgcc.mul
                0x00000000        0x0 c:/program files (x86)/atmel/studio/7.0/toolchain/avr8/avr8-gnu-toolchain/bin/../lib/gcc/avr/5.4.0/avr5\libgcc.a(_clear_bss.o)
 .text.libgcc.div
                0x00000000        0x0 c:/program files (x86)/atmel/studio/7.0/toolchain/avr8/avr8-gnu-toolchain/bin/../lib/gcc/avr/5.4.0/avr5\libgcc.a(_clear_bss.o)
 .text.libgcc   0x00000000        0x0 c:/program files (x86)/atmel/studio/7.0/toolchain/avr8/avr8-gnu-toolchain/bin/../lib/gcc/avr/5.4.0/avr5\libgcc.a(_clear_bss.o)
 .text.libgcc.prologue
                0x00000000        0x0 c:/program files (x86)/atmel/studio/7.0/toolchain/avr8/avr8-gnu-toolchain/bin/../lib/gcc/avr/5.4.0/avr5\libgcc.a(_clear_bss.o)
 .text.libgcc.builtins
                0x00000000        0x0 c:/program files (x86)/atmel/studio/7.0/toolchain/avr8/avr8-gnu-toolchain/bin/../lib/gcc/avr/5.4.0/avr5\libgcc.a(_clear_bss.o)
 .text.libgcc.fmul
                0x00000000        0x0 c:/program files (x86)/atmel/studio/7.0/toolchain/avr8/avr8-gnu-toolchain/bin/../lib/gcc/avr/5.4.0/avr5\libgcc.a(_clear_bss.o)
 .text.libgcc.fixed
                0x00000000        0x0 c:/program files (x86)/atmel/studio/7.0/toolchain/avr8/avr8-gnu-toolchain/bin/../lib/gcc/avr/5.4.0/avr5\libgcc.a(_clear_bss.o)
 .text          0x00000000        0x0 c:/program files (x86)/atmel/studio/7.0/toolchain/avr8/avr8-gnu-toolchain/bin/../lib/gcc/avr/5.4.0/avr5\libgcc.a(_umulhisi3.o)
 .data          0x00000000        0x0 c:/program files (x86)/atmel/studio/7.0/toolchain/avr8/avr8-gnu-toolchain/bin/../lib/gcc/avr/5.4.0/avr5\libgcc.a(_umulhisi3.o)
 .bss           0x00000000        0x0 c:/program files (x86)/atmel/studio/7.0/toolchain/avr8/avr8-gnu-toolchain/bin/../lib/gcc/avr/5.4.0/avr5\libgcc.a(_umulhisi3.o)
 .text.libgcc.div
                0x00000000        0x0 c:/program files (x86)/atmel/studio/7.0/toolchain/avr8/avr8-gnu-toolchain/bin/../lib/gcc/avr/5.4.0/avr5\libgcc.a(_umulhisi3.o)
 .text.libgcc   0x00000000        0x0 c:/program files (x86)/atmel/studio/7.0/toolchain/avr8/avr8-gnu-toolchain/bin/../lib/gcc/avr/5.4.0/avr5\libgcc.a(_umulhisi3.o)
 .text.libgcc.prologue
                0x00000000        0x0 c:/program files (x86)/atmel/studio/7.0/toolchain/avr8/avr8-gnu-toolchain/bin/../lib/gcc/avr/5.4.0/avr5\libgcc.a(_umulhisi3.o)
 .text.libgcc.builtins
                0x00000000        0x0 c:/program files (x86)/atmel/studio/7.0/toolchain/avr8/avr8-gnu-toolchain/bin/../lib/gcc/avr/5.4.0/avr5\libgcc.a(_umulhisi3.o)
 .text.libgcc.fmul
                0x00000000        0x0 c:/program files (x86)/atmel/studio/7.0/toolchain/avr8/avr8-gnu-toolchain/bin/../lib/gcc/avr/5.4.0/avr5\libgcc.a(_umulhisi3.o)
 .text.libgcc.fixed
                0x00000000        0x0 c:/program files (x86)/atmel/studio/7.0/toolchain/avr8/avr8-gnu-toolchain/bin/../lib/gcc/avr/5.4.0/avr5\libgcc.a(_umulhisi3.o)
 .text          0x00000000        0x0 c:/program files (x86)/atmel/studio/7.0/toolchain/avr8/avr8-gnu-toolchain/bin/../lib/gcc/avr/5.4.0/avr5\libgcc.a(_muluhisi3.o)
 .data          0x00000000        0x0 c:/program files (x86)/atmel/studio/7.0/toolchain/avr8/avr8-gnu-toolchain/bin/../lib/gcc/avr/5.4.0/avr5\libgcc.a(_muluhisi3.o)
 .bss           0x00000000        0x0 c:/program files (x86)/atmel/studio/7.0/toolchain/avr8/avr8-gnu-toolchain/bin/../lib/gcc/avr/5.4.0/avr5\libgcc.a(_muluhisi3.o)
 .text.libgcc.div
                0x00000000        0x0 c:/program files (x86)/atmel/studio/7.0/toolchain/avr8/avr8-gnu-toolchain/bin/../lib/gcc/avr/5.4.0/avr5\libgcc.a(_muluhisi3.o)
 .text.libgcc   0x00000000        0x0 c:/program files (x86)/atmel/studio/7.0/toolchain/avr8/avr8-gnu-toolchain/bin/../lib/gcc/avr/5.4.0/avr5\libgcc.a(_muluhisi3.o)
 .text.libgcc.prologue
                0x00000000        0x0 c:/program files (x86)/atmel/studio/7.0/toolchain/avr8/avr8-gnu-toolchain/bin/../lib/gcc/avr/5.4.0/avr5\libgcc.a(_muluhisi3.o)
 .text.libgcc.builtins
                0x00000000        0x0 c:/program files (x86)/atmel/studio/7.0/toolchain/avr8/avr8-gnu-toolchain/bin/../lib/gcc/avr/5.4.0/avr5\libgcc.a(_muluhisi3.o)
 .text.libgcc.fmul
                0x00000000        0x0 c:/program files (x86)/atmel/studio/7.0/toolchain/avr8/avr8-gnu-toolchain/bin/../lib/gcc/avr/5.4.0/avr5\libgcc.a(_muluhisi3.o)
 .text.libgcc.fixed
                0x00000000        0x0 c:/program files (x86)/atmel/studio/7.0/toolchain/avr8/avr8-gnu-toolchain/bin/../lib/gcc/avr/5.4.0/avr5\libgcc.a(_muluhisi3.o)
 .text          0x00000000        0x0 c:/program files (x86)/atmel/studio/7.0/toolchain/avr8/avr8-gnu-toolchain/bin/../lib/gcc/avr/5.4.0/avr5\libgcc.a(_mulshisi3.o)
 .data          0x00000000        0x0 c:/program files (x86)/atmel/studio/7.0/toolchain/avr8/avr8-gnu-toolchain/bin/../lib/gcc/avr/5.4.0/avr5\libgcc.a(_mulshisi3.o)
 .bss           0x00000000        0x0 c:/program files (x86)/atmel/studio/7.0/toolchain/avr8/avr8-gnu-toolchain/bin/../lib/gcc/avr/5.4.0/avr5\libgcc.a(_mulshisi3.o)
 .text.libgcc.div
                0x00000000        0x0 c:/program files (x86)/atmel/studio/7.0/toolchain/avr8/avr8-gnu-toolchain/bin/../lib/gcc/avr/5.4.0/avr5\libgcc.a(_mulshisi3.o)
 .text.libgcc   0x00000000        0x0 c:/program files (x86)/atmel/studio/7.0/toolchain/avr8/avr8-gnu-toolchain/bin/../lib/gcc/avr/5.4.0/avr5\libgcc.a(_mulshisi3.o)
 .text.libgcc.prologue
                0x00000000        0x0 c:/program files (x86)/atmel/studio/7.0/toolchain/avr8/avr8-gnu-toolchain/bin/../lib/gcc/avr/5.4.0/avr5\libgcc.a(_mulshisi3.o)
 .text.libgcc.builtins
                0x00000000        0x0 c:/program files (x86)/atmel/studio/7.0/toolchain/avr8/avr8-gnu-toolchain/bin/../lib/gcc/avr/5.4.0/avr5\libgcc.a(_mulshisi3.o)
 .text.libgcc.fmul
                0x00000000        0x0 c:/program files (x86)/atmel/studio/7.0/toolchain/avr8/avr8-gnu-toolchain/bin/../lib/gcc/avr/5.4.0/avr5\libgcc.a(_mulshisi3.o)
 .text.libgcc.fixed
                0x00000000        0x0 c:/program files (x86)/atmel/studio/7.0/toolchain/avr8/avr8-gnu-toolchain/bin/../lib/gcc/avr/5.4.0/avr5\libgcc.a(_mulshisi3.o)
 .text          0x00000000        0x0 c:/program files (x86)/atmel/studio/7.0/toolchain/avr8/avr8-gnu-toolchain/bin/../lib/gcc/avr/5.4.0/../../../../avr/lib/avr5\libc.a(malloc.o)
 .bss           0x00000000        0x0 c:/program files (x86)/atmel/studio/7.0/toolchain/avr8/avr8-gnu-toolchain/bin/../lib/gcc/avr/5.4.0/../../../../avr/lib/avr5\libc.a(malloc.o)
 .text          0x00000000        0x0 c:/program files (x86)/atmel/studio/7.0/toolchain/avr8/avr8-gnu-toolchain/bin/../lib/gcc/avr/5.4.0/../../../../avr/lib/avr5\libc.a(fputs.o)
 .data          0x00000000        0x0 c:/program files (x86)/atmel/studio/7.0/toolchain/avr8/avr8-gnu-toolchain/bin/../lib/gcc/avr/5.4.0/../../../../avr/lib/avr5\libc.a(fputs.o)
 .bss           0x00000000        0x0 c:/program files (x86)/atmel/studio/7.0/toolchain/avr8/avr8-gnu-toolchain/bin/../lib/gcc/avr/5.4.0/../../../../avr/lib/avr5\libc.a(fputs.o)
 .text          0x00000000        0x0 c:/program files (x86)/atmel/studio/7.0/toolchain/avr8/avr8-gnu-toolchain/bin/../lib/gcc/avr/5.4.0/../../../../avr/lib/avr5\libc.a(iob.o)
 .data          0x00000000        0x0 c:/program files (x86)/atmel/studio/7.0/toolchain/avr8/avr8-gnu-toolchain/bin/../lib/gcc/avr/5.4.0/../../../../avr/lib/avr5\libc.a(iob.o)
 .bss           0x00000000        0x0 c:/program files (x86)/atmel/studio/7.0/toolchain/avr8/avr8-gnu-toolchain/bin/../lib/gcc/avr/5.4.0/../../../../avr/lib/avr5\libc.a(iob.o)
 .text          0x00000000        0x0 c:/program files (x86)/atmel/studio/7.0/toolchain/avr8/avr8-gnu-toolchain/bin/../lib/gcc/avr/5.4.0/../../../../avr/lib/avr5\libc.a(puts.o)
 .data          0x00000000        0x0 c:/program files (x86)/atmel/studio/7.0/toolchain/avr8/avr8-gnu-toolchain/bin/../lib/gcc/avr/5.4.0/../../../../avr/lib/avr5\libc.a(puts.o)
 .bss           0x00000000        0x0 c:/program files (x86)/atmel/studio/7.0/toolchain/avr8/avr8-gnu-toolchain/bin/../lib/gcc/avr/5.4.0/../../../../avr/lib/avr5\libc.a(puts.o)
 .text          0x00000000        0x0 c:/program files (x86)/atmel/studio/7.0/toolchain/avr8/avr8-gnu-toolchain/bin/../lib/gcc/avr/5.4.0/../../../../avr/lib/avr5\libc.a(sprintf.o)
 .data          0x00000000        0x0 c:/program files (x86)/atmel/studio/7.0/toolchain/avr8/avr8-gnu-toolchain/bin/../lib/gcc/avr/5.4.0/../../../../avr/lib/avr5\libc.a(sprintf.o)
 .bss           0x00000000        0x0 c:/program files (x86)/atmel/studio/7.0/toolchain/avr8/avr8-gnu-toolchain/bin/../lib/gcc/avr/5.4.0/../../../../avr/lib/avr5\libc.a(sprintf.o)
 .text          0x00000000        0x0 c:/program files (x86)/atmel/studio/7.0/toolchain/avr8/avr8-gnu-toolchain/bin/../lib/gcc/avr/5.4.0/../../../../avr/lib/avr5\libc.a(vfprintf_std.o)
 .data          0x00000000        0x0 c:/program files (x86)/atmel/studio/7.0/toolchain/avr8/avr8-gnu-toolchain/bin/../lib/gcc/avr/5.4.0/../../../../avr/lib/avr5\libc.a(vfprintf_std.o)
 .bss           0x00000000        0x0 c:/program files (x86)/atmel/studio/7.0/toolchain/avr8/avr8-gnu-toolchain/bin/../lib/gcc/avr/5.4.0/../../../../avr/lib/avr5\libc.a(vfprintf_std.o)
 .text          0x00000000        0x0 c:/program files (x86)/atmel/studio/7.0/toolchain/avr8/avr8-gnu-toolchain/bin/../lib/gcc/avr/5.4.0/../../../../avr/lib/avr5\libc.a(strnlen_P.o)
 .data          0x00000000        0x0 c:/program files (x86)/atmel/studio/7.0/toolchain/avr8/avr8-gnu-toolchain/bin/../lib/gcc/avr/5.4.0/../../../../avr/lib/avr5\libc.a(strnlen_P.o)
 .bss           0x00000000        0x0 c:/program files (x86)/atmel/studio/7.0/toolchain/avr8/avr8-gnu-toolchain/bin/../lib/gcc/avr/5.4.0/../../../../avr/lib/avr5\libc.a(strnlen_P.o)
 .text          0x00000000        0x0 c:/program files (x86)/atmel/studio/7.0/toolchain/avr8/avr8-gnu-toolchain/bin/../lib/gcc/avr/5.4.0/../../../../avr/lib/avr5\libc.a(strnlen.o)
 .data          0x00000000        0x0 c:/program files (x86)/atmel/studio/7.0/toolchain/avr8/avr8-gnu-toolchain/bin/../lib/gcc/avr/5.4.0/../../../../avr/lib/avr5\libc.a(strnlen.o)
 .bss           0x00000000        0x0 c:/program files (x86)/atmel/studio/7.0/toolchain/avr8/avr8-gnu-toolchain/bin/../lib/gcc/avr/5.4.0/../../../../avr/lib/avr5\libc.a(strnlen.o)
 .text          0x00000000        0x0 c:/program files (x86)/atmel/studio/7.0/toolchain/avr8/avr8-gnu-toolchain/bin/../lib/gcc/avr/5.4.0/../../../../avr/lib/avr5\libc.a(fputc.o)
 .data          0x00000000        0x0 c:/program files (x86)/atmel/studio/7.0/toolchain/avr8/avr8-gnu-toolchain/bin/../lib/gcc/avr/5.4.0/../../../../avr/lib/avr5\libc.a(fputc.o)
 .bss           0x00000000        0x0 c:/program files (x86)/atmel/studio/7.0/toolchain/avr8/avr8-gnu-toolchain/bin/../lib/gcc/avr/5.4.0/../../../../avr/lib/avr5\libc.a(fputc.o)
 .text          0x00000000        0x0 c:/program files (x86)/atmel/studio/7.0/toolchain/avr8/avr8-gnu-toolchain/bin/../lib/gcc/avr/5.4.0/../../../../avr/lib/avr5\libc.a(ultoa_invert.o)
 .data          0x00000000        0x0 c:/program files (x86)/atmel/studio/7.0/toolchain/avr8/avr8-gnu-toolchain/bin/../lib/gcc/avr/5.4.0/../../../../avr/lib/avr5\libc.a(ultoa_invert.o)
 .bss           0x00000000        0x0 c:/program files (x86)/atmel/studio/7.0/toolchain/avr8/avr8-gnu-toolchain/bin/../lib/gcc/avr/5.4.0/../../../../avr/lib/avr5\libc.a(ultoa_invert.o)
 .text          0x00000000        0x0 c:/program files (x86)/atmel/studio/7.0/toolchain/avr8/avr8-gnu-toolchain/bin/../lib/gcc/avr/5.4.0/avr5\libgcc.a(_prologue.o)
 .data          0x00000000        0x0 c:/program files (x86)/atmel/studio/7.0/toolchain/avr8/avr8-gnu-toolchain/bin/../lib/gcc/avr/5.4.0/avr5\libgcc.a(_prologue.o)
 .bss           0x00000000        0x0 c:/program files (x86)/atmel/studio/7.0/toolchain/avr8/avr8-gnu-toolchain/bin/../lib/gcc/avr/5.4.0/avr5\libgcc.a(_prologue.o)
 .text.libgcc.mul
                0x00000000        0x0 c:/program files (x86)/atmel/studio/7.0/toolchain/avr8/avr8-gnu-toolchain/bin/../lib/gcc/avr/5.4.0/avr5\libgcc.a(_prologue.o)
 .text.libgcc.div
                0x00000000        0x0 c:/program files (x86)/atmel/studio/7.0/toolchain/avr8/avr8-gnu-toolchain/bin/../lib/gcc/avr/5.4.0/avr5\libgcc.a(_prologue.o)
 .text.libgcc   0x00000000        0x0 c:/program files (x86)/atmel/studio/7.0/toolchain/avr8/avr8-gnu-toolchain/bin/../lib/gcc/avr/5.4.0/avr5\libgcc.a(_prologue.o)
 .text.libgcc.builtins
                0x00000000        0x0 c:/program files (x86)/atmel/studio/7.0/toolchain/avr8/avr8-gnu-toolchain/bin/../lib/gcc/avr/5.4.0/avr5\libgcc.a(_prologue.o)
 .text.libgcc.fmul
                0x00000000        0x0 c:/program files (x86)/atmel/studio/7.0/toolchain/avr8/avr8-gnu-toolchain/bin/../lib/gcc/avr/5.4.0/avr5\libgcc.a(_prologue.o)
 .text.libgcc.fixed
                0x00000000        0x0 c:/program files (x86)/atmel/studio/7.0/toolchain/avr8/avr8-gnu-toolchain/bin/../lib/gcc/avr/5.4.0/avr5\libgcc.a(_prologue.o)
 .text          0x00000000        0x0 c:/program files (x86)/atmel/studio/7.0/toolchain/avr8/avr8-gnu-toolchain/bin/../lib/gcc/avr/5.4.0/avr5\libgcc.a(_epilogue.o)
 .data          0x00000000        0x0 c:/program files (x86)/atmel/studio/7.0/toolchain/avr8/avr8-gnu-toolchain/bin/../lib/gcc/avr/5.4.0/avr5\libgcc.a(_epilogue.o)
 .bss           0x00000000        0x0 c:/program files (x86)/atmel/studio/7.0/toolchain/avr8/avr8-gnu-toolchain/bin/../lib/gcc/avr/5.4.0/avr5\libgcc.a(_epilogue.o)
 .text.libgcc.mul
                0x00000000        0x0 c:/program files (x86)/atmel/studio/7.0/toolchain/avr8/avr8-gnu-toolchain/bin/../lib/gcc/avr/5.4.0/avr5\libgcc.a(_epilogue.o)
 .text.libgcc.div
                0x00000000        0x0 c:/program files (x86)/atmel/studio/7.0/toolchain/avr8/avr8-gnu-toolchain/bin/../lib/gcc/avr/5.4.0/avr5\libgcc.a(_epilogue.o)
 .text.libgcc   0x00000000        0x0 c:/program files (x86)/atmel/studio/7.0/toolchain/avr8/avr8-gnu-toolchain/bin/../lib/gcc/avr/5.4.0/avr5\libgcc.a(_epilogue.o)
 .text.libgcc.builtins
                0x00000000        0x0 c:/program files (x86)/atmel/studio/7.0/toolchain/avr8/avr8-gnu-toolchain/bin/../lib/gcc/avr/5.4.0/avr5\libgcc.a(_epilogue.o)
 .text.libgcc.fmul
                0x00000000        0x0 c:/program files (x86)/atmel/studio/7.0/toolchain/avr8/avr8-gnu-toolchain/bin/../lib/gcc/avr/5.4.0/avr5\libgcc.a(_epilogue.o)
 .text.libgcc.fixed
                0x00000000        0x0 c:/program files (x86)/atmel/studio/7.0/toolchain/avr8/avr8-gnu-toolchain/bin/../lib/gcc/avr/5.4.0/avr5\libgcc.a(_epilogue.o)

Memory Configuration

Name             Origin             Length             Attributes
text             0x00000000         0x00020000         xr
data             0x00800060         0x0000ffa0         rw !x
eeprom           0x00810000         0x00010000         rw !x
fuse             0x00820000         0x00000003         rw !x
lock             0x00830000         0x00000400         rw !x
signature        0x00840000         0x00000400         rw !x
user_signatures  0x00850000         0x00000400         rw !x
*default*        0x00000000         0xffffffff

Linker script and memory map

Address of section .data set to 0x800100
LOAD C:/Program Files (x86)/Atmel/Studio/7.0/Packs/atmel/ATmega_DFP/1.2.150/gcc/dev/atmega328p/avr5/crtatmega328p.o
LOAD clock.o
LOAD dds.o
LOAD ElapsedTime.o
LOAD Encoder.o
LOAD font.o
LOAD graphics.o
LOAD keyer.o
LOAD led.o
LOAD dds6.o
LOAD lcd.o
LOAD params.o
LOAD relay.o
LOAD sw.o
LOAD timer.o
LOAD uart.o
LOAD vfo.o
START GROUP
LOAD c:/program files (x86)/atmel/studio/7.0/toolchain/avr8/avr8-gnu-toolchain/bin/../lib/gcc/avr/5.4.0/../../../../avr/lib/avr5\libm.a
LOAD C:\MyArduinoProjects\dds6\dds6\dds6\ArduinoCore\Debug\libArduinoCore.a
END GROUP
LOAD c:/program files (x86)/atmel/studio/7.0/toolchain/avr8/avr8-gnu-toolchain/bin/../lib/gcc/avr/5.4.0/avr5\libgcc.a
LOAD c:/program files (x86)/atmel/studio/7.0/toolchain/avr8/avr8-gnu-toolchain/bin/../lib/gcc/avr/5.4.0/../../../../avr/lib/avr5\libm.a
START GROUP
LOAD c:/program files (x86)/atmel/studio/7.0/toolchain/avr8/avr8-gnu-toolchain/bin/../lib/gcc/avr/5.4.0/avr5\libgcc.a
LOAD c:/program files (x86)/atmel/studio/7.0/toolchain/avr8/avr8-gnu-toolchain/bin/../lib/gcc/avr/5.4.0/../../../../avr/lib/avr5\libm.a
LOAD c:/program files (x86)/atmel/studio/7.0/toolchain/avr8/avr8-gnu-toolchain/bin/../lib/gcc/avr/5.4.0/../../../../avr/lib/avr5\libc.a
LOAD C:/Program Files (x86)/Atmel/Studio/7.0/Packs/atmel/ATmega_DFP/1.2.150/gcc/dev/atmega328p/avr5\libatmega328p.a
END GROUP
                0x00020000                __TEXT_REGION_LENGTH__ = DEFINED (__TEXT_REGION_LENGTH__)?__TEXT_REGION_LENGTH__:0x20000
                0x0000ffa0                __DATA_REGION_LENGTH__ = DEFINED (__DATA_REGION_LENGTH__)?__DATA_REGION_LENGTH__:0xffa0
                0x00010000                __EEPROM_REGION_LENGTH__ = DEFINED (__EEPROM_REGION_LENGTH__)?__EEPROM_REGION_LENGTH__:0x10000
                [0x00000003]                __FUSE_REGION_LENGTH__ = DEFINED (__FUSE_REGION_LENGTH__)?__FUSE_REGION_LENGTH__:0x400
                0x00000400                __LOCK_REGION_LENGTH__ = DEFINED (__LOCK_REGION_LENGTH__)?__LOCK_REGION_LENGTH__:0x400
                0x00000400                __SIGNATURE_REGION_LENGTH__ = DEFINED (__SIGNATURE_REGION_LENGTH__)?__SIGNATURE_REGION_LENGTH__:0x400
                0x00000400                __USER_SIGNATURE_REGION_LENGTH__ = DEFINED (__USER_SIGNATURE_REGION_LENGTH__)?__USER_SIGNATURE_REGION_LENGTH__:0x400

.hash
 *(.hash)

.dynsym
 *(.dynsym)

.dynstr
 *(.dynstr)

.gnu.version
 *(.gnu.version)

.gnu.version_d
 *(.gnu.version_d)

.gnu.version_r
 *(.gnu.version_r)

.rel.init
 *(.rel.init)

.rela.init
 *(.rela.init)

.rel.text
 *(.rel.text)
 *(.rel.text.*)
 *(.rel.gnu.linkonce.t*)

.rela.text
 *(.rela.text)
 *(.rela.text.*)
 *(.rela.gnu.linkonce.t*)

.rel.fini
 *(.rel.fini)

.rela.fini
 *(.rela.fini)

.rel.rodata
 *(.rel.rodata)
 *(.rel.rodata.*)
 *(.rel.gnu.linkonce.r*)

.rela.rodata
 *(.rela.rodata)
 *(.rela.rodata.*)
 *(.rela.gnu.linkonce.r*)

.rel.data
 *(.rel.data)
 *(.rel.data.*)
 *(.rel.gnu.linkonce.d*)

.rela.data
 *(.rela.data)
 *(.rela.data.*)
 *(.rela.gnu.linkonce.d*)

.rel.ctors
 *(.rel.ctors)

.rela.ctors
 *(.rela.ctors)

.rel.dtors
 *(.rel.dtors)

.rela.dtors
 *(.rela.dtors)

.rel.got
 *(.rel.got)

.rela.got
 *(.rela.got)

.rel.bss
 *(.rel.bss)

.rela.bss
 *(.rela.bss)

.rel.plt
 *(.rel.plt)

.rela.plt
 *(.rela.plt)

.text           0x00000000     0x38b4
 *(.vectors)
 .vectors       0x00000000       0x68 C:/Program Files (x86)/Atmel/Studio/7.0/Packs/atmel/ATmega_DFP/1.2.150/gcc/dev/atmega328p/avr5/crtatmega328p.o
                0x00000000                __vector_default
                0x00000000                __vectors
 *(.vectors)
 *(.progmem.gcc*)
                0x00000068                . = ALIGN (0x2)
                0x00000068                __trampolines_start = .
 *(.trampolines)
 .trampolines   0x00000068        0x0 linker stubs
 *(.trampolines*)
                0x00000068                __trampolines_end = .
 *libprintf_flt.a:*(.progmem.data)
 *libc.a:*(.progmem.data)
 *(.progmem*)
                0x00000068                . = ALIGN (0x2)
 *(.jumptables)
 *(.jumptables*)
 *(.lowtext)
 *(.lowtext*)
                0x00000068                __ctors_start = .
 *(.ctors)
                0x00000068                __ctors_end = .
                0x00000068                __dtors_start = .
 *(.dtors)
                0x00000068                __dtors_end = .
 SORT(*)(.ctors)
 SORT(*)(.dtors)
 *(.init0)
 .init0         0x00000068        0x0 C:/Program Files (x86)/Atmel/Studio/7.0/Packs/atmel/ATmega_DFP/1.2.150/gcc/dev/atmega328p/avr5/crtatmega328p.o
                0x00000068                __init
 *(.init0)
 *(.init1)
 *(.init1)
 *(.init2)
 .init2         0x00000068        0xc C:/Program Files (x86)/Atmel/Studio/7.0/Packs/atmel/ATmega_DFP/1.2.150/gcc/dev/atmega328p/avr5/crtatmega328p.o
 *(.init2)
 *(.init3)
 *(.init3)
 *(.init4)
 .init4         0x00000074       0x16 c:/program files (x86)/atmel/studio/7.0/toolchain/avr8/avr8-gnu-toolchain/bin/../lib/gcc/avr/5.4.0/avr5\libgcc.a(_copy_data.o)
                0x00000074                __do_copy_data
 .init4         0x0000008a       0x10 c:/program files (x86)/atmel/studio/7.0/toolchain/avr8/avr8-gnu-toolchain/bin/../lib/gcc/avr/5.4.0/avr5\libgcc.a(_clear_bss.o)
                0x0000008a                __do_clear_bss
 *(.init4)
 *(.init5)
 *(.init5)
 *(.init6)
 *(.init6)
 *(.init7)
 *(.init7)
 *(.init8)
 *(.init8)
 *(.init9)
 .init9         0x0000009a        0x8 C:/Program Files (x86)/Atmel/Studio/7.0/Packs/atmel/ATmega_DFP/1.2.150/gcc/dev/atmega328p/avr5/crtatmega328p.o
 *(.init9)
 *(.text)
 .text          0x000000a2        0x4 C:/Program Files (x86)/Atmel/Studio/7.0/Packs/atmel/ATmega_DFP/1.2.150/gcc/dev/atmega328p/avr5/crtatmega328p.o
                0x000000a2                __vector_22
                0x000000a2                __vector_1
                0x000000a2                __vector_24
                0x000000a2                __vector_12
                0x000000a2                __bad_interrupt
                0x000000a2                __vector_6
                0x000000a2                __vector_3
                0x000000a2                __vector_23
                0x000000a2                __vector_25
                0x000000a2                __vector_13
                0x000000a2                __vector_17
                0x000000a2                __vector_19
                0x000000a2                __vector_5
                0x000000a2                __vector_4
                0x000000a2                __vector_9
                0x000000a2                __vector_2
                0x000000a2                __vector_21
                0x000000a2                __vector_15
                0x000000a2                __vector_8
                0x000000a2                __vector_14
                0x000000a2                __vector_10
                0x000000a2                __vector_18
                0x000000a2                __vector_20
 .text          0x000000a6      0x628 font.o
                0x000006a6                _getPixels
                0x000006ce                . = ALIGN (0x2)
 *(.text.*)
 .text._ZN5Clock4tickEv
                0x000006ce      0x116 clock.o
                0x000006ce                _ZN5Clock4tickEv
 .text.__vector_7
                0x000007e4       0x48 clock.o
                0x000007e4                __vector_7
 .text._ZN5Clock5delayEm
                0x0000082c       0x2a clock.o
                0x0000082c                _ZN5Clock5delayEm
 .text._ZN5Clock16registerPeriodicEP8Callbackj
                0x00000856       0x4a clock.o
                0x00000856                _ZN5Clock16registerPeriodicEP8Callbackj
 .text._ZN5Clock15registerOneshotEP8Callbackj
                0x000008a0       0x48 clock.o
                0x000008a0                _ZN5Clock15registerOneshotEP8Callbackj
 .text._ZN5Clock13cancelOneshotEi
                0x000008e8       0x1a clock.o
                0x000008e8                _ZN5Clock13cancelOneshotEi
 .text._ZN5ClockC2Ev
                0x00000902       0x56 clock.o
                0x00000902                _ZN5ClockC1Ev
                0x00000902                _ZN5ClockC2Ev
 .text._Z7usecDlyi
                0x00000958        0x2 clock.o
                0x00000958                _Z7usecDlyi
 .text.DdsInit  0x0000095a       0x56 dds.o
                0x0000095a                DdsInit
 .text.dds      0x000009b0       0xa6 dds.o
                0x000009b0                dds
 .text._ZN7EncoderC2Ehhh
                0x00000a56       0xbc Encoder.o
                0x00000a56                _ZN7EncoderC2Ehhh
                0x00000a56                _ZN7EncoderC1Ehhh
 .text._ZN7Encoder6updateEv
                0x00000b12       0xe8 Encoder.o
                0x00000b12                _ZN7Encoder6updateEv
 .text._ZN7Encoder8callbackEv
                0x00000bfa        0x4 Encoder.o
                0x00000bfa                _ZN7Encoder8callbackEv
 .text._ZN7Encoder8hasEventEv
                0x00000bfe       0x10 Encoder.o
                0x00000bfe                _ZN7Encoder8hasEventEv
 .text._ZN7Encoder8getEventEv
                0x00000c0e        0x6 Encoder.o
                0x00000c0e                _ZN7Encoder8getEventEv
 .text._ZN7Encoder10clearEventEv
                0x00000c14        0x6 Encoder.o
                0x00000c14                _ZN7Encoder10clearEventEv
 .text._ZN7Encoder16getMissedCwCountEv
                0x00000c1a        0xc Encoder.o
                0x00000c1a                _ZN7Encoder16getMissedCwCountEv
 .text._ZN7Encoder17getMissedCcwCountEv
                0x00000c26        0xc Encoder.o
                0x00000c26                _ZN7Encoder17getMissedCcwCountEv
 .text._ZN7Encoder12setEventRateEh
                0x00000c32        0xa Encoder.o
                0x00000c32                _ZN7Encoder12setEventRateEh
 .text._ZN8Graphics10draw2xCharEchh9_pixColorS0_
                0x00000c3c      0x102 graphics.o
                0x00000c3c                _ZN8Graphics10draw2xCharEchh9_pixColorS0_
 .text._ZN5keyer8callbackEv
                0x00000d3e      0x170 keyer.o
                0x00000d3e                _ZN5keyer8callbackEv
 .text._ZN5keyerC2EP2SwS1_P5relay
                0x00000eae       0x28 keyer.o
                0x00000eae                _ZN5keyerC1EP2SwS1_P5relay
                0x00000eae                _ZN5keyerC2EP2SwS1_P5relay
 .text._ZN5keyer6isIdleEv
                0x00000ed6        0xe keyer.o
                0x00000ed6                _ZN5keyer6isIdleEv
 .text._ZN5keyer6updateEv
                0x00000ee4       0x1a keyer.o
                0x00000ee4                _ZN5keyer6updateEv
 .text._ZN5keyer8setSpeedEh
                0x00000efe       0x1a keyer.o
                0x00000efe                _ZN5keyer8setSpeedEh
 .text._ZN5keyer7setModeE6_key_t
                0x00000f18        0x6 keyer.o
                0x00000f18                _ZN5keyer7setModeE6_key_t
 .text._ZN3LedC2Ev
                0x00000f1e       0x16 led.o
                0x00000f1e                _ZN3LedC1Ev
                0x00000f1e                _ZN3LedC2Ev
 .text._ZN3Led6toggleEv
                0x00000f34       0x22 led.o
                0x00000f34                _ZN3Led6toggleEv
 .text._ZN3Led8callbackEv
                0x00000f56        0x4 led.o
                0x00000f56                _ZN3Led8callbackEv
 .text._Z6mymainv
                0x00000f5a      0x642 dds6.o
                0x00000f5a                _Z6mymainv
 .text.setup    0x0000159c        0x2 dds6.o
                0x0000159c                setup
 .text.loop     0x0000159e        0x4 dds6.o
                0x0000159e                loop
 .text._ZN3Lcd5resetEv
                0x000015a2       0x3e lcd.o
                0x000015a2                _ZN3Lcd5resetEv
 .text._ZN3Lcd8sendByteEh
                0x000015e0       0x48 lcd.o
                0x000015e0                _ZN3Lcd8sendByteEh
 .text._ZN3Lcd7sendCmdEh
                0x00001628       0x24 lcd.o
                0x00001628                _ZN3Lcd7sendCmdEh
 .text._ZN3Lcd8sendDataEPhh
                0x0000164c       0x54 lcd.o
                0x0000164c                _ZN3Lcd8sendDataEPhh
 .text._ZN3Lcd8cmpltCmdEv
                0x000016a0        0xa lcd.o
                0x000016a0                _ZN3Lcd8cmpltCmdEv
 .text._ZN3Lcd2onEv
                0x000016aa       0x10 lcd.o
                0x000016aa                _ZN3Lcd2onEv
 .text._ZN3Lcd9sleep_outEv
                0x000016ba       0x10 lcd.o
                0x000016ba                _ZN3Lcd9sleep_outEv
 .text._ZN3Lcd10mem_accessEv
                0x000016ca       0x46 lcd.o
                0x000016ca                _ZN3Lcd10mem_accessEv
 .text._ZN3Lcd11lcd_putcharEc
                0x00001710      0x146 lcd.o
                0x00001710                _ZN3Lcd11lcd_putcharEc
 .text._ZN3Lcd8drawCharEchhh9_pixColorS0_
                0x00001856      0x156 lcd.o
                0x00001856                _ZN3Lcd8drawCharEchhh9_pixColorS0_
 .text._ZN3Lcd7clrScrnEv
                0x000019ac       0xf2 lcd.o
                0x000019ac                _ZN3Lcd7clrScrnEv
 .text._ZN3LcdC2Ev
                0x00001a9e       0xb8 lcd.o
                0x00001a9e                _ZN3LcdC2Ev
                0x00001a9e                _ZN3LcdC1Ev
 .text._ZN3Lcd4putsEPc9_pixColorS1_
                0x00001b56       0x8a lcd.o
                0x00001b56                _ZN3Lcd4putsEPc9_pixColorS1_
 .text._ZN3Lcd6gotoxyEhh
                0x00001be0       0x12 lcd.o
                0x00001be0                _ZN3Lcd6gotoxyEhh
 .text._Z8lcd_putccP6__file
                0x00001bf2        0xa lcd.o
                0x00001bf2                _Z8lcd_putccP6__file
 .text._ZN6params8callbackEv
                0x00001bfc        0xc params.o
                0x00001bfc                _ZN6params8callbackEv
 .text._Z6memcpyPvPKvj
                0x00001c08       0x16 params.o
                0x00001c08                _Z6memcpyPvPKvj
 .text._ZN6params10initParamsEP3Lcd
                0x00001c1e      0x1c6 params.o
                0x00001c1e                _ZN6params10initParamsEP3Lcd
 .text._ZN6paramsC2EP8Graphics
                0x00001de4       0x84 params.o
                0x00001de4                _ZN6paramsC1EP8Graphics
                0x00001de4                _ZN6paramsC2EP8Graphics
 .text._ZN6params7getStepEv
                0x00001e68        0x6 params.o
                0x00001e68                _ZN6params7getStepEv
 .text._ZN6params7getBandEv
                0x00001e6e        0x6 params.o
                0x00001e6e                _ZN6params7getBandEv
 .text._ZN6params6getVfoEv
                0x00001e74        0x6 params.o
                0x00001e74                _ZN6params6getVfoEv
 .text._ZN6params12getActiveVfoEv
                0x00001e7a        0x6 params.o
                0x00001e7a                _ZN6params12getActiveVfoEv
 .text._ZN6params7getModeEv
                0x00001e80        0x6 params.o
                0x00001e80                _ZN6params7getModeEv
 .text._ZN6params7setModeE7_mode_t
                0x00001e86        0x6 params.o
                0x00001e86                _ZN6params7setModeE7_mode_t
 .text._ZN6params8getSpeedEv
                0x00001e8c        0x6 params.o
                0x00001e8c                _ZN6params8getSpeedEv
 .text._ZN6params6getKeyEv
                0x00001e92        0x6 params.o
                0x00001e92                _ZN6params6getKeyEv
 .text._ZN6params12setActiveVfoE10vfo_actv_t
                0x00001e98       0x84 params.o
                0x00001e98                _ZN6params12setActiveVfoE10vfo_actv_t
 .text._ZN6params6updateEP7EncoderP2SwP3Lcd
                0x00001f1c      0x44c params.o
                0x00001f1c                _ZN6params6updateEP7EncoderP2SwP3Lcd
 .text._ZN6params11updateEnterEP7EncoderP2SwP3Lcd
                0x00002368       0xc4 params.o
                0x00002368                _ZN6params11updateEnterEP7EncoderP2SwP3Lcd
 .text._ZN5relayC2EP6params
                0x0000242c        0x8 relay.o
                0x0000242c                _ZN5relayC2EP6params
                0x0000242c                _ZN5relayC1EP6params
 .text._ZN5relay6setVfoEP3vfo
                0x00002434        0x8 relay.o
                0x00002434                _ZN5relay6setVfoEP3vfo
 .text._ZN5relay7setBandE5_band
                0x0000243c        0x6 relay.o
                0x0000243c                _ZN5relay7setBandE5_band
 .text._ZN5relay8selectTxEv
                0x00002442       0x42 relay.o
                0x00002442                _ZN5relay8selectTxEv
 .text._ZN5relay8selectRxEv
                0x00002484       0x42 relay.o
                0x00002484                _ZN5relay8selectRxEv
 .text._ZN2SwC2Ehh
                0x000024c6       0x64 sw.o
                0x000024c6                _ZN2SwC2Ehh
                0x000024c6                _ZN2SwC1Ehh
 .text._ZN2Sw6updateEv
                0x0000252a       0x54 sw.o
                0x0000252a                _ZN2Sw6updateEv
 .text._ZN2Sw8callbackEv
                0x0000257e        0x4 sw.o
                0x0000257e                _ZN2Sw8callbackEv
 .text._ZN2Sw8hasEventEv
                0x00002582       0x10 sw.o
                0x00002582                _ZN2Sw8hasEventEv
 .text._ZN2Sw8getEventEv
                0x00002592        0x6 sw.o
                0x00002592                _ZN2Sw8getEventEv
 .text._ZN2Sw10clearEventEv
                0x00002598        0x6 sw.o
                0x00002598                _ZN2Sw10clearEventEv
 .text._ZN2Sw8isClosedEv
                0x0000259e       0x10 sw.o
                0x0000259e                _ZN2Sw8isClosedEv
 .text._ZN5TimerC2Ev
                0x000025ae       0x2c timer.o
                0x000025ae                _ZN5TimerC2Ev
                0x000025ae                _ZN5TimerC1Ev
 .text._ZN5Timer10startTimerEP8Callbackj
                0x000025da       0x44 timer.o
                0x000025da                _ZN5Timer10startTimerEP8Callbackj
 .text._ZN5Timer7expiredEv
                0x0000261e       0x26 timer.o
                0x0000261e                _ZN5Timer7expiredEv
 .text.__vector_11
                0x00002644       0x48 timer.o
                0x00002644                __vector_11
 .text.uart_init
                0x0000268c       0x18 uart.o
                0x0000268c                uart_init
 .text.uart_getc
                0x000026a4       0x10 uart.o
                0x000026a4                uart_getc
 .text.uart_putc
                0x000026b4       0x22 uart.o
                0x000026b4                uart_putc
 .text._ZN3vfoC2EP7EncoderP13vfoParametersj
                0x000026d6       0xae vfo.o
                0x000026d6                _ZN3vfoC1EP7EncoderP13vfoParametersj
                0x000026d6                _ZN3vfoC2EP7EncoderP13vfoParametersj
 .text._ZN3vfo6updateEh
                0x00002784      0x126 vfo.o
                0x00002784                _ZN3vfo6updateEh
 .text._ZN3vfo9getRxFreqE5_band
                0x000028aa       0x4a vfo.o
                0x000028aa                _ZN3vfo9getRxFreqE5_band
 .text._ZN3vfo9getTxFreqE5_band
                0x000028f4       0x4a vfo.o
                0x000028f4                _ZN3vfo9getTxFreqE5_band
 .text._ZN3vfo7setStepE6step_t
                0x0000293e       0x2e vfo.o
                0x0000293e                _ZN3vfo7setStepE6step_t
 .text._ZN3vfo13intToString32EmPc
                0x0000296c      0x16e vfo.o
                0x0000296c                _ZN3vfo13intToString32EmPc
 .text._ZN3vfo17formatDisplayFreqEPcS0_
                0x00002ada       0x46 vfo.o
                0x00002ada                _ZN3vfo17formatDisplayFreqEPcS0_
 .text._ZN3vfo16getTxDisplayFreqEPc5_band
                0x00002b20       0x68 vfo.o
                0x00002b20                _ZN3vfo16getTxDisplayFreqEPc5_band
 .text._ZN3vfo7getLineEv
                0x00002b88        0xc vfo.o
                0x00002b88                _ZN3vfo7getLineEv
 .text.avr-libc.fplib
                0x00002b94       0x5e c:/program files (x86)/atmel/studio/7.0/toolchain/avr8/avr8-gnu-toolchain/bin/../lib/gcc/avr/5.4.0/../../../../avr/lib/avr5\libm.a(fixunssfsi.o)
                0x00002b94                __fixunssfsi
 .text.avr-libc.fplib
                0x00002bf2       0x7a c:/program files (x86)/atmel/studio/7.0/toolchain/avr8/avr8-gnu-toolchain/bin/../lib/gcc/avr/5.4.0/../../../../avr/lib/avr5\libm.a(floatsisf.o)
                0x00002bf2                __floatunsisf
                0x00002bf6                __floatsisf
 .text.avr-libc.fplib
                0x00002c6c       0x44 c:/program files (x86)/atmel/studio/7.0/toolchain/avr8/avr8-gnu-toolchain/bin/../lib/gcc/avr/5.4.0/../../../../avr/lib/avr5\libm.a(fp_split3.o)
                0x00002c6c                __fp_split3
                0x00002c7c                __fp_splitA
 .text.avr-libc.fplib
                0x00002cb0        0xe c:/program files (x86)/atmel/studio/7.0/toolchain/avr8/avr8-gnu-toolchain/bin/../lib/gcc/avr/5.4.0/../../../../avr/lib/avr5\libm.a(fp_zero.o)
                0x00002cb0                __fp_zero
                0x00002cb2                __fp_szero
 .text.avr-libc.fplib
                0x00002cbe        0x8 c:/program files (x86)/atmel/studio/7.0/toolchain/avr8/avr8-gnu-toolchain/bin/../lib/gcc/avr/5.4.0/../../../../avr/lib/avr5\libm.a(mulsf3.o)
                0x00002cbe                __mulsf3
 .text.avr-libc.fplib
                0x00002cc6       0xd2 c:/program files (x86)/atmel/studio/7.0/toolchain/avr8/avr8-gnu-toolchain/bin/../lib/gcc/avr/5.4.0/../../../../avr/lib/avr5\libm.a(mulsf3x.o)
                0x00002ce4                __mulsf3x
                0x00002cea                __mulsf3_pse
 .text.avr-libc.fplib
                0x00002d98        0xc c:/program files (x86)/atmel/studio/7.0/toolchain/avr8/avr8-gnu-toolchain/bin/../lib/gcc/avr/5.4.0/../../../../avr/lib/avr5\libm.a(fp_inf.o)
                0x00002d98                __fp_inf
 .text.avr-libc.fplib
                0x00002da4        0x6 c:/program files (x86)/atmel/studio/7.0/toolchain/avr8/avr8-gnu-toolchain/bin/../lib/gcc/avr/5.4.0/../../../../avr/lib/avr5\libm.a(fp_nan.o)
                0x00002da4                __fp_nan
 .text.avr-libc.fplib
                0x00002daa        0xe c:/program files (x86)/atmel/studio/7.0/toolchain/avr8/avr8-gnu-toolchain/bin/../lib/gcc/avr/5.4.0/../../../../avr/lib/avr5\libm.a(fp_pscA.o)
                0x00002daa                __fp_pscA
 .text.avr-libc.fplib
                0x00002db8        0xe c:/program files (x86)/atmel/studio/7.0/toolchain/avr8/avr8-gnu-toolchain/bin/../lib/gcc/avr/5.4.0/../../../../avr/lib/avr5\libm.a(fp_pscB.o)
                0x00002db8                __fp_pscB
 .text.avr-libc.fplib
                0x00002dc6       0x22 c:/program files (x86)/atmel/studio/7.0/toolchain/avr8/avr8-gnu-toolchain/bin/../lib/gcc/avr/5.4.0/../../../../avr/lib/avr5\libm.a(fp_round.o)
                0x00002dc6                __fp_round
 .text.initVariant
                0x00002de8        0x2 C:\MyArduinoProjects\dds6\dds6\dds6\ArduinoCore\Debug\libArduinoCore.a(main.o)
                0x00002de8                initVariant
 .text.startup.main
                0x00002dea       0x1e C:\MyArduinoProjects\dds6\dds6\dds6\ArduinoCore\Debug\libArduinoCore.a(main.o)
                0x00002dea                main
 .text._Znwj    0x00002e08        0x4 C:\MyArduinoProjects\dds6\dds6\dds6\ArduinoCore\Debug\libArduinoCore.a(new.o)
                0x00002e08                _Znwj
 .text.__vector_16
                0x00002e0c       0x94 C:\MyArduinoProjects\dds6\dds6\dds6\ArduinoCore\Debug\libArduinoCore.a(wiring.o)
                0x00002e0c                __vector_16
 .text.init     0x00002ea0       0x76 C:\MyArduinoProjects\dds6\dds6\dds6\ArduinoCore\Debug\libArduinoCore.a(wiring.o)
                0x00002ea0                init
 .text.libgcc.mul
                0x00002f16       0x20 c:/program files (x86)/atmel/studio/7.0/toolchain/avr8/avr8-gnu-toolchain/bin/../lib/gcc/avr/5.4.0/avr5\libgcc.a(_mulsi3.o)
                0x00002f16                __mulsi3
 .text.libgcc.div
                0x00002f36       0x28 c:/program files (x86)/atmel/studio/7.0/toolchain/avr8/avr8-gnu-toolchain/bin/../lib/gcc/avr/5.4.0/avr5\libgcc.a(_udivmodhi4.o)
                0x00002f36                __udivmodhi4
 .text.libgcc.div
                0x00002f5e       0x44 c:/program files (x86)/atmel/studio/7.0/toolchain/avr8/avr8-gnu-toolchain/bin/../lib/gcc/avr/5.4.0/avr5\libgcc.a(_udivmodsi4.o)
                0x00002f5e                __udivmodsi4
 .text.libgcc.mul
                0x00002fa2       0x1e c:/program files (x86)/atmel/studio/7.0/toolchain/avr8/avr8-gnu-toolchain/bin/../lib/gcc/avr/5.4.0/avr5\libgcc.a(_umulhisi3.o)
                0x00002fa2                __umulhisi3
 .text.libgcc.mul
                0x00002fc0       0x16 c:/program files (x86)/atmel/studio/7.0/toolchain/avr8/avr8-gnu-toolchain/bin/../lib/gcc/avr/5.4.0/avr5\libgcc.a(_muluhisi3.o)
                0x00002fc0                __muluhisi3
 .text.libgcc.mul
                0x00002fd6       0x10 c:/program files (x86)/atmel/studio/7.0/toolchain/avr8/avr8-gnu-toolchain/bin/../lib/gcc/avr/5.4.0/avr5\libgcc.a(_mulshisi3.o)
                0x00002fd6                __mulshisi3
                0x00002fdc                __mulohisi3
 .text.avr-libc
                0x00002fe6      0x242 c:/program files (x86)/atmel/studio/7.0/toolchain/avr8/avr8-gnu-toolchain/bin/../lib/gcc/avr/5.4.0/../../../../avr/lib/avr5\libc.a(malloc.o)
                0x00002fe6                malloc
                0x00003116                free
 .text.avr-libc
                0x00003228       0x54 c:/program files (x86)/atmel/studio/7.0/toolchain/avr8/avr8-gnu-toolchain/bin/../lib/gcc/avr/5.4.0/../../../../avr/lib/avr5\libc.a(fputs.o)
                0x00003228                fputs
 .text.avr-libc
                0x0000327c       0x60 c:/program files (x86)/atmel/studio/7.0/toolchain/avr8/avr8-gnu-toolchain/bin/../lib/gcc/avr/5.4.0/../../../../avr/lib/avr5\libc.a(puts.o)
                0x0000327c                puts
 .text.avr-libc
                0x000032dc       0x44 c:/program files (x86)/atmel/studio/7.0/toolchain/avr8/avr8-gnu-toolchain/bin/../lib/gcc/avr/5.4.0/../../../../avr/lib/avr5\libc.a(sprintf.o)
                0x000032dc                sprintf
 .text.avr-libc
                0x00003320      0x3c2 c:/program files (x86)/atmel/studio/7.0/toolchain/avr8/avr8-gnu-toolchain/bin/../lib/gcc/avr/5.4.0/../../../../avr/lib/avr5\libc.a(vfprintf_std.o)
                0x00003320                vfprintf
 .text.avr-libc
                0x000036e2       0x16 c:/program files (x86)/atmel/studio/7.0/toolchain/avr8/avr8-gnu-toolchain/bin/../lib/gcc/avr/5.4.0/../../../../avr/lib/avr5\libc.a(strnlen_P.o)
                0x000036e2                strnlen_P
 .text.avr-libc
                0x000036f8       0x16 c:/program files (x86)/atmel/studio/7.0/toolchain/avr8/avr8-gnu-toolchain/bin/../lib/gcc/avr/5.4.0/../../../../avr/lib/avr5\libc.a(strnlen.o)
                0x000036f8                strnlen
 .text.avr-libc
                0x0000370e       0x78 c:/program files (x86)/atmel/studio/7.0/toolchain/avr8/avr8-gnu-toolchain/bin/../lib/gcc/avr/5.4.0/../../../../avr/lib/avr5\libc.a(fputc.o)
                0x0000370e                fputc
 .text.avr-libc
                0x00003786       0xbc c:/program files (x86)/atmel/studio/7.0/toolchain/avr8/avr8-gnu-toolchain/bin/../lib/gcc/avr/5.4.0/../../../../avr/lib/avr5\libc.a(ultoa_invert.o)
                0x00003786                __ultoa_invert
 .text.libgcc.prologue
                0x00003842       0x38 c:/program files (x86)/atmel/studio/7.0/toolchain/avr8/avr8-gnu-toolchain/bin/../lib/gcc/avr/5.4.0/avr5\libgcc.a(_prologue.o)
                0x00003842                __prologue_saves__
 .text.libgcc.prologue
                0x0000387a       0x36 c:/program files (x86)/atmel/studio/7.0/toolchain/avr8/avr8-gnu-toolchain/bin/../lib/gcc/avr/5.4.0/avr5\libgcc.a(_epilogue.o)
                0x0000387a                __epilogue_restores__
                0x000038b0                . = ALIGN (0x2)
 *(.fini9)
 .fini9         0x000038b0        0x0 c:/program files (x86)/atmel/studio/7.0/toolchain/avr8/avr8-gnu-toolchain/bin/../lib/gcc/avr/5.4.0/avr5\libgcc.a(_exit.o)
                0x000038b0                _exit
                0x000038b0                exit
 *(.fini9)
 *(.fini8)
 *(.fini8)
 *(.fini7)
 *(.fini7)
 *(.fini6)
 *(.fini6)
 *(.fini5)
 *(.fini5)
 *(.fini4)
 *(.fini4)
 *(.fini3)
 *(.fini3)
 *(.fini2)
 *(.fini2)
 *(.fini1)
 *(.fini1)
 *(.fini0)
 .fini0         0x000038b0        0x4 c:/program files (x86)/atmel/studio/7.0/toolchain/avr8/avr8-gnu-toolchain/bin/../lib/gcc/avr/5.4.0/avr5\libgcc.a(_exit.o)
 *(.fini0)
                0x000038b4                _etext = .

.data           0x00800100      0x206 load address 0x000038b4
                0x00800100                PROVIDE (__data_start, .)
 *(.data)
 .data          0x00800100        0x6 c:/program files (x86)/atmel/studio/7.0/toolchain/avr8/avr8-gnu-toolchain/bin/../lib/gcc/avr/5.4.0/../../../../avr/lib/avr5\libc.a(malloc.o)
                0x00800100                __malloc_heap_end
                0x00800102                __malloc_heap_start
                0x00800104                __malloc_margin
 *(.data*)
 .data.lcdfp    0x00800106        0x2 dds6.o
                0x00800106                lcdfp
 .data.lcd_str  0x00800108        0xe dds6.o
                0x00800108                lcd_str
 .data.uart_str
                0x00800116        0xe dds6.o
                0x00800116                uart_str
 .data.key_strings
                0x00800124        0x6 params.o
                0x00800124                key_strings
 .data.vfoact_strings
                0x0080012a        0x4 params.o
                0x0080012a                vfoact_strings
 .data.vfo_strings
                0x0080012e        0x6 params.o
                0x0080012e                vfo_strings
 .data.step_strings
                0x00800134        0xa params.o
                0x00800134                step_strings
 .data.band_strings
                0x0080013e       0x12 params.o
                0x0080013e                band_strings
 .data.default_param_display
                0x00800150       0x42 params.o
                0x00800150                default_param_display
 .data.vfoDataConst
                0x00800192       0xa2 vfo.o
                0x00800192                vfoDataConst
 *(.gnu.linkonce.d*)
 *(.rodata)
 .rodata        0x00800234        0x3 dds6.o
 .rodata        0x00800237        0x3 lcd.o
 .rodata        0x0080023a        0x3 params.o
 *(.rodata*)
 .rodata._ZTV7Encoder
                0x0080023d        0x6 Encoder.o
                0x0080023d                _ZTV7Encoder
 .rodata._ZTV5keyer
                0x00800243        0x6 keyer.o
                0x00800243                _ZTV5keyer
 .rodata._ZTV3Led
                0x00800249        0x6 led.o
                0x00800249                _ZTV3Led
 .rodata.str1.1
                0x0080024f       0x1a dds6.o
 .rodata.str1.1
                0x00800269       0x78 params.o
 .rodata._ZTV6params
                0x008002e1        0x6 params.o
                0x008002e1                _ZTV6params
 .rodata._ZTV2Sw
                0x008002e7        0x6 sw.o
                0x008002e7                _ZTV2Sw
 .rodata._ZL11step_values
                0x008002ed       0x18 vfo.o
 *(.gnu.linkonce.r*)
                0x00800306                . = ALIGN (0x2)
 *fill*         0x00800305        0x1 
                0x00800306                _edata = .
                0x00800306                PROVIDE (__data_end, .)

.bss            0x00800306       0x62
                0x00800306                PROVIDE (__bss_start, .)
 *(.bss)
 *(.bss*)
 .bss._ZN5Clock15oneshotTimeLeftE
                0x00800306        0x4 clock.o
                0x00800306                _ZN5Clock15oneshotTimeLeftE
 .bss._ZN5Clock16periodicTimeLeftE
                0x0080030a       0x10 clock.o
                0x0080030a                _ZN5Clock16periodicTimeLeftE
 .bss._ZN5Clock10reloadTimeE
                0x0080031a       0x10 clock.o
                0x0080031a                _ZN5Clock10reloadTimeE
 .bss._ZN5Clock11singleTasksE
                0x0080032a        0x4 clock.o
                0x0080032a                _ZN5Clock11singleTasksE
 .bss._ZN5Clock13periodicTasksE
                0x0080032e       0x10 clock.o
                0x0080032e                _ZN5Clock13periodicTasksE
 .bss._ZN5Clock5countE
                0x0080033e        0x1 clock.o
                0x0080033e                _ZN5Clock5countE
 .bss._ZN5Clock9delayTimeE
                0x0080033f        0x4 clock.o
                0x0080033f                _ZN5Clock9delayTimeE
 .bss._ZN5Clock8sysclockE
                0x00800343        0x4 clock.o
                0x00800343                _ZN5Clock8sysclockE
 .bss._ZN3Lcd14lcdInitializedE
                0x00800347        0x1 lcd.o
                0x00800347                _ZN3Lcd14lcdInitializedE
 .bss._ZN3Lcd6cursorE
                0x00800348        0x4 lcd.o
                0x00800348                _ZN3Lcd6cursorE
 .bss._ZN3Lcd7bgColorE
                0x0080034c        0x3 lcd.o
                0x0080034c                _ZN3Lcd7bgColorE
 .bss._ZN3Lcd7fgColorE
                0x0080034f        0x3 lcd.o
                0x0080034f                _ZN3Lcd7fgColorE
 .bss._ZN5Timer2cbE
                0x00800352        0x2 timer.o
                0x00800352                _ZN5Timer2cbE
 .bss._ZN5Timer11initializedE
                0x00800354        0x1 timer.o
                0x00800354                _ZN5Timer11initializedE
 .bss.timer0_fract
                0x00800355        0x1 C:\MyArduinoProjects\dds6\dds6\dds6\ArduinoCore\Debug\libArduinoCore.a(wiring.o)
 .bss.timer0_millis
                0x00800356        0x4 C:\MyArduinoProjects\dds6\dds6\dds6\ArduinoCore\Debug\libArduinoCore.a(wiring.o)
                0x00800356                timer0_millis
 .bss.timer0_overflow_count
                0x0080035a        0x4 C:\MyArduinoProjects\dds6\dds6\dds6\ArduinoCore\Debug\libArduinoCore.a(wiring.o)
                0x0080035a                timer0_overflow_count
 *(COMMON)
 COMMON         0x0080035e        0x4 c:/program files (x86)/atmel/studio/7.0/toolchain/avr8/avr8-gnu-toolchain/bin/../lib/gcc/avr/5.4.0/../../../../avr/lib/avr5\libc.a(malloc.o)
                0x0080035e                __brkval
                0x00800360                __flp
 COMMON         0x00800362        0x6 c:/program files (x86)/atmel/studio/7.0/toolchain/avr8/avr8-gnu-toolchain/bin/../lib/gcc/avr/5.4.0/../../../../avr/lib/avr5\libc.a(iob.o)
                0x00800362                __iob
                0x00800368                PROVIDE (__bss_end, .)
                0x000038b4                __data_load_start = LOADADDR (.data)
                0x00003aba                __data_load_end = (__data_load_start + SIZEOF (.data))

.noinit         0x00800368        0x0
                [!provide]                PROVIDE (__noinit_start, .)
 *(.noinit*)
                [!provide]                PROVIDE (__noinit_end, .)
                0x00800368                _end = .
                0x00800368                PROVIDE (__heap_start, .)

.eeprom         0x00810000        0x0
 *(.eeprom*)
                0x00810000                __eeprom_end = .

.fuse
 *(.fuse)
 *(.lfuse)
 *(.hfuse)
 *(.efuse)

.lock
 *(.lock*)

.signature
 *(.signature*)

.user_signatures
 *(.user_signatures*)

.stab
 *(.stab)

.stabstr
 *(.stabstr)

.stab.excl
 *(.stab.excl)

.stab.exclstr
 *(.stab.exclstr)

.stab.index
 *(.stab.index)

.stab.indexstr
 *(.stab.indexstr)

.comment        0x00000000       0x5c
 *(.comment)
 .comment       0x00000000       0x30 clock.o
                                 0x31 (size before relaxing)
 .comment       0x00000030       0x31 dds.o
 .comment       0x00000030       0x31 Encoder.o
 .comment       0x00000030       0x31 graphics.o
 .comment       0x00000030       0x31 keyer.o
 .comment       0x00000030       0x31 led.o
 .comment       0x00000030       0x31 dds6.o
 .comment       0x00000030       0x31 lcd.o
 .comment       0x00000030       0x31 params.o
 .comment       0x00000030       0x31 relay.o
 .comment       0x00000030       0x31 sw.o
 .comment       0x00000030       0x31 timer.o
 .comment       0x00000030       0x31 uart.o
 .comment       0x00000030       0x31 vfo.o
 .comment       0x00000030       0x31 C:\MyArduinoProjects\dds6\dds6\dds6\ArduinoCore\Debug\libArduinoCore.a(main.o)
 .comment       0x00000030       0x31 C:\MyArduinoProjects\dds6\dds6\dds6\ArduinoCore\Debug\libArduinoCore.a(new.o)
 .comment       0x00000030       0x31 C:\MyArduinoProjects\dds6\dds6\dds6\ArduinoCore\Debug\libArduinoCore.a(wiring.o)
 .comment       0x00000030       0x31 c:/program files (x86)/atmel/studio/7.0/toolchain/avr8/avr8-gnu-toolchain/bin/../lib/gcc/avr/5.4.0/../../../../avr/lib/avr5\libc.a(malloc.o)
 .comment       0x00000030       0x31 c:/program files (x86)/atmel/studio/7.0/toolchain/avr8/avr8-gnu-toolchain/bin/../lib/gcc/avr/5.4.0/../../../../avr/lib/avr5\libc.a(fputs.o)
 .comment       0x00000030       0x31 c:/program files (x86)/atmel/studio/7.0/toolchain/avr8/avr8-gnu-toolchain/bin/../lib/gcc/avr/5.4.0/../../../../avr/lib/avr5\libc.a(iob.o)
 .comment       0x00000030       0x31 c:/program files (x86)/atmel/studio/7.0/toolchain/avr8/avr8-gnu-toolchain/bin/../lib/gcc/avr/5.4.0/../../../../avr/lib/avr5\libc.a(puts.o)
 .comment       0x00000030       0x31 c:/program files (x86)/atmel/studio/7.0/toolchain/avr8/avr8-gnu-toolchain/bin/../lib/gcc/avr/5.4.0/../../../../avr/lib/avr5\libc.a(sprintf.o)
 .comment       0x00000030       0x2c c:/program files (x86)/atmel/studio/7.0/toolchain/avr8/avr8-gnu-toolchain/bin/../lib/gcc/avr/5.4.0/../../../../avr/lib/avr5\libc.a(vfprintf_std.o)
                                 0x2d (size before relaxing)
 .comment       0x0000005c       0x31 c:/program files (x86)/atmel/studio/7.0/toolchain/avr8/avr8-gnu-toolchain/bin/../lib/gcc/avr/5.4.0/../../../../avr/lib/avr5\libc.a(fputc.o)

.note.gnu.avr.deviceinfo
                0x00000000       0x40
 .note.gnu.avr.deviceinfo
                0x00000000       0x40 C:/Program Files (x86)/Atmel/Studio/7.0/Packs/atmel/ATmega_DFP/1.2.150/gcc/dev/atmega328p/avr5/crtatmega328p.o

.note.gnu.build-id
 *(.note.gnu.build-id)

.debug
 *(.debug)

.line
 *(.line)

.debug_srcinfo
 *(.debug_srcinfo)

.debug_sfnames
 *(.debug_sfnames)

.debug_aranges  0x00000000      0x5a8
 *(.debug_aranges)
 .debug_aranges
                0x00000000       0x70 clock.o
 .debug_aranges
                0x00000070       0x28 dds.o
 .debug_aranges
                0x00000098       0x60 Encoder.o
 .debug_aranges
                0x000000f8       0x20 font.o
 .debug_aranges
                0x00000118       0x38 graphics.o
 .debug_aranges
                0x00000150       0x50 keyer.o
 .debug_aranges
                0x000001a0       0x48 led.o
 .debug_aranges
                0x000001e8       0x30 dds6.o
 .debug_aranges
                0x00000218       0xd0 lcd.o
 .debug_aranges
                0x000002e8       0x90 params.o
 .debug_aranges
                0x00000378       0x40 relay.o
 .debug_aranges
                0x000003b8       0x50 sw.o
 .debug_aranges
                0x00000408       0x40 timer.o
 .debug_aranges
                0x00000448       0x48 uart.o
 .debug_aranges
                0x00000490       0x78 vfo.o
 .debug_aranges
                0x00000508       0x30 C:\MyArduinoProjects\dds6\dds6\dds6\ArduinoCore\Debug\libArduinoCore.a(main.o)
 .debug_aranges
                0x00000538       0x28 C:\MyArduinoProjects\dds6\dds6\dds6\ArduinoCore\Debug\libArduinoCore.a(new.o)
 .debug_aranges
                0x00000560       0x48 C:\MyArduinoProjects\dds6\dds6\dds6\ArduinoCore\Debug\libArduinoCore.a(wiring.o)

.debug_pubnames
 *(.debug_pubnames)

.debug_info     0x00000000     0xa047
 *(.debug_info .gnu.linkonce.wi.*)
 .debug_info    0x00000000      0x5f4 C:/Program Files (x86)/Atmel/Studio/7.0/Packs/atmel/ATmega_DFP/1.2.150/gcc/dev/atmega328p/avr5/crtatmega328p.o
 .debug_info    0x000005f4      0x587 clock.o
 .debug_info    0x00000b7b      0x11f dds.o
 .debug_info    0x00000c9a      0x97b Encoder.o
 .debug_info    0x00001615       0x61 font.o
 .debug_info    0x00001676      0xa4f graphics.o
 .debug_info    0x000020c5      0xbc8 keyer.o
 .debug_info    0x00002c8d      0x5e6 led.o
 .debug_info    0x00003273     0x1e11 dds6.o
 .debug_info    0x00005084     0x14a7 lcd.o
 .debug_info    0x0000652b     0x1843 params.o
 .debug_info    0x00007d6e      0x6d1 relay.o
 .debug_info    0x0000843f      0x74a sw.o
 .debug_info    0x00008b89      0x237 timer.o
 .debug_info    0x00008dc0      0x287 uart.o
 .debug_info    0x00009047      0x9e2 vfo.o
 .debug_info    0x00009a29      0x237 C:\MyArduinoProjects\dds6\dds6\dds6\ArduinoCore\Debug\libArduinoCore.a(main.o)
 .debug_info    0x00009c60      0x11c C:\MyArduinoProjects\dds6\dds6\dds6\ArduinoCore\Debug\libArduinoCore.a(new.o)
 .debug_info    0x00009d7c      0x2cb C:\MyArduinoProjects\dds6\dds6\dds6\ArduinoCore\Debug\libArduinoCore.a(wiring.o)

.debug_abbrev   0x00000000     0x3270
 *(.debug_abbrev)
 .debug_abbrev  0x00000000      0x5a2 C:/Program Files (x86)/Atmel/Studio/7.0/Packs/atmel/ATmega_DFP/1.2.150/gcc/dev/atmega328p/avr5/crtatmega328p.o
 .debug_abbrev  0x000005a2      0x261 clock.o
 .debug_abbrev  0x00000803       0xaa dds.o
 .debug_abbrev  0x000008ad      0x36b Encoder.o
 .debug_abbrev  0x00000c18       0x14 font.o
 .debug_abbrev  0x00000c2c      0x277 graphics.o
 .debug_abbrev  0x00000ea3      0x3b3 keyer.o
 .debug_abbrev  0x00001256      0x291 led.o
 .debug_abbrev  0x000014e7      0x4e1 dds6.o
 .debug_abbrev  0x000019c8      0x47d lcd.o
 .debug_abbrev  0x00001e45      0x4d1 params.o
 .debug_abbrev  0x00002316      0x2a9 relay.o
 .debug_abbrev  0x000025bf      0x34e sw.o
 .debug_abbrev  0x0000290d      0x1ba timer.o
 .debug_abbrev  0x00002ac7      0x16f uart.o
 .debug_abbrev  0x00002c36      0x2f9 vfo.o
 .debug_abbrev  0x00002f2f      0x12d C:\MyArduinoProjects\dds6\dds6\dds6\ArduinoCore\Debug\libArduinoCore.a(main.o)
 .debug_abbrev  0x0000305c       0xce C:\MyArduinoProjects\dds6\dds6\dds6\ArduinoCore\Debug\libArduinoCore.a(new.o)
 .debug_abbrev  0x0000312a      0x146 C:\MyArduinoProjects\dds6\dds6\dds6\ArduinoCore\Debug\libArduinoCore.a(wiring.o)

.debug_line     0x00000000     0x336d
 *(.debug_line .debug_line.* .debug_line_end)
 .debug_line    0x00000000      0x133 C:/Program Files (x86)/Atmel/Studio/7.0/Packs/atmel/ATmega_DFP/1.2.150/gcc/dev/atmega328p/avr5/crtatmega328p.o
 .debug_line    0x00000133      0x2cf clock.o
 .debug_line    0x00000402      0x1c9 dds.o
 .debug_line    0x000005cb      0x2a5 Encoder.o
 .debug_line    0x00000870       0xac font.o
 .debug_line    0x0000091c      0x305 graphics.o
 .debug_line    0x00000c21      0x2b8 keyer.o
 .debug_line    0x00000ed9      0x180 led.o
 .debug_line    0x00001059      0x588 dds6.o
 .debug_line    0x000015e1      0x7e6 lcd.o
 .debug_line    0x00001dc7      0x68b params.o
 .debug_line    0x00002452      0x161 relay.o
 .debug_line    0x000025b3      0x1ff sw.o
 .debug_line    0x000027b2      0x174 timer.o
 .debug_line    0x00002926      0x183 uart.o
 .debug_line    0x00002aa9      0x397 vfo.o
 .debug_line    0x00002e40      0x165 C:\MyArduinoProjects\dds6\dds6\dds6\ArduinoCore\Debug\libArduinoCore.a(main.o)
 .debug_line    0x00002fa5      0x12f C:\MyArduinoProjects\dds6\dds6\dds6\ArduinoCore\Debug\libArduinoCore.a(new.o)
 .debug_line    0x000030d4      0x299 C:\MyArduinoProjects\dds6\dds6\dds6\ArduinoCore\Debug\libArduinoCore.a(wiring.o)

.debug_frame    0x00000000     0x1098
 *(.debug_frame)
 .debug_frame   0x00000000      0x120 clock.o
 .debug_frame   0x00000120       0x54 dds.o
 .debug_frame   0x00000174       0xe4 Encoder.o
 .debug_frame   0x00000258      0x128 graphics.o
 .debug_frame   0x00000380       0x90 keyer.o
 .debug_frame   0x00000410       0xa4 led.o
 .debug_frame   0x000004b4       0x54 dds6.o
 .debug_frame   0x00000508      0x3b8 lcd.o
 .debug_frame   0x000008c0      0x250 params.o
 .debug_frame   0x00000b10       0x9c relay.o
 .debug_frame   0x00000bac       0x84 sw.o
 .debug_frame   0x00000c30       0xac timer.o
 .debug_frame   0x00000cdc       0xa8 uart.o
 .debug_frame   0x00000d84      0x1a8 vfo.o
 .debug_frame   0x00000f2c       0x54 C:\MyArduinoProjects\dds6\dds6\dds6\ArduinoCore\Debug\libArduinoCore.a(main.o)
 .debug_frame   0x00000f80       0x54 C:\MyArduinoProjects\dds6\dds6\dds6\ArduinoCore\Debug\libArduinoCore.a(new.o)
 .debug_frame   0x00000fd4       0xc4 C:\MyArduinoProjects\dds6\dds6\dds6\ArduinoCore\Debug\libArduinoCore.a(wiring.o)

.debug_str      0x00000000     0x1c97
 *(.debug_str)
 .debug_str     0x00000000      0x208 C:/Program Files (x86)/Atmel/Studio/7.0/Packs/atmel/ATmega_DFP/1.2.150/gcc/dev/atmega328p/avr5/crtatmega328p.o
 .debug_str     0x00000208      0x42e clock.o
                                0x47c (size before relaxing)
 .debug_str     0x00000636       0x2e dds.o
                                0x1e6 (size before relaxing)
 .debug_str     0x00000664      0x331 Encoder.o
                                0x6a1 (size before relaxing)
 .debug_str     0x00000995      0x388 graphics.o
                                0x56d (size before relaxing)
 .debug_str     0x00000d1d      0x53f keyer.o
                                0x8c4 (size before relaxing)
 .debug_str     0x0000125c       0xa9 led.o
                                0x49e (size before relaxing)
 .debug_str     0x00001305      0x315 dds6.o
                                0xfd9 (size before relaxing)
 .debug_str     0x0000161a       0x93 lcd.o
                                0x6f5 (size before relaxing)
 .debug_str     0x000016ad      0x1e7 params.o
                                0xdca (size before relaxing)
 .debug_str     0x00001894       0x24 relay.o
                                0x5f1 (size before relaxing)
 .debug_str     0x000018b8       0x9a sw.o
                                0x559 (size before relaxing)
 .debug_str     0x00001952       0x5d timer.o
                                0x2b6 (size before relaxing)
 .debug_str     0x000019af       0x3e uart.o
                                0x211 (size before relaxing)
 .debug_str     0x000019ed       0x82 vfo.o
                                0x669 (size before relaxing)
 .debug_str     0x00001a6f       0x8b C:\MyArduinoProjects\dds6\dds6\dds6\ArduinoCore\Debug\libArduinoCore.a(main.o)
                                0x295 (size before relaxing)
 .debug_str     0x00001afa       0x50 C:\MyArduinoProjects\dds6\dds6\dds6\ArduinoCore\Debug\libArduinoCore.a(new.o)
                                0x1ab (size before relaxing)
 .debug_str     0x00001b4a      0x14d C:\MyArduinoProjects\dds6\dds6\dds6\ArduinoCore\Debug\libArduinoCore.a(wiring.o)
                                0x22b (size before relaxing)

.debug_loc      0x00000000     0x4c48
 *(.debug_loc)
 .debug_loc     0x00000000      0x2f7 clock.o
 .debug_loc     0x000002f7      0x171 dds.o
 .debug_loc     0x00000468      0x2d7 Encoder.o
 .debug_loc     0x0000073f      0x857 graphics.o
 .debug_loc     0x00000f96      0x1a6 keyer.o
 .debug_loc     0x0000113c      0x1bc led.o
 .debug_loc     0x000012f8      0x4cc dds6.o
 .debug_loc     0x000017c4     0x1267 lcd.o
 .debug_loc     0x00002a2b      0xd50 params.o
 .debug_loc     0x0000377b      0x16c relay.o
 .debug_loc     0x000038e7      0x1a8 sw.o
 .debug_loc     0x00003a8f      0x1da timer.o
 .debug_loc     0x00003c69      0x1f8 uart.o
 .debug_loc     0x00003e61      0xb0e vfo.o
 .debug_loc     0x0000496f       0x4c C:\MyArduinoProjects\dds6\dds6\dds6\ArduinoCore\Debug\libArduinoCore.a(new.o)
 .debug_loc     0x000049bb      0x28d C:\MyArduinoProjects\dds6\dds6\dds6\ArduinoCore\Debug\libArduinoCore.a(wiring.o)

.debug_macinfo
 *(.debug_macinfo)

.debug_weaknames
 *(.debug_weaknames)

.debug_funcnames
 *(.debug_funcnames)

.debug_typenames
 *(.debug_typenames)

.debug_varnames
 *(.debug_varnames)

.debug_pubtypes
 *(.debug_pubtypes)

.debug_ranges   0x00000000      0x4a8
 *(.debug_ranges)
 .debug_ranges  0x00000000       0x60 clock.o
 .debug_ranges  0x00000060       0x18 dds.o
 .debug_ranges  0x00000078       0x50 Encoder.o
 .debug_ranges  0x000000c8       0x28 graphics.o
 .debug_ranges  0x000000f0       0x40 keyer.o
 .debug_ranges  0x00000130       0x38 led.o
 .debug_ranges  0x00000168       0x38 dds6.o
 .debug_ranges  0x000001a0       0xc0 lcd.o
 .debug_ranges  0x00000260       0x80 params.o
 .debug_ranges  0x000002e0       0x30 relay.o
 .debug_ranges  0x00000310       0x40 sw.o
 .debug_ranges  0x00000350       0x30 timer.o
 .debug_ranges  0x00000380       0x38 uart.o
 .debug_ranges  0x000003b8       0x80 vfo.o
 .debug_ranges  0x00000438       0x20 C:\MyArduinoProjects\dds6\dds6\dds6\ArduinoCore\Debug\libArduinoCore.a(main.o)
 .debug_ranges  0x00000458       0x18 C:\MyArduinoProjects\dds6\dds6\dds6\ArduinoCore\Debug\libArduinoCore.a(new.o)
 .debug_ranges  0x00000470       0x38 C:\MyArduinoProjects\dds6\dds6\dds6\ArduinoCore\Debug\libArduinoCore.a(wiring.o)

.debug_macro
 *(.debug_macro)
OUTPUT(dds6.elf elf32-avr)
LOAD linker stubs
